Archive member included to satisfy reference by file (symbol)

/usr/lib/gcc/arm-none-eabi/13.2.1/../../../arm-none-eabi/lib/thumb/v7e-m+dp/hard/libc_nano.a(libc_a-init.o)
                              /usr/lib/gcc/arm-none-eabi/13.2.1/../../../arm-none-eabi/lib/thumb/v7e-m+dp/hard/crt0.o (__libc_init_array)
/usr/lib/gcc/arm-none-eabi/13.2.1/../../../arm-none-eabi/lib/thumb/v7e-m+dp/hard/libc_nano.a(libc_a-memset.o)
                              /usr/lib/gcc/arm-none-eabi/13.2.1/../../../arm-none-eabi/lib/thumb/v7e-m+dp/hard/crt0.o (memset)
/usr/lib/gcc/arm-none-eabi/13.2.1/../../../arm-none-eabi/lib/thumb/v7e-m+dp/hard/libc_nano.a(libc_a-errno.o)
                              build/sysmem.o (__errno)
/usr/lib/gcc/arm-none-eabi/13.2.1/../../../arm-none-eabi/lib/thumb/v7e-m+dp/hard/libc_nano.a(libc_a-exit.o)
                              /usr/lib/gcc/arm-none-eabi/13.2.1/../../../arm-none-eabi/lib/thumb/v7e-m+dp/hard/crt0.o (exit)
/usr/lib/gcc/arm-none-eabi/13.2.1/../../../arm-none-eabi/lib/thumb/v7e-m+dp/hard/libc_nano.a(libc_a-atexit.o)
                              /usr/lib/gcc/arm-none-eabi/13.2.1/../../../arm-none-eabi/lib/thumb/v7e-m+dp/hard/crt0.o (atexit)
/usr/lib/gcc/arm-none-eabi/13.2.1/../../../arm-none-eabi/lib/thumb/v7e-m+dp/hard/libc_nano.a(libc_a-printf.o)
                              build/can.o (printf)
/usr/lib/gcc/arm-none-eabi/13.2.1/../../../arm-none-eabi/lib/thumb/v7e-m+dp/hard/libc_nano.a(libc_a-nano-vfprintf.o)
                              /usr/lib/gcc/arm-none-eabi/13.2.1/../../../arm-none-eabi/lib/thumb/v7e-m+dp/hard/libc_nano.a(libc_a-printf.o) (_vfprintf_r)
/usr/lib/gcc/arm-none-eabi/13.2.1/../../../arm-none-eabi/lib/thumb/v7e-m+dp/hard/libc_nano.a(libc_a-fini.o)
                              /usr/lib/gcc/arm-none-eabi/13.2.1/../../../arm-none-eabi/lib/thumb/v7e-m+dp/hard/crt0.o (__libc_fini_array)
/usr/lib/gcc/arm-none-eabi/13.2.1/../../../arm-none-eabi/lib/thumb/v7e-m+dp/hard/libc_nano.a(libc_a-wbuf.o)
                              /usr/lib/gcc/arm-none-eabi/13.2.1/../../../arm-none-eabi/lib/thumb/v7e-m+dp/hard/libc_nano.a(libc_a-nano-vfprintf.o) (__swbuf_r)
/usr/lib/gcc/arm-none-eabi/13.2.1/../../../arm-none-eabi/lib/thumb/v7e-m+dp/hard/libc_nano.a(libc_a-impure.o)
                              /usr/lib/gcc/arm-none-eabi/13.2.1/../../../arm-none-eabi/lib/thumb/v7e-m+dp/hard/libc_nano.a(libc_a-errno.o) (_impure_ptr)
/usr/lib/gcc/arm-none-eabi/13.2.1/../../../arm-none-eabi/lib/thumb/v7e-m+dp/hard/libc_nano.a(libc_a-fvwrite.o)
                              /usr/lib/gcc/arm-none-eabi/13.2.1/../../../arm-none-eabi/lib/thumb/v7e-m+dp/hard/libc_nano.a(libc_a-nano-vfprintf.o) (__sfvwrite_r)
/usr/lib/gcc/arm-none-eabi/13.2.1/../../../arm-none-eabi/lib/thumb/v7e-m+dp/hard/libc_nano.a(libc_a-findfp.o)
                              /usr/lib/gcc/arm-none-eabi/13.2.1/../../../arm-none-eabi/lib/thumb/v7e-m+dp/hard/libc_nano.a(libc_a-nano-vfprintf.o) (__sinit)
/usr/lib/gcc/arm-none-eabi/13.2.1/../../../arm-none-eabi/lib/thumb/v7e-m+dp/hard/libc_nano.a(libc_a-fflush.o)
                              /usr/lib/gcc/arm-none-eabi/13.2.1/../../../arm-none-eabi/lib/thumb/v7e-m+dp/hard/libc_nano.a(libc_a-wbuf.o) (_fflush_r)
/usr/lib/gcc/arm-none-eabi/13.2.1/../../../arm-none-eabi/lib/thumb/v7e-m+dp/hard/libc_nano.a(libc_a-mallocr.o)
                              /usr/lib/gcc/arm-none-eabi/13.2.1/../../../arm-none-eabi/lib/thumb/v7e-m+dp/hard/libc_nano.a(libc_a-fvwrite.o) (_malloc_r)
/usr/lib/gcc/arm-none-eabi/13.2.1/../../../arm-none-eabi/lib/thumb/v7e-m+dp/hard/libc_nano.a(libc_a-freer.o)
                              /usr/lib/gcc/arm-none-eabi/13.2.1/../../../arm-none-eabi/lib/thumb/v7e-m+dp/hard/libc_nano.a(libc_a-fvwrite.o) (_free_r)
/usr/lib/gcc/arm-none-eabi/13.2.1/../../../arm-none-eabi/lib/thumb/v7e-m+dp/hard/libc_nano.a(libc_a-memmove.o)
                              /usr/lib/gcc/arm-none-eabi/13.2.1/../../../arm-none-eabi/lib/thumb/v7e-m+dp/hard/libc_nano.a(libc_a-fvwrite.o) (memmove)
/usr/lib/gcc/arm-none-eabi/13.2.1/../../../arm-none-eabi/lib/thumb/v7e-m+dp/hard/libc_nano.a(libc_a-fwalk.o)
                              /usr/lib/gcc/arm-none-eabi/13.2.1/../../../arm-none-eabi/lib/thumb/v7e-m+dp/hard/libc_nano.a(libc_a-findfp.o) (_fwalk_sglue)
/usr/lib/gcc/arm-none-eabi/13.2.1/../../../arm-none-eabi/lib/thumb/v7e-m+dp/hard/libc_nano.a(libc_a-memchr.o)
                              /usr/lib/gcc/arm-none-eabi/13.2.1/../../../arm-none-eabi/lib/thumb/v7e-m+dp/hard/libc_nano.a(libc_a-nano-vfprintf.o) (memchr)
/usr/lib/gcc/arm-none-eabi/13.2.1/../../../arm-none-eabi/lib/thumb/v7e-m+dp/hard/libc_nano.a(libc_a-wsetup.o)
                              /usr/lib/gcc/arm-none-eabi/13.2.1/../../../arm-none-eabi/lib/thumb/v7e-m+dp/hard/libc_nano.a(libc_a-nano-vfprintf.o) (__swsetup_r)
/usr/lib/gcc/arm-none-eabi/13.2.1/../../../arm-none-eabi/lib/thumb/v7e-m+dp/hard/libc_nano.a(libc_a-memcpy.o)
[...]
Memory Configuration

Name             Origin             Length             Attributes
RAM              0x20000000         0x00080000         xrw
FLASH            0x08000000         0x00200000         xr
*default*        0x00000000         0xffffffff

Linker script and memory map

LOAD /usr/lib/gcc/arm-none-eabi/13.2.1/thumb/v7e-m+dp/hard/crti.o
LOAD /usr/lib/gcc/arm-none-eabi/13.2.1/thumb/v7e-m+dp/hard/crtbegin.o
LOAD /usr/lib/gcc/arm-none-eabi/13.2.1/../../../arm-none-eabi/lib/thumb/v7e-m+dp/hard/crt0.o
LOAD build/main.o
LOAD build/gpio.o
LOAD build/can.o
LOAD build/eth.o
LOAD build/usart.o
LOAD build/usb_otg.o
LOAD build/stm32f7xx_it.o
LOAD build/stm32f7xx_hal_msp.o
LOAD build/stm32f7xx_hal_can.o
LOAD build/stm32f7xx_hal_rcc.o
LOAD build/stm32f7xx_hal_rcc_ex.o
LOAD build/stm32f7xx_hal_flash.o
LOAD build/stm32f7xx_hal_flash_ex.o
LOAD build/stm32f7xx_hal_gpio.o
LOAD build/stm32f7xx_hal_dma.o
LOAD build/stm32f7xx_hal_dma_ex.o
LOAD build/stm32f7xx_hal_pwr.o
LOAD build/stm32f7xx_hal_pwr_ex.o
LOAD build/stm32f7xx_hal_cortex.o
LOAD build/stm32f7xx_hal.o
LOAD build/stm32f7xx_hal_i2c.o
LOAD build/stm32f7xx_hal_i2c_ex.o
LOAD build/stm32f7xx_hal_exti.o
LOAD build/stm32f7xx_hal_eth.o
LOAD build/stm32f7xx_hal_uart.o
LOAD build/stm32f7xx_hal_uart_ex.o
LOAD build/stm32f7xx_hal_pcd.o
LOAD build/stm32f7xx_hal_pcd_ex.o
LOAD build/stm32f7xx_ll_usb.o
LOAD build/system_stm32f7xx.o
LOAD build/sysmem.o
LOAD build/syscalls.o
LOAD build/startup_stm32f767xx.o
LOAD /usr/lib/gcc/arm-none-eabi/13.2.1/../../../arm-none-eabi/lib/thumb/v7e-m+dp/hard/libc_nano.a
LOAD /usr/lib/gcc/arm-none-eabi/13.2.1/../../../arm-none-eabi/lib/thumb/v7e-m+dp/hard/libm.a
LOAD /usr/lib/gcc/arm-none-eabi/13.2.1/../../../arm-none-eabi/lib/thumb/v7e-m+dp/hard/libnosys.a
START GROUP
LOAD /usr/lib/gcc/arm-none-eabi/13.2.1/thumb/v7e-m+dp/hard/libgcc.a
LOAD /usr/lib/gcc/arm-none-eabi/13.2.1/../../../arm-none-eabi/lib/thumb/v7e-m+dp/hard/libc_nano.a
END GROUP
START GROUP
LOAD /usr/lib/gcc/arm-none-eabi/13.2.1/thumb/v7e-m+dp/hard/libgcc.a
LOAD /usr/lib/gcc/arm-none-eabi/13.2.1/../../../arm-none-eabi/lib/thumb/v7e-m+dp/hard/libc_nano.a
END GROUP
LOAD /usr/lib/gcc/arm-none-eabi/13.2.1/thumb/v7e-m+dp/hard/crtend.o
LOAD /usr/lib/gcc/arm-none-eabi/13.2.1/thumb/v7e-m+dp/hard/crtn.o
                0x20080000                        _estack = (ORIGIN (RAM) + LENGTH (RAM))
                0x00000200                        _Min_Heap_Size = 0x200
                0x00000400                        _Min_Stack_Size = 0x400

.isr_vector     0x08000000      0x1f8
                0x08000000                        . = ALIGN (0x4)
 *(.isr_vector)
 .isr_vector    0x08000000      0x1f8 build/startup_stm32f767xx.o
                0x08000000                g_pfnVectors
                0x080001f8                        . = ALIGN (0x4)

.text           0x08000200     0x4ce8
                0x08000200                        . = ALIGN (0x4)
 *(.text)
 .text          0x08000200       0x88 /usr/lib/gcc/arm-none-eabi/13.2.1/thumb/v7e-m+dp/hard/crtbegin.o
 .text          0x08000288       0x50 /usr/lib/gcc/arm-none-eabi/13.2.1/../../../arm-none-eabi/lib/thumb/v7e-m+dp/hard/libc_nano.a(libc_a-init.o)
                0x08000288                __libc_init_array
 .text          0x080002d8       0xa4 /usr/lib/gcc/arm-none-eabi/13.2.1/../../../arm-none-eabi/lib/thumb/v7e-m+dp/hard/libc_nano.a(libc_a-memset.o)
                0x080002d8                memset
 .text          0x0800037c        0xc /usr/lib/gcc/arm-none-eabi/13.2.1/../../../arm-none-eabi/lib/thumb/v7e-m+dp/hard/libc_nano.a(libc_a-errno.o)
                0x0800037c                __errno
 .text          0x08000388       0x48 /usr/lib/gcc/arm-none-eabi/13.2.1/../../../arm-none-eabi/lib/thumb/v7e-m+dp/hard/libc_nano.a(libc_a-printf.o)
                0x08000388                _printf_r
                0x08000388                _iprintf_r
                0x080003a8                printf
                0x080003a8                iprintf
 .text          0x080003d0      0x314 /usr/lib/gcc/arm-none-eabi/13.2.1/../../../arm-none-eabi/lib/thumb/v7e-m+dp/hard/libc_nano.a(libc_a-nano-vfprintf.o)
                0x0800040c                __sfputs_r
                0x0800043c                __sprint_r
                0x0800045c                _vfiprintf_r
                0x0800045c                _vfprintf_r
                0x080006c8                vfiprintf
                0x080006c8                vfprintf
 .text          0x080006e4       0xa0 /usr/lib/gcc/arm-none-eabi/13.2.1/../../../arm-none-eabi/lib/thumb/v7e-m+dp/hard/libc_nano.a(libc_a-wbuf.o)
                0x080006e4                __swbuf_r
                0x0800076c                __swbuf
 .text          0x08000784      0x300 /usr/lib/gcc/arm-none-eabi/13.2.1/../../../arm-none-eabi/lib/thumb/v7e-m+dp/hard/libc_nano.a(libc_a-fvwrite.o)
                0x08000784                __sfvwrite_r
 .text          0x08000a84      0x224 /usr/lib/gcc/arm-none-eabi/13.2.1/../../../arm-none-eabi/lib/thumb/v7e-m+dp/hard/libc_nano.a(libc_a-findfp.o)
                0x08000bb4                __sfp
                0x08000c58                __sinit
                0x08000c78                __sfp_lock_acquire
                0x08000c7c                __sfp_lock_release
                0x08000c80                __fp_lock_all
                0x08000c94                __fp_unlock_all
 .text          0x08000ca8      0x1a8 /usr/lib/gcc/arm-none-eabi/13.2.1/../../../arm-none-eabi/lib/thumb/v7e-m+dp/hard/libc_nano.a(libc_a-fflush.o)
                0x08000ca8                __sflush_r
                0x08000dcc                _fflush_r
                0x08000e04                fflush
 .text          0x08000e50      0x148 /usr/lib/gcc/arm-none-eabi/13.2.1/../../../arm-none-eabi/lib/thumb/v7e-m+dp/hard/libc_nano.a(libc_a-mallocr.o)
                0x08000e98                _malloc_r
 .text          0x08000f98       0xbc /usr/lib/gcc/arm-none-eabi/13.2.1/../../../arm-none-eabi/lib/thumb/v7e-m+dp/hard/libc_nano.a(libc_a-freer.o)
                0x08000f98                _free_r
 .text          0x08001054      0x100 /usr/lib/gcc/arm-none-eabi/13.2.1/../../../arm-none-eabi/lib/thumb/v7e-m+dp/hard/libc_nano.a(libc_a-memmove.o)
                0x08001054                memmove
 .text          0x08001154       0x44 /usr/lib/gcc/arm-none-eabi/13.2.1/../../../arm-none-eabi/lib/thumb/v7e-m+dp/hard/libc_nano.a(libc_a-fwalk.o)
                0x08001154                _fwalk_sglue
 *fill*         0x08001198        0x8 
 .text          0x080011a0       0xa0 /usr/lib/gcc/arm-none-eabi/13.2.1/../../../arm-none-eabi/lib/thumb/v7e-m+dp/hard/libc_nano.a(libc_a-memchr.o)
                0x080011a0                memchr
 .text          0x08001240       0xc4 /usr/lib/gcc/arm-none-eabi/13.2.1/../../../arm-none-eabi/lib/thumb/v7e-m+dp/hard/libc_nano.a(libc_a-wsetup.o)
                0x08001240                __swsetup_r
 .text          0x08001304      0x134 /usr/lib/gcc/arm-none-eabi/13.2.1/../../../arm-none-eabi/lib/thumb/v7e-m+dp/hard/libc_nano.a(libc_a-memcpy.o)
                0x08001304                memcpy
 .text          0x08001438       0x64 /usr/lib/gcc/arm-none-eabi/13.2.1/../../../arm-none-eabi/lib/thumb/v7e-m+dp/hard/libc_nano.a(libc_a-reallocr.o)
                0x08001438                _realloc_r
 .text          0x0800149c      0x3a8 /usr/lib/gcc/arm-none-eabi/13.2.1/../../../arm-none-eabi/lib/thumb/v7e-m+dp/hard/libc_nano.a(libc_a-nano-vfprintf_i.o)
                0x0800149c                _printf_common
                0x080015c0                _printf_i
 .text          0x08001844        0x8 /usr/lib/gcc/arm-none-eabi/13.2.1/../../../arm-none-eabi/lib/thumb/v7e-m+dp/hard/libc_nano.a(libc_a-mlock.o)
                0x08001844                __malloc_lock
                0x08001848                __malloc_unlock
 .text          0x0800184c      0x114 /usr/lib/gcc/arm-none-eabi/13.2.1/../../../arm-none-eabi/lib/thumb/v7e-m+dp/hard/libc_nano.a(libc_a-makebuf.o)
                0x0800184c                __smakebuf_r
                0x08001910                __swhatbuf_r
 .text          0x08001960       0x24 /usr/lib/gcc/arm-none-eabi/13.2.1/../../../arm-none-eabi/lib/thumb/v7e-m+dp/hard/libc_nano.a(libc_a-isattyr.o)
                0x08001960                _isatty_r
 .text          0x08001984       0x24 /usr/lib/gcc/arm-none-eabi/13.2.1/../../../arm-none-eabi/lib/thumb/v7e-m+dp/hard/libc_nano.a(libc_a-sbrkr.o)
                0x08001984                _sbrk_r
 .text          0x080019a8       0x94 /usr/lib/gcc/arm-none-eabi/13.2.1/../../../arm-none-eabi/lib/thumb/v7e-m+dp/hard/libc_nano.a(libc_a-stdio.o)
                0x080019a8                __sread
                0x080019cc                __seofread
                0x080019d0                __swrite
                0x08001a10                __sseek
                0x08001a34                __sclose
 .text          0x08001a3c       0x10 /usr/lib/gcc/arm-none-eabi/13.2.1/../../../arm-none-eabi/lib/thumb/v7e-m+dp/hard/libc_nano.a(libc_a-msizer.o)
                0x08001a3c                _malloc_usable_size_r
 .text          0x08001a4c       0x24 /usr/lib/gcc/arm-none-eabi/13.2.1/../../../arm-none-eabi/lib/thumb/v7e-m+dp/hard/libc_nano.a(libc_a-closer.o)
                0x08001a4c                _close_r
 .text          0x08001a70       0x2c /usr/lib/gcc/arm-none-eabi/13.2.1/../../../arm-none-eabi/lib/thumb/v7e-m+dp/hard/libc_nano.a(libc_a-readr.o)
                0x08001a70                _read_r
 .text          0x08001a9c       0x2c /usr/lib/gcc/arm-none-eabi/13.2.1/../../../arm-none-eabi/lib/thumb/v7e-m+dp/hard/libc_nano.a(libc_a-fstatr.o)
                0x08001a9c                _fstat_r
 .text          0x08001ac8       0x2c /usr/lib/gcc/arm-none-eabi/13.2.1/../../../arm-none-eabi/lib/thumb/v7e-m+dp/hard/libc_nano.a(libc_a-lseekr.o)
                0x08001ac8                _lseek_r
 .text          0x08001af4       0x2c /usr/lib/gcc/arm-none-eabi/13.2.1/../../../arm-none-eabi/lib/thumb/v7e-m+dp/hard/libc_nano.a(libc_a-writer.o)
                0x08001af4                _write_r
 .text          0x08001b20       0x30 /usr/lib/gcc/arm-none-eabi/13.2.1/thumb/v7e-m+dp/hard/libgcc.a(_aeabi_uldivmod.o)
                0x08001b20                __aeabi_uldivmod
 .text          0x08001b50      0x2bc /usr/lib/gcc/arm-none-eabi/13.2.1/thumb/v7e-m+dp/hard/libgcc.a(_udivmoddi4.o)
                0x08001b50                __udivmoddi4
 .text          0x08001e0c        0x4 /usr/lib/gcc/arm-none-eabi/13.2.1/thumb/v7e-m+dp/hard/libgcc.a(_dvmd_tls.o)
                0x08001e0c                __aeabi_ldiv0
                0x08001e0c                __aeabi_idiv0
 *(.text*)
 .text.MPU_Config
                0x08001e10       0x52 build/main.o
 *fill*         0x08001e62        0x2 
 .text.__io_putchar
                0x08001e64       0x20 build/main.o
                0x08001e64                __io_putchar
 .text.Error_Handler
                0x08001e84        0x4 build/main.o
                0x08001e84                Error_Handler
 .text.SystemClock_Config
                0x08001e88       0xb4 build/main.o
                0x08001e88                SystemClock_Config
 .text.main     0x08001f3c       0x28 build/main.o
                0x08001f3c                main
 .text.MX_GPIO_Init
                0x08001f64       0xfc build/gpio.o
                0x08001f64                MX_GPIO_Init
 .text.MX_CAN1_Init
                0x08002060       0x40 build/can.o
                0x08002060                MX_CAN1_Init
 .text.HAL_CAN_MspInit
                0x080020a0       0x78 build/can.o
                0x080020a0                HAL_CAN_MspInit
 .text.CAN_Init_Interrupts
                0x08002118       0x48 build/can.o
                0x08002118                CAN_Init_Interrupts
 .text.HAL_CAN_RxFifo0MsgPendingCallback
                0x08002160       0x50 build/can.o
                0x08002160                HAL_CAN_RxFifo0MsgPendingCallback
 .text.MX_ETH_Init
                0x080021b0       0x70 build/eth.o
                0x080021b0                MX_ETH_Init
 .text.HAL_ETH_MspInit
                0x08002220      0x10c build/eth.o
                0x08002220                HAL_ETH_MspInit
 .text.MX_USART3_UART_Init
                0x0800232c       0x38 build/usart.o
                0x0800232c                MX_USART3_UART_Init
 .text.HAL_UART_MspInit
                0x08002364       0x8c build/usart.o
                0x08002364                HAL_UART_MspInit
 .text.MX_USB_OTG_FS_PCD_Init
                0x080023f0       0x38 build/usb_otg.o
                0x080023f0                MX_USB_OTG_FS_PCD_Init
 .text.HAL_PCD_MspInit
                0x08002428       0xb0 build/usb_otg.o
                0x08002428                HAL_PCD_MspInit
 .text.NMI_Handler
                0x080024d8        0x2 build/stm32f7xx_it.o
                0x080024d8                NMI_Handler
 .text.HardFault_Handler
                0x080024da        0x2 build/stm32f7xx_it.o
                0x080024da                HardFault_Handler
 .text.MemManage_Handler
                0x080024dc        0x2 build/stm32f7xx_it.o
                0x080024dc                MemManage_Handler
 .text.BusFault_Handler
                0x080024de        0x2 build/stm32f7xx_it.o
                0x080024de                BusFault_Handler
 .text.UsageFault_Handler
                0x080024e0        0x2 build/stm32f7xx_it.o
                0x080024e0                UsageFault_Handler
 .text.SVC_Handler
                0x080024e2        0x2 build/stm32f7xx_it.o
                0x080024e2                SVC_Handler
 .text.DebugMon_Handler
                0x080024e4        0x2 build/stm32f7xx_it.o
                0x080024e4                DebugMon_Handler
 .text.PendSV_Handler
                0x080024e6        0x2 build/stm32f7xx_it.o
                0x080024e6                PendSV_Handler
 .text.SysTick_Handler
                0x080024e8        0x8 build/stm32f7xx_it.o
                0x080024e8                SysTick_Handler
 .text.CAN1_RX0_IRQHandler
                0x080024f0       0x10 build/stm32f7xx_it.o
                0x080024f0                CAN1_RX0_IRQHandler
 .text.HAL_MspInit
                0x08002500       0x30 build/stm32f7xx_hal_msp.o
                0x08002500                HAL_MspInit
 .text.HAL_CAN_Init
                0x08002530      0x14c build/stm32f7xx_hal_can.o
                0x08002530                HAL_CAN_Init
 .text.HAL_CAN_ConfigFilter
                0x0800267c      0x13c build/stm32f7xx_hal_can.o
                0x0800267c                HAL_CAN_ConfigFilter
 .text.HAL_CAN_Start
                0x080027b8       0x5c build/stm32f7xx_hal_can.o
                0x080027b8                HAL_CAN_Start
 .text.HAL_CAN_GetRxMessage
                0x08002814      0x16a build/stm32f7xx_hal_can.o
                0x08002814                HAL_CAN_GetRxMessage
 .text.HAL_CAN_ActivateNotification
                0x0800297e       0x24 build/stm32f7xx_hal_can.o
                0x0800297e                HAL_CAN_ActivateNotification
 .text.HAL_CAN_TxMailbox0CompleteCallback
                0x080029a2        0x2 build/stm32f7xx_hal_can.o
                0x080029a2                HAL_CAN_TxMailbox0CompleteCallback
 .text.HAL_CAN_TxMailbox1CompleteCallback
                0x080029a4        0x2 build/stm32f7xx_hal_can.o
                0x080029a4                HAL_CAN_TxMailbox1CompleteCallback
 .text.HAL_CAN_TxMailbox2CompleteCallback
                0x080029a6        0x2 build/stm32f7xx_hal_can.o
                0x080029a6                HAL_CAN_TxMailbox2CompleteCallback
 .text.HAL_CAN_TxMailbox0AbortCallback
                0x080029a8        0x2 build/stm32f7xx_hal_can.o
                0x080029a8                HAL_CAN_TxMailbox0AbortCallback
 .text.HAL_CAN_TxMailbox1AbortCallback
                0x080029aa        0x2 build/stm32f7xx_hal_can.o
                0x080029aa                HAL_CAN_TxMailbox1AbortCallback
 .text.HAL_CAN_TxMailbox2AbortCallback
                0x080029ac        0x2 build/stm32f7xx_hal_can.o
                0x080029ac                HAL_CAN_TxMailbox2AbortCallback
 .text.HAL_CAN_RxFifo0FullCallback
                0x080029ae        0x2 build/stm32f7xx_hal_can.o
                0x080029ae                HAL_CAN_RxFifo0FullCallback
 .text.HAL_CAN_RxFifo1MsgPendingCallback
                0x080029b0        0x2 build/stm32f7xx_hal_can.o
                0x080029b0                HAL_CAN_RxFifo1MsgPendingCallback
 .text.HAL_CAN_RxFifo1FullCallback
                0x080029b2        0x2 build/stm32f7xx_hal_can.o
                0x080029b2                HAL_CAN_RxFifo1FullCallback
 .text.HAL_CAN_SleepCallback
                0x080029b4        0x2 build/stm32f7xx_hal_can.o
                0x080029b4                HAL_CAN_SleepCallback
 .text.HAL_CAN_WakeUpFromRxMsgCallback
                0x080029b6        0x2 build/stm32f7xx_hal_can.o
                0x080029b6                HAL_CAN_WakeUpFromRxMsgCallback
 .text.HAL_CAN_ErrorCallback
                0x080029b8        0x2 build/stm32f7xx_hal_can.o
                0x080029b8                HAL_CAN_ErrorCallback
 .text.HAL_CAN_IRQHandler
                0x080029ba      0x250 build/stm32f7xx_hal_can.o
                0x080029ba                HAL_CAN_IRQHandler
 *fill*         0x08002c0a        0x2 
 .text.HAL_RCC_OscConfig
                0x08002c0c      0x444 build/stm32f7xx_hal_rcc.o
                0x08002c0c                HAL_RCC_OscConfig
 .text.HAL_RCC_GetSysClockFreq
                0x08003050       0xdc build/stm32f7xx_hal_rcc.o
                0x08003050                HAL_RCC_GetSysClockFreq
 .text.HAL_RCC_ClockConfig
                0x0800312c      0x16c build/stm32f7xx_hal_rcc.o
                0x0800312c                HAL_RCC_ClockConfig
 .text.HAL_RCC_GetHCLKFreq
                0x08003298        0xc build/stm32f7xx_hal_rcc.o
                0x08003298                HAL_RCC_GetHCLKFreq
 .text.HAL_RCC_GetPCLK1Freq
                0x080032a4       0x20 build/stm32f7xx_hal_rcc.o
                0x080032a4                HAL_RCC_GetPCLK1Freq
 .text.HAL_RCC_GetPCLK2Freq
                0x080032c4       0x20 build/stm32f7xx_hal_rcc.o
                0x080032c4                HAL_RCC_GetPCLK2Freq
 .text.HAL_RCCEx_PeriphCLKConfig
                0x080032e4      0x600 build/stm32f7xx_hal_rcc_ex.o
                0x080032e4                HAL_RCCEx_PeriphCLKConfig
 .text.HAL_GPIO_Init
                0x080038e4      0x204 build/stm32f7xx_hal_gpio.o
                0x080038e4                HAL_GPIO_Init
 .text.HAL_GPIO_WritePin
                0x08003ae8        0xc build/stm32f7xx_hal_gpio.o
                0x08003ae8                HAL_GPIO_WritePin
 .text.HAL_PWR_EnableBkUpAccess
                0x08003af4       0x10 build/stm32f7xx_hal_pwr.o
                0x08003af4                HAL_PWR_EnableBkUpAccess
 .text.HAL_PWREx_EnableOverDrive
                0x08003b04       0x7c build/stm32f7xx_hal_pwr_ex.o
                0x08003b04                HAL_PWREx_EnableOverDrive
 .text.__NVIC_SetPriority
                0x08003b80       0x24 build/stm32f7xx_hal_cortex.o
 .text.NVIC_EncodePriority
                0x08003ba4       0x3e build/stm32f7xx_hal_cortex.o
 *fill*         0x08003be2        0x2 
 .text.HAL_NVIC_SetPriorityGrouping
                0x08003be4       0x24 build/stm32f7xx_hal_cortex.o
                0x08003be4                HAL_NVIC_SetPriorityGrouping
 .text.HAL_NVIC_SetPriority
                0x08003c08       0x20 build/stm32f7xx_hal_cortex.o
                0x08003c08                HAL_NVIC_SetPriority
 .text.HAL_NVIC_EnableIRQ
                0x08003c28       0x1c build/stm32f7xx_hal_cortex.o
                0x08003c28                HAL_NVIC_EnableIRQ
 .text.HAL_SYSTICK_Config
                0x08003c44       0x28 build/stm32f7xx_hal_cortex.o
                0x08003c44                HAL_SYSTICK_Config
 .text.HAL_MPU_Disable
                0x08003c6c       0x1c build/stm32f7xx_hal_cortex.o
                0x08003c6c                HAL_MPU_Disable
 .text.HAL_MPU_Enable
                0x08003c88       0x20 build/stm32f7xx_hal_cortex.o
                0x08003c88                HAL_MPU_Enable
 .text.HAL_MPU_ConfigRegion
                0x08003ca8       0x58 build/stm32f7xx_hal_cortex.o
                0x08003ca8                HAL_MPU_ConfigRegion
 .text.HAL_InitTick
                0x08003d00       0x4c build/stm32f7xx_hal.o
                0x08003d00                HAL_InitTick
 .text.HAL_Init
                0x08003d4c       0x16 build/stm32f7xx_hal.o
                0x08003d4c                HAL_Init
 *fill*         0x08003d62        0x2 
 .text.HAL_IncTick
                0x08003d64       0x18 build/stm32f7xx_hal.o
                0x08003d64                HAL_IncTick
 .text.HAL_GetTick
                0x08003d7c        0xc build/stm32f7xx_hal.o
                0x08003d7c                HAL_GetTick
 .text.HAL_Delay
                0x08003d88       0x28 build/stm32f7xx_hal.o
                0x08003d88                HAL_Delay
 .text.ETH_MACAddressConfig
                0x08003db0       0x30 build/stm32f7xx_hal_eth.o
 .text.ETH_DMATxDescListInit
                0x08003de0       0x6e build/stm32f7xx_hal_eth.o
 .text.ETH_DMARxDescListInit
                0x08003e4e       0x7e build/stm32f7xx_hal_eth.o
 .text.ETH_SetMACConfig
                0x08003ecc      0x100 build/stm32f7xx_hal_eth.o
 .text.ETH_SetDMAConfig
                0x08003fcc       0xc0 build/stm32f7xx_hal_eth.o
 .text.ETH_MACDMAConfig
                0x0800408c       0xa6 build/stm32f7xx_hal_eth.o
 *fill*         0x08004132        0x2 
 .text.HAL_ETH_Init
                0x08004134       0xe8 build/stm32f7xx_hal_eth.o
                0x08004134                HAL_ETH_Init
 .text.UART_EndRxTransfer
                0x0800421c       0x52 build/stm32f7xx_hal_uart.o
 *fill*         0x0800426e        0x2 
 .text.UART_SetConfig
                0x08004270      0x328 build/stm32f7xx_hal_uart.o
                0x08004270                UART_SetConfig
 .text.UART_AdvFeatureConfig
                0x08004598       0xca build/stm32f7xx_hal_uart.o
                0x08004598                UART_AdvFeatureConfig
 .text.UART_WaitOnFlagUntilTimeout
                0x08004662       0xa6 build/stm32f7xx_hal_uart.o
                0x08004662                UART_WaitOnFlagUntilTimeout
 .text.HAL_UART_Transmit
                0x08004708       0xc6 build/stm32f7xx_hal_uart.o
                0x08004708                HAL_UART_Transmit
 .text.UART_CheckIdleState
                0x080047ce       0xc6 build/stm32f7xx_hal_uart.o
                0x080047ce                UART_CheckIdleState
 .text.HAL_UART_Init
                0x08004894       0x62 build/stm32f7xx_hal_uart.o
                0x08004894                HAL_UART_Init
 .text.HAL_PCD_Init
                0x080048f6      0x112 build/stm32f7xx_hal_pcd.o
                0x080048f6                HAL_PCD_Init
 .text.HAL_PCDEx_ActivateLPM
                0x08004a08       0x28 build/stm32f7xx_hal_pcd_ex.o
                0x08004a08                HAL_PCDEx_ActivateLPM
 .text.USB_CoreReset
                0x08004a30       0x58 build/stm32f7xx_ll_usb.o
 .text.USB_CoreInit
                0x08004a88       0x84 build/stm32f7xx_ll_usb.o
                0x08004a88                USB_CoreInit
 .text.USB_DisableGlobalInt
                0x08004b0c        0xc build/stm32f7xx_ll_usb.o
                0x08004b0c                USB_DisableGlobalInt
 .text.USB_FlushTxFifo
                0x08004b18       0x4a build/stm32f7xx_ll_usb.o
                0x08004b18                USB_FlushTxFifo
 .text.USB_FlushRxFifo
                0x08004b62       0x46 build/stm32f7xx_ll_usb.o
                0x08004b62                USB_FlushRxFifo
 .text.USB_SetDevSpeed
                0x08004ba8        0xe build/stm32f7xx_ll_usb.o
                0x08004ba8                USB_SetDevSpeed
 *fill*         0x08004bb6        0x2 
 .text.USB_DevInit
                0x08004bb8      0x18c build/stm32f7xx_ll_usb.o
                0x08004bb8                USB_DevInit
 .text.USB_DevDisconnect
                0x08004d44       0x1c build/stm32f7xx_ll_usb.o
                0x08004d44                USB_DevDisconnect
 .text.USB_GetMode
                0x08004d60        0x8 build/stm32f7xx_ll_usb.o
                0x08004d60                USB_GetMode
 .text.USB_SetCurrentMode
                0x08004d68       0x62 build/stm32f7xx_ll_usb.o
                0x08004d68                USB_SetCurrentMode
 *fill*         0x08004dca        0x2 
 .text.SystemInit
                0x08004dcc       0x14 build/system_stm32f7xx.o
                0x08004dcc                SystemInit
 .text._sbrk    0x08004de0       0x48 build/sysmem.o
                0x08004de0                _sbrk
 .text._read    0x08004e28       0x20 build/syscalls.o
                0x08004e28                _read
 .text._write   0x08004e48       0x1c build/syscalls.o
                0x08004e48                _write
 .text._close   0x08004e64        0x6 build/syscalls.o
                0x08004e64                _close
 .text._fstat   0x08004e6a        0xa build/syscalls.o
                0x08004e6a                _fstat
 .text._isatty  0x08004e74        0x4 build/syscalls.o
                0x08004e74                _isatty
 .text._lseek   0x08004e78        0x4 build/syscalls.o
                0x08004e78                _lseek
 .text.Reset_Handler
                0x08004e7c       0x50 build/startup_stm32f767xx.o
                0x08004e7c                Reset_Handler
 .text.Default_Handler
                0x08004ecc        0x2 build/startup_stm32f767xx.o
                0x08004ecc                RTC_Alarm_IRQHandler
                0x08004ecc                EXTI2_IRQHandler
                0x08004ecc                TIM8_CC_IRQHandler
                0x08004ecc                UART8_IRQHandler
                0x08004ecc                SPI4_IRQHandler
                0x08004ecc                TIM1_CC_IRQHandler
                0x08004ecc                DMA2_Stream5_IRQHandler
                0x08004ecc                JPEG_IRQHandler
                0x08004ecc                DMA1_Stream5_IRQHandler
                0x08004ecc                CAN3_RX1_IRQHandler
                0x08004ecc                PVD_IRQHandler
                0x08004ecc                TAMP_STAMP_IRQHandler
                0x08004ecc                CAN2_RX1_IRQHandler
                0x08004ecc                EXTI3_IRQHandler
                0x08004ecc                TIM8_TRG_COM_TIM14_IRQHandler
                0x08004ecc                DFSDM1_FLT1_IRQHandler
                0x08004ecc                TIM1_UP_TIM10_IRQHandler
                0x08004ecc                TIM8_UP_TIM13_IRQHandler
                0x08004ecc                I2C3_ER_IRQHandler
                0x08004ecc                DFSDM1_FLT2_IRQHandler
                0x08004ecc                EXTI0_IRQHandler
                0x08004ecc                I2C2_EV_IRQHandler
                0x08004ecc                DMA1_Stream2_IRQHandler
                0x08004ecc                FPU_IRQHandler
                0x08004ecc                OTG_HS_WKUP_IRQHandler
                0x08004ecc                CAN3_SCE_IRQHandler
                0x08004ecc                LTDC_ER_IRQHandler
                0x08004ecc                CAN2_SCE_IRQHandler
                0x08004ecc                DMA2_Stream2_IRQHandler
                0x08004ecc                SPI1_IRQHandler
                0x08004ecc                TIM6_DAC_IRQHandler
                0x08004ecc                TIM1_BRK_TIM9_IRQHandler
                0x08004ecc                DCMI_IRQHandler
                0x08004ecc                CAN2_RX0_IRQHandler
                0x08004ecc                DMA2_Stream3_IRQHandler
                0x08004ecc                SAI2_IRQHandler
                0x08004ecc                DFSDM1_FLT3_IRQHandler
                0x08004ecc                USART6_IRQHandler
                0x08004ecc                CAN3_RX0_IRQHandler
                0x08004ecc                USART3_IRQHandler
                0x08004ecc                CAN1_RX1_IRQHandler
                0x08004ecc                UART5_IRQHandler
                0x08004ecc                DMA2_Stream0_IRQHandler
                0x08004ecc                TIM4_IRQHandler
                0x08004ecc                QUADSPI_IRQHandler
                0x08004ecc                I2C1_EV_IRQHandler
                0x08004ecc                DMA1_Stream6_IRQHandler
                0x08004ecc                DMA1_Stream1_IRQHandler
                0x08004ecc                UART4_IRQHandler
                0x08004ecc                TIM3_IRQHandler
                0x08004ecc                RCC_IRQHandler
                0x08004ecc                TIM8_BRK_TIM12_IRQHandler
                0x08004ecc                Default_Handler
                0x08004ecc                CEC_IRQHandler
                0x08004ecc                EXTI15_10_IRQHandler
                0x08004ecc                ADC_IRQHandler
                0x08004ecc                DMA1_Stream7_IRQHandler
                0x08004ecc                SPI5_IRQHandler
                0x08004ecc                TIM7_IRQHandler
                0x08004ecc                SDMMC1_IRQHandler
                0x08004ecc                CAN2_TX_IRQHandler
                0x08004ecc                TIM5_IRQHandler
                0x08004ecc                DMA2_Stream7_IRQHandler
                0x08004ecc                I2C3_EV_IRQHandler
                0x08004ecc                EXTI9_5_IRQHandler
                0x08004ecc                RTC_WKUP_IRQHandler
                0x08004ecc                LTDC_IRQHandler
                0x08004ecc                ETH_WKUP_IRQHandler
                0x08004ecc                SPDIF_RX_IRQHandler
                0x08004ecc                SPI2_IRQHandler
                0x08004ecc                OTG_HS_EP1_IN_IRQHandler
                0x08004ecc                DMA1_Stream0_IRQHandler
                0x08004ecc                CAN1_TX_IRQHandler
                0x08004ecc                EXTI4_IRQHandler
                0x08004ecc                RNG_IRQHandler
                0x08004ecc                ETH_IRQHandler
                0x08004ecc                OTG_HS_EP1_OUT_IRQHandler
                0x08004ecc                WWDG_IRQHandler
                0x08004ecc                SPI6_IRQHandler
                0x08004ecc                MDIOS_IRQHandler
                0x08004ecc                I2C4_EV_IRQHandler
                0x08004ecc                CAN3_TX_IRQHandler
                0x08004ecc                TIM2_IRQHandler
                0x08004ecc                OTG_FS_WKUP_IRQHandler
                0x08004ecc                TIM1_TRG_COM_TIM11_IRQHandler
                0x08004ecc                OTG_HS_IRQHandler
                0x08004ecc                DMA2D_IRQHandler
                0x08004ecc                EXTI1_IRQHandler
                0x08004ecc                SDMMC2_IRQHandler
                0x08004ecc                UART7_IRQHandler
                0x08004ecc                USART2_IRQHandler
                0x08004ecc                DFSDM1_FLT0_IRQHandler
                0x08004ecc                I2C2_ER_IRQHandler
                0x08004ecc                DMA2_Stream1_IRQHandler
                0x08004ecc                CAN1_SCE_IRQHandler
                0x08004ecc                FLASH_IRQHandler
                0x08004ecc                DMA2_Stream4_IRQHandler
                0x08004ecc                USART1_IRQHandler
                0x08004ecc                OTG_FS_IRQHandler
                0x08004ecc                SPI3_IRQHandler
                0x08004ecc                DMA1_Stream4_IRQHandler
                0x08004ecc                I2C1_ER_IRQHandler
                0x08004ecc                FMC_IRQHandler
                0x08004ecc                LPTIM1_IRQHandler
                0x08004ecc                I2C4_ER_IRQHandler
                0x08004ecc                DMA2_Stream6_IRQHandler
                0x08004ecc                SAI1_IRQHandler
                0x08004ecc                DMA1_Stream3_IRQHandler
 *(.glue_7)
 .glue_7        0x08004ece        0x0 linker stubs
 *(.glue_7t)
 .glue_7t       0x08004ece        0x0 linker stubs
 *(.eh_frame)
 *fill*         0x08004ece        0x2 
 .eh_frame      0x08004ed0        0x0 /usr/lib/gcc/arm-none-eabi/13.2.1/thumb/v7e-m+dp/hard/crtbegin.o
 *(.init)
 .init          0x08004ed0        0x4 /usr/lib/gcc/arm-none-eabi/13.2.1/thumb/v7e-m+dp/hard/crti.o
                0x08004ed0                _init
 .init          0x08004ed4        0x8 /usr/lib/gcc/arm-none-eabi/13.2.1/thumb/v7e-m+dp/hard/crtn.o
 *(.fini)
 .fini          0x08004edc        0x4 /usr/lib/gcc/arm-none-eabi/13.2.1/thumb/v7e-m+dp/hard/crti.o
                0x08004edc                _fini
 .fini          0x08004ee0        0x8 /usr/lib/gcc/arm-none-eabi/13.2.1/thumb/v7e-m+dp/hard/crtn.o
                0x08004ee8                        . = ALIGN (0x4)
                0x08004ee8                        _etext = .

.vfp11_veneer   0x08004ee8        0x0
 .vfp11_veneer  0x08004ee8        0x0 linker stubs

.v4_bx          0x08004ee8        0x0
 .v4_bx         0x08004ee8        0x0 linker stubs

.iplt           0x08004ee8        0x0
 .iplt          0x08004ee8        0x0 /usr/lib/gcc/arm-none-eabi/13.2.1/thumb/v7e-m+dp/hard/crtbegin.o

.rodata         0x08004ee8       0x5c
                0x08004ee8                        . = ALIGN (0x4)
 *(.rodata)
 *(.rodata*)
 .rodata.HAL_CAN_RxFifo0MsgPendingCallback.str1.4
                0x08004ee8       0x41 build/can.o
                                  0x7 (size before relaxing)
 *fill*         0x08004f29        0x3 
 .rodata.APBPrescTable
                0x08004f2c        0x8 build/system_stm32f7xx.o
                0x08004f2c                APBPrescTable
 .rodata.AHBPrescTable
                0x08004f34       0x10 build/system_stm32f7xx.o
                0x08004f34                AHBPrescTable
 .rodata.str1.4
                0x08004f44       0x13 /usr/lib/gcc/arm-none-eabi/13.2.1/../../../arm-none-eabi/lib/thumb/v7e-m+dp/hard/libc_nano.a(libc_a-nano-vfprintf.o)
 .rodata.str1.4
                0x08004f44       0x25 /usr/lib/gcc/arm-none-eabi/13.2.1/../../../arm-none-eabi/lib/thumb/v7e-m+dp/hard/libc_nano.a(libc_a-nano-vfprintf_i.o)
                0x08004f6c                        . = ALIGN (0x4)

.ARM.extab      0x08004f44        0x0
                0x08004f44                        . = ALIGN (0x4)
 *(.ARM.extab* .gnu.linkonce.armextab.*)
                0x08004f44                        . = ALIGN (0x4)

.ARM            0x08004f44        0x8
                0x08004f44                        . = ALIGN (0x4)
                0x08004f44                        __exidx_start = .
 *(.ARM.exidx*)
 .ARM.exidx     0x08004f44        0x8 /usr/lib/gcc/arm-none-eabi/13.2.1/../../../arm-none-eabi/lib/thumb/v7e-m+dp/hard/libc_nano.a(libc_a-memchr.o)
 .ARM.exidx     0x08004f4c        0x0 /usr/lib/gcc/arm-none-eabi/13.2.1/../../../arm-none-eabi/lib/thumb/v7e-m+dp/hard/libc_nano.a(libc_a-memcpy.o)
                                  0x8 (size before relaxing)
 .ARM.exidx     0x08004f4c        0x0 /usr/lib/gcc/arm-none-eabi/13.2.1/thumb/v7e-m+dp/hard/libgcc.a(_udivmoddi4.o)
                                  0x8 (size before relaxing)
                0x08004f4c                        __exidx_end = .
                0x08004f4c                        . = ALIGN (0x4)

.preinit_array  0x08004f4c        0x0
                0x08004f4c                        . = ALIGN (0x4)
                0x08004f4c                        PROVIDE (__preinit_array_start = .)
 *(.preinit_array*)
                0x08004f4c                        PROVIDE (__preinit_array_end = .)
                0x08004f4c                        . = ALIGN (0x4)

.init_array     0x08004f4c        0x4
                0x08004f4c                        . = ALIGN (0x4)
                0x08004f4c                        PROVIDE (__init_array_start = .)
 *(SORT_BY_NAME(.init_array.*))
 *(.init_array*)
 .init_array    0x08004f4c        0x4 /usr/lib/gcc/arm-none-eabi/13.2.1/thumb/v7e-m+dp/hard/crtbegin.o
                0x08004f50                        PROVIDE (__init_array_end = .)
                0x08004f50                        . = ALIGN (0x4)

.fini_array     0x08004f50        0x4
                0x08004f50                        . = ALIGN (0x4)
                0x08004f50                        PROVIDE (__fini_array_start = .)
 *(SORT_BY_NAME(.fini_array.*))
 *(.fini_array*)
 .fini_array    0x08004f50        0x4 /usr/lib/gcc/arm-none-eabi/13.2.1/thumb/v7e-m+dp/hard/crtbegin.o
                0x08004f54                        PROVIDE (__fini_array_end = .)
                0x08004f54                        . = ALIGN (0x4)
                0x08004f54                        _sidata = LOADADDR (.data)

.rel.dyn        0x08004f54        0x0
 .rel.iplt      0x08004f54        0x0 /usr/lib/gcc/arm-none-eabi/13.2.1/thumb/v7e-m+dp/hard/crtbegin.o

.data           0x20000000       0x68 load address 0x08004f54
                0x20000000                        . = ALIGN (0x4)
                0x20000000                        _sdata = .
 *(.data)
 .data          0x20000000       0x50 /usr/lib/gcc/arm-none-eabi/13.2.1/../../../arm-none-eabi/lib/thumb/v7e-m+dp/hard/libc_nano.a(libc_a-impure.o)
                0x20000000                _impure_ptr
                0x20000004                _impure_data
 .data          0x20000050        0xc /usr/lib/gcc/arm-none-eabi/13.2.1/../../../arm-none-eabi/lib/thumb/v7e-m+dp/hard/libc_nano.a(libc_a-findfp.o)
                0x20000050                __sglue
 *(.data*)
 .data.uwTickFreq
                0x2000005c        0x1 build/stm32f7xx_hal.o
                0x2000005c                uwTickFreq
 *fill*         0x2000005d        0x3 
 .data.uwTickPrio
                0x20000060        0x4 build/stm32f7xx_hal.o
                0x20000060                uwTickPrio
 .data.SystemCoreClock
                0x20000064        0x4 build/system_stm32f7xx.o
                0x20000064                SystemCoreClock
 *(.RamFunc)
 *(.RamFunc*)
                0x20000068                        . = ALIGN (0x4)
                0x20000068                        _edata = .

.tm_clone_table
                0x20000068        0x0 load address 0x08004fbc
 .tm_clone_table
                0x20000068        0x0 /usr/lib/gcc/arm-none-eabi/13.2.1/thumb/v7e-m+dp/hard/crtbegin.o
 .tm_clone_table
                0x20000068        0x0 /usr/lib/gcc/arm-none-eabi/13.2.1/thumb/v7e-m+dp/hard/crtend.o

.igot.plt       0x20000068        0x0 load address 0x08004fbc
 .igot.plt      0x20000068        0x0 /usr/lib/gcc/arm-none-eabi/13.2.1/thumb/v7e-m+dp/hard/crtbegin.o

.TxDecripSection
                0x20000068       0xa0 load address 0x08004fbc
 .TxDecripSection
                0x20000068       0xa0 build/eth.o
                0x20000068                DMATxDscrTab

.RxDecripSection
                0x20000108       0xa0 load address 0x0800505c
 .RxDecripSection
                0x20000108       0xa0 build/eth.o
                0x20000108                DMARxDscrTab
                0x200001a8                        . = ALIGN (0x4)

.bss            0x200001a8      0x7ec load address 0x080050fc
                0x200001a8                        _sbss = .
                0x200001a8                        __bss_start__ = _sbss
 *(.bss)
 .bss           0x200001a8       0x1c /usr/lib/gcc/arm-none-eabi/13.2.1/thumb/v7e-m+dp/hard/crtbegin.o
 .bss           0x200001c4      0x13c /usr/lib/gcc/arm-none-eabi/13.2.1/../../../arm-none-eabi/lib/thumb/v7e-m+dp/hard/libc_nano.a(libc_a-findfp.o)
                0x200001c4                __sf
                0x200002fc                __stdio_exit_handler
 .bss           0x20000300        0x8 /usr/lib/gcc/arm-none-eabi/13.2.1/../../../arm-none-eabi/lib/thumb/v7e-m+dp/hard/libc_nano.a(libc_a-mallocr.o)
                0x20000300                __malloc_sbrk_start
                0x20000304                __malloc_free_list
 .bss           0x20000308        0x4 /usr/lib/gcc/arm-none-eabi/13.2.1/../../../arm-none-eabi/lib/thumb/v7e-m+dp/hard/libc_nano.a(libc_a-reent.o)
                0x20000308                errno
 *(.bss*)
 .bss.hcan1     0x2000030c       0x28 build/can.o
                0x2000030c                hcan1
 .bss.MACAddr.0
                0x20000334        0x6 build/eth.o
 *fill*         0x2000033a        0x2 
 .bss.heth      0x2000033c       0xb0 build/eth.o
                0x2000033c                heth
 .bss.TxConfig  0x200003ec       0x38 build/eth.o
                0x200003ec                TxConfig
 .bss.huart3    0x20000424       0x88 build/usart.o
                0x20000424                huart3
 .bss.hpcd_USB_OTG_FS
                0x200004ac      0x4e0 build/usb_otg.o
                0x200004ac                hpcd_USB_OTG_FS
 .bss.uwTick    0x2000098c        0x4 build/stm32f7xx_hal.o
                0x2000098c                uwTick
 .bss.__sbrk_heap_end
                0x20000990        0x4 build/sysmem.o
 *(COMMON)
                0x20000994                        . = ALIGN (0x4)
                0x20000994                        _ebss = .
                0x20000994                        __bss_end__ = _ebss

._user_heap_stack
                0x20000994      0x604 load address 0x080050fc
                0x20000998                        . = ALIGN (0x8)
 *fill*         0x20000994        0x4 
                [!provide]                        PROVIDE (end = .)
                0x20000998                        PROVIDE (_end = .)
                0x20000b98                        . = (. + _Min_Heap_Size)
 *fill*         0x20000998      0x200 
                0x20000f98                        . = (. + _Min_Stack_Size)
 *fill*         0x20000b98      0x400 
                0x20000f98                        . = ALIGN (0x8)

/DISCARD/
 libc.a(*)
 libm.a(*)
 libgcc.a(*)
OUTPUT(build/Nova.elf elf32-littlearm)
LOAD linker stubs
LOAD /usr/lib/gcc/arm-none-eabi/13.2.1/../../../arm-none-eabi/lib/thumb/v7e-m+dp/hard/libc.a
LOAD /usr/lib/gcc/arm-none-eabi/13.2.1/../../../arm-none-eabi/lib/thumb/v7e-m+dp/hard/libm.a
LOAD /usr/lib/gcc/arm-none-eabi/13.2.1/thumb/v7e-m+dp/hard/libgcc.a

.ARM.attributes
                0x00000000       0x2e
 .ARM.attributes
                0x00000000       0x20 /usr/lib/gcc/arm-none-eabi/13.2.1/thumb/v7e-m+dp/hard/crti.o
 .ARM.attributes
                0x00000020       0x32 /usr/lib/gcc/arm-none-eabi/13.2.1/thumb/v7e-m+dp/hard/crtbegin.o
 .ARM.attributes
                0x00000052       0x32 build/main.o
 .ARM.attributes
                0x00000084       0x32 build/gpio.o
 .ARM.attributes
                0x000000b6       0x32 build/can.o
 .ARM.attributes
                0x000000e8       0x32 build/eth.o
 .ARM.attributes
                0x0000011a       0x32 build/usart.o
 .ARM.attributes
                0x0000014c       0x32 build/usb_otg.o
 .ARM.attributes
                0x0000017e       0x32 build/stm32f7xx_it.o
 .ARM.attributes
                0x000001b0       0x32 build/stm32f7xx_hal_msp.o
 .ARM.attributes
                0x000001e2       0x32 build/stm32f7xx_hal_can.o
 .ARM.attributes
                0x00000214       0x32 build/stm32f7xx_hal_rcc.o
 .ARM.attributes
                0x00000246       0x32 build/stm32f7xx_hal_rcc_ex.o
 .ARM.attributes
                0x00000278       0x32 build/stm32f7xx_hal_gpio.o
 .ARM.attributes
                0x000002aa       0x32 build/stm32f7xx_hal_pwr.o
 .ARM.attributes
                0x000002dc       0x32 build/stm32f7xx_hal_pwr_ex.o
 .ARM.attributes
                0x0000030e       0x32 build/stm32f7xx_hal_cortex.o
 .ARM.attributes
                0x00000340       0x32 build/stm32f7xx_hal.o
 .ARM.attributes
                0x00000372       0x32 build/stm32f7xx_hal_eth.o
 .ARM.attributes
                0x000003a4       0x32 build/stm32f7xx_hal_uart.o
 .ARM.attributes
                0x000003d6       0x32 build/stm32f7xx_hal_pcd.o
 .ARM.attributes
                0x00000408       0x32 build/stm32f7xx_hal_pcd_ex.o
 .ARM.attributes
                0x0000043a       0x32 build/stm32f7xx_ll_usb.o
 .ARM.attributes
                0x0000046c       0x32 build/system_stm32f7xx.o
 .ARM.attributes
                0x0000049e       0x32 build/sysmem.o
 .ARM.attributes
                0x000004d0       0x32 build/syscalls.o
 .ARM.attributes
                0x00000502       0x21 build/startup_stm32f767xx.o
 .ARM.attributes
                0x00000523       0x32 /usr/lib/gcc/arm-none-eabi/13.2.1/../../../arm-none-eabi/lib/thumb/v7e-m+dp/hard/libc_nano.a(libc_a-init.o)
 .ARM.attributes
                0x00000555       0x32 /usr/lib/gcc/arm-none-eabi/13.2.1/../../../arm-none-eabi/lib/thumb/v7e-m+dp/hard/libc_nano.a(libc_a-memset.o)
 .ARM.attributes
                0x00000587       0x32 /usr/lib/gcc/arm-none-eabi/13.2.1/../../../arm-none-eabi/lib/thumb/v7e-m+dp/hard/libc_nano.a(libc_a-errno.o)
 .ARM.attributes
                0x000005b9       0x32 /usr/lib/gcc/arm-none-eabi/13.2.1/../../../arm-none-eabi/lib/thumb/v7e-m+dp/hard/libc_nano.a(libc_a-printf.o)
 .ARM.attributes
                0x000005eb       0x32 /usr/lib/gcc/arm-none-eabi/13.2.1/../../../arm-none-eabi/lib/thumb/v7e-m+dp/hard/libc_nano.a(libc_a-nano-vfprintf.o)
 .ARM.attributes
                0x0000061d       0x32 /usr/lib/gcc/arm-none-eabi/13.2.1/../../../arm-none-eabi/lib/thumb/v7e-m+dp/hard/libc_nano.a(libc_a-wbuf.o)
 .ARM.attributes
                0x0000064f       0x32 /usr/lib/gcc/arm-none-eabi/13.2.1/../../../arm-none-eabi/lib/thumb/v7e-m+dp/hard/libc_nano.a(libc_a-impure.o)
 .ARM.attributes
                0x00000681       0x32 /usr/lib/gcc/arm-none-eabi/13.2.1/../../../arm-none-eabi/lib/thumb/v7e-m+dp/hard/libc_nano.a(libc_a-fvwrite.o)
 .ARM.attributes
                0x000006b3       0x32 /usr/lib/gcc/arm-none-eabi/13.2.1/../../../arm-none-eabi/lib/thumb/v7e-m+dp/hard/libc_nano.a(libc_a-findfp.o)
 .ARM.attributes
                0x000006e5       0x32 /usr/lib/gcc/arm-none-eabi/13.2.1/../../../arm-none-eabi/lib/thumb/v7e-m+dp/hard/libc_nano.a(libc_a-fflush.o)
 .ARM.attributes
                0x00000717       0x32 /usr/lib/gcc/arm-none-eabi/13.2.1/../../../arm-none-eabi/lib/thumb/v7e-m+dp/hard/libc_nano.a(libc_a-mallocr.o)
 .ARM.attributes
                0x00000749       0x32 /usr/lib/gcc/arm-none-eabi/13.2.1/../../../arm-none-eabi/lib/thumb/v7e-m+dp/hard/libc_nano.a(libc_a-freer.o)
 .ARM.attributes
                0x0000077b       0x32 /usr/lib/gcc/arm-none-eabi/13.2.1/../../../arm-none-eabi/lib/thumb/v7e-m+dp/hard/libc_nano.a(libc_a-memmove.o)
 .ARM.attributes
                0x000007ad       0x32 /usr/lib/gcc/arm-none-eabi/13.2.1/../../../arm-none-eabi/lib/thumb/v7e-m+dp/hard/libc_nano.a(libc_a-fwalk.o)
 .ARM.attributes
                0x000007df       0x1c /usr/lib/gcc/arm-none-eabi/13.2.1/../../../arm-none-eabi/lib/thumb/v7e-m+dp/hard/libc_nano.a(libc_a-memchr.o)
 .ARM.attributes
                0x000007fb       0x32 /usr/lib/gcc/arm-none-eabi/13.2.1/../../../arm-none-eabi/lib/thumb/v7e-m+dp/hard/libc_nano.a(libc_a-wsetup.o)
 .ARM.attributes
                0x0000082d       0x1e /usr/lib/gcc/arm-none-eabi/13.2.1/../../../arm-none-eabi/lib/thumb/v7e-m+dp/hard/libc_nano.a(libc_a-memcpy.o)
 .ARM.attributes
                0x0000084b       0x32 /usr/lib/gcc/arm-none-eabi/13.2.1/../../../arm-none-eabi/lib/thumb/v7e-m+dp/hard/libc_nano.a(libc_a-reallocr.o)
 .ARM.attributes
                0x0000087d       0x32 /usr/lib/gcc/arm-none-eabi/13.2.1/../../../arm-none-eabi/lib/thumb/v7e-m+dp/hard/libc_nano.a(libc_a-nano-vfprintf_i.o)
 .ARM.attributes
                0x000008af       0x32 /usr/lib/gcc/arm-none-eabi/13.2.1/../../../arm-none-eabi/lib/thumb/v7e-m+dp/hard/libc_nano.a(libc_a-mlock.o)
 .ARM.attributes
                0x000008e1       0x32 /usr/lib/gcc/arm-none-eabi/13.2.1/../../../arm-none-eabi/lib/thumb/v7e-m+dp/hard/libc_nano.a(libc_a-makebuf.o)
 .ARM.attributes
                0x00000913       0x32 /usr/lib/gcc/arm-none-eabi/13.2.1/../../../arm-none-eabi/lib/thumb/v7e-m+dp/hard/libc_nano.a(libc_a-isattyr.o)
 .ARM.attributes
                0x00000945       0x32 /usr/lib/gcc/arm-none-eabi/13.2.1/../../../arm-none-eabi/lib/thumb/v7e-m+dp/hard/libc_nano.a(libc_a-sbrkr.o)
 .ARM.attributes
                0x00000977       0x32 /usr/lib/gcc/arm-none-eabi/13.2.1/../../../arm-none-eabi/lib/thumb/v7e-m+dp/hard/libc_nano.a(libc_a-stdio.o)
 .ARM.attributes
                0x000009a9       0x32 /usr/lib/gcc/arm-none-eabi/13.2.1/../../../arm-none-eabi/lib/thumb/v7e-m+dp/hard/libc_nano.a(libc_a-msizer.o)
 .ARM.attributes
                0x000009db       0x32 /usr/lib/gcc/arm-none-eabi/13.2.1/../../../arm-none-eabi/lib/thumb/v7e-m+dp/hard/libc_nano.a(libc_a-closer.o)
 .ARM.attributes
                0x00000a0d       0x32 /usr/lib/gcc/arm-none-eabi/13.2.1/../../../arm-none-eabi/lib/thumb/v7e-m+dp/hard/libc_nano.a(libc_a-readr.o)
 .ARM.attributes
                0x00000a3f       0x32 /usr/lib/gcc/arm-none-eabi/13.2.1/../../../arm-none-eabi/lib/thumb/v7e-m+dp/hard/libc_nano.a(libc_a-reent.o)
 .ARM.attributes
                0x00000a71       0x32 /usr/lib/gcc/arm-none-eabi/13.2.1/../../../arm-none-eabi/lib/thumb/v7e-m+dp/hard/libc_nano.a(libc_a-fstatr.o)
 .ARM.attributes
                0x00000aa3       0x32 /usr/lib/gcc/arm-none-eabi/13.2.1/../../../arm-none-eabi/lib/thumb/v7e-m+dp/hard/libc_nano.a(libc_a-lseekr.o)
 .ARM.attributes
                0x00000ad5       0x32 /usr/lib/gcc/arm-none-eabi/13.2.1/../../../arm-none-eabi/lib/thumb/v7e-m+dp/hard/libc_nano.a(libc_a-writer.o)
 .ARM.attributes
                0x00000b07       0x20 /usr/lib/gcc/arm-none-eabi/13.2.1/thumb/v7e-m+dp/hard/libgcc.a(_aeabi_uldivmod.o)
 .ARM.attributes
                0x00000b27       0x32 /usr/lib/gcc/arm-none-eabi/13.2.1/thumb/v7e-m+dp/hard/libgcc.a(_udivmoddi4.o)
 .ARM.attributes
                0x00000b59       0x20 /usr/lib/gcc/arm-none-eabi/13.2.1/thumb/v7e-m+dp/hard/libgcc.a(_dvmd_tls.o)
 .ARM.attributes
                0x00000b79       0x32 /usr/lib/gcc/arm-none-eabi/13.2.1/thumb/v7e-m+dp/hard/crtend.o
 .ARM.attributes
                0x00000bab       0x20 /usr/lib/gcc/arm-none-eabi/13.2.1/thumb/v7e-m+dp/hard/crtn.o

.comment        0x00000000       0x26
 .comment       0x00000000       0x26 /usr/lib/gcc/arm-none-eabi/13.2.1/thumb/v7e-m+dp/hard/crtbegin.o
                                 0x27 (size before relaxing)
 .comment       0x00000026       0x27 build/main.o
 .comment       0x00000026       0x27 build/gpio.o
 .comment       0x00000026       0x27 build/can.o
 .comment       0x00000026       0x27 build/eth.o
 .comment       0x00000026       0x27 build/usart.o
 .comment       0x00000026       0x27 build/usb_otg.o
 .comment       0x00000026       0x27 build/stm32f7xx_it.o
 .comment       0x00000026       0x27 build/stm32f7xx_hal_msp.o
 .comment       0x00000026       0x27 build/stm32f7xx_hal_can.o
 .comment       0x00000026       0x27 build/stm32f7xx_hal_rcc.o
 .comment       0x00000026       0x27 build/stm32f7xx_hal_rcc_ex.o
 .comment       0x00000026       0x27 build/stm32f7xx_hal_gpio.o
 .comment       0x00000026       0x27 build/stm32f7xx_hal_pwr.o
 .comment       0x00000026       0x27 build/stm32f7xx_hal_pwr_ex.o
 .comment       0x00000026       0x27 build/stm32f7xx_hal_cortex.o
 .comment       0x00000026       0x27 build/stm32f7xx_hal.o
 .comment       0x00000026       0x27 build/stm32f7xx_hal_eth.o
 .comment       0x00000026       0x27 build/stm32f7xx_hal_uart.o
 .comment       0x00000026       0x27 build/stm32f7xx_hal_pcd.o
 .comment       0x00000026       0x27 build/stm32f7xx_hal_pcd_ex.o
 .comment       0x00000026       0x27 build/stm32f7xx_ll_usb.o
 .comment       0x00000026       0x27 build/system_stm32f7xx.o
 .comment       0x00000026       0x27 build/sysmem.o
 .comment       0x00000026       0x27 build/syscalls.o
 .comment       0x00000026       0x27 /usr/lib/gcc/arm-none-eabi/13.2.1/../../../arm-none-eabi/lib/thumb/v7e-m+dp/hard/libc_nano.a(libc_a-init.o)
 .comment       0x00000026       0x27 /usr/lib/gcc/arm-none-eabi/13.2.1/../../../arm-none-eabi/lib/thumb/v7e-m+dp/hard/libc_nano.a(libc_a-memset.o)
 .comment       0x00000026       0x27 /usr/lib/gcc/arm-none-eabi/13.2.1/../../../arm-none-eabi/lib/thumb/v7e-m+dp/hard/libc_nano.a(libc_a-errno.o)
 .comment       0x00000026       0x27 /usr/lib/gcc/arm-none-eabi/13.2.1/../../../arm-none-eabi/lib/thumb/v7e-m+dp/hard/libc_nano.a(libc_a-printf.o)
 .comment       0x00000026       0x27 /usr/lib/gcc/arm-none-eabi/13.2.1/../../../arm-none-eabi/lib/thumb/v7e-m+dp/hard/libc_nano.a(libc_a-nano-vfprintf.o)
 .comment       0x00000026       0x27 /usr/lib/gcc/arm-none-eabi/13.2.1/../../../arm-none-eabi/lib/thumb/v7e-m+dp/hard/libc_nano.a(libc_a-wbuf.o)
 .comment       0x00000026       0x27 /usr/lib/gcc/arm-none-eabi/13.2.1/../../../arm-none-eabi/lib/thumb/v7e-m+dp/hard/libc_nano.a(libc_a-impure.o)
 .comment       0x00000026       0x27 /usr/lib/gcc/arm-none-eabi/13.2.1/../../../arm-none-eabi/lib/thumb/v7e-m+dp/hard/libc_nano.a(libc_a-fvwrite.o)
 .comment       0x00000026       0x27 /usr/lib/gcc/arm-none-eabi/13.2.1/../../../arm-none-eabi/lib/thumb/v7e-m+dp/hard/libc_nano.a(libc_a-findfp.o)
 .comment       0x00000026       0x27 /usr/lib/gcc/arm-none-eabi/13.2.1/../../../arm-none-eabi/lib/thumb/v7e-m+dp/hard/libc_nano.a(libc_a-fflush.o)
 .comment       0x00000026       0x27 /usr/lib/gcc/arm-none-eabi/13.2.1/../../../arm-none-eabi/lib/thumb/v7e-m+dp/hard/libc_nano.a(libc_a-mallocr.o)
 .comment       0x00000026       0x27 /usr/lib/gcc/arm-none-eabi/13.2.1/../../../arm-none-eabi/lib/thumb/v7e-m+dp/hard/libc_nano.a(libc_a-freer.o)
 .comment       0x00000026       0x27 /usr/lib/gcc/arm-none-eabi/13.2.1/../../../arm-none-eabi/lib/thumb/v7e-m+dp/hard/libc_nano.a(libc_a-memmove.o)
 .comment       0x00000026       0x27 /usr/lib/gcc/arm-none-eabi/13.2.1/../../../arm-none-eabi/lib/thumb/v7e-m+dp/hard/libc_nano.a(libc_a-fwalk.o)
 .comment       0x00000026       0x27 /usr/lib/gcc/arm-none-eabi/13.2.1/../../../arm-none-eabi/lib/thumb/v7e-m+dp/hard/libc_nano.a(libc_a-wsetup.o)
 .comment       0x00000026       0x27 /usr/lib/gcc/arm-none-eabi/13.2.1/../../../arm-none-eabi/lib/thumb/v7e-m+dp/hard/libc_nano.a(libc_a-reallocr.o)
 .comment       0x00000026       0x27 /usr/lib/gcc/arm-none-eabi/13.2.1/../../../arm-none-eabi/lib/thumb/v7e-m+dp/hard/libc_nano.a(libc_a-nano-vfprintf_i.o)
 .comment       0x00000026       0x27 /usr/lib/gcc/arm-none-eabi/13.2.1/../../../arm-none-eabi/lib/thumb/v7e-m+dp/hard/libc_nano.a(libc_a-mlock.o)
 .comment       0x00000026       0x27 /usr/lib/gcc/arm-none-eabi/13.2.1/../../../arm-none-eabi/lib/thumb/v7e-m+dp/hard/libc_nano.a(libc_a-makebuf.o)
 .comment       0x00000026       0x27 /usr/lib/gcc/arm-none-eabi/13.2.1/../../../arm-none-eabi/lib/thumb/v7e-m+dp/hard/libc_nano.a(libc_a-isattyr.o)
 .comment       0x00000026       0x27 /usr/lib/gcc/arm-none-eabi/13.2.1/../../../arm-none-eabi/lib/thumb/v7e-m+dp/hard/libc_nano.a(libc_a-sbrkr.o)
 .comment       0x00000026       0x27 /usr/lib/gcc/arm-none-eabi/13.2.1/../../../arm-none-eabi/lib/thumb/v7e-m+dp/hard/libc_nano.a(libc_a-stdio.o)
 .comment       0x00000026       0x27 /usr/lib/gcc/arm-none-eabi/13.2.1/../../../arm-none-eabi/lib/thumb/v7e-m+dp/hard/libc_nano.a(libc_a-msizer.o)
 .comment       0x00000026       0x27 /usr/lib/gcc/arm-none-eabi/13.2.1/../../../arm-none-eabi/lib/thumb/v7e-m+dp/hard/libc_nano.a(libc_a-closer.o)
 .comment       0x00000026       0x27 /usr/lib/gcc/arm-none-eabi/13.2.1/../../../arm-none-eabi/lib/thumb/v7e-m+dp/hard/libc_nano.a(libc_a-readr.o)
 .comment       0x00000026       0x27 /usr/lib/gcc/arm-none-eabi/13.2.1/../../../arm-none-eabi/lib/thumb/v7e-m+dp/hard/libc_nano.a(libc_a-reent.o)
 .comment       0x00000026       0x27 /usr/lib/gcc/arm-none-eabi/13.2.1/../../../arm-none-eabi/lib/thumb/v7e-m+dp/hard/libc_nano.a(libc_a-fstatr.o)
 .comment       0x00000026       0x27 /usr/lib/gcc/arm-none-eabi/13.2.1/../../../arm-none-eabi/lib/thumb/v7e-m+dp/hard/libc_nano.a(libc_a-lseekr.o)
 .comment       0x00000026       0x27 /usr/lib/gcc/arm-none-eabi/13.2.1/../../../arm-none-eabi/lib/thumb/v7e-m+dp/hard/libc_nano.a(libc_a-writer.o)
 .comment       0x00000026       0x27 /usr/lib/gcc/arm-none-eabi/13.2.1/thumb/v7e-m+dp/hard/libgcc.a(_udivmoddi4.o)
 .comment       0x00000026       0x27 /usr/lib/gcc/arm-none-eabi/13.2.1/thumb/v7e-m+dp/hard/crtend.o

.debug_info     0x00000000    0x2a1ec
 .debug_info    0x00000000      0xf7c build/main.o
 .debug_info    0x00000f7c      0x5d8 build/gpio.o
 .debug_info    0x00001554     0x11ca build/can.o
 .debug_info    0x0000271e     0x12ce build/eth.o
 .debug_info    0x000039ec      0xf3d build/usart.o
 .debug_info    0x00004929      0xea3 build/usb_otg.o
 .debug_info    0x000057cc      0x5f7 build/stm32f7xx_it.o
 .debug_info    0x00005dc3      0x312 build/stm32f7xx_hal_msp.o
 .debug_info    0x000060d5     0x1383 build/stm32f7xx_hal_can.o
 .debug_info    0x00007458      0xd21 build/stm32f7xx_hal_rcc.o
 .debug_info    0x00008179      0x96b build/stm32f7xx_hal_rcc_ex.o
 .debug_info    0x00008ae4      0x867 build/stm32f7xx_hal_gpio.o
 .debug_info    0x0000934b      0xa94 build/stm32f7xx_hal_pwr.o
 .debug_info    0x00009ddf      0xb00 build/stm32f7xx_hal_pwr_ex.o
 .debug_info    0x0000a8df     0x145b build/stm32f7xx_hal_cortex.o
 .debug_info    0x0000bd3a      0xc0b build/stm32f7xx_hal.o
 .debug_info    0x0000c945     0x2cc8 build/stm32f7xx_hal_eth.o
 .debug_info    0x0000f60d     0x5506 build/stm32f7xx_hal_uart.o
 .debug_info    0x00014b13     0x1f6a build/stm32f7xx_hal_pcd.o
 .debug_info    0x00016a7d      0x895 build/stm32f7xx_hal_pcd_ex.o
 .debug_info    0x00017312     0x2256 build/stm32f7xx_ll_usb.o
 .debug_info    0x00019568      0x7ea build/system_stm32f7xx.o
 .debug_info    0x00019d52      0x174 build/sysmem.o
 .debug_info    0x00019ec6      0x853 build/syscalls.o
 .debug_info    0x0001a719       0x30 build/startup_stm32f767xx.o
 .debug_info    0x0001a749      0x10b /usr/lib/gcc/arm-none-eabi/13.2.1/../../../arm-none-eabi/lib/thumb/v7e-m+dp/hard/libc_nano.a(libc_a-init.o)
 .debug_info    0x0001a854      0x135 /usr/lib/gcc/arm-none-eabi/13.2.1/../../../arm-none-eabi/lib/thumb/v7e-m+dp/hard/libc_nano.a(libc_a-memset.o)
 .debug_info    0x0001a989      0x6f1 /usr/lib/gcc/arm-none-eabi/13.2.1/../../../arm-none-eabi/lib/thumb/v7e-m+dp/hard/libc_nano.a(libc_a-errno.o)
 .debug_info    0x0001b07a      0x837 /usr/lib/gcc/arm-none-eabi/13.2.1/../../../arm-none-eabi/lib/thumb/v7e-m+dp/hard/libc_nano.a(libc_a-printf.o)
 .debug_info    0x0001b8b1     0x108a /usr/lib/gcc/arm-none-eabi/13.2.1/../../../arm-none-eabi/lib/thumb/v7e-m+dp/hard/libc_nano.a(libc_a-nano-vfprintf.o)
 .debug_info    0x0001c93b      0x863 /usr/lib/gcc/arm-none-eabi/13.2.1/../../../arm-none-eabi/lib/thumb/v7e-m+dp/hard/libc_nano.a(libc_a-wbuf.o)
 .debug_info    0x0001d19e      0x70b /usr/lib/gcc/arm-none-eabi/13.2.1/../../../arm-none-eabi/lib/thumb/v7e-m+dp/hard/libc_nano.a(libc_a-impure.o)
 .debug_info    0x0001d8a9      0xaf1 /usr/lib/gcc/arm-none-eabi/13.2.1/../../../arm-none-eabi/lib/thumb/v7e-m+dp/hard/libc_nano.a(libc_a-fvwrite.o)
 .debug_info    0x0001e39a      0xe8c /usr/lib/gcc/arm-none-eabi/13.2.1/../../../arm-none-eabi/lib/thumb/v7e-m+dp/hard/libc_nano.a(libc_a-findfp.o)
 .debug_info    0x0001f226      0xa33 /usr/lib/gcc/arm-none-eabi/13.2.1/../../../arm-none-eabi/lib/thumb/v7e-m+dp/hard/libc_nano.a(libc_a-fflush.o)
 .debug_info    0x0001fc59      0x9b6 /usr/lib/gcc/arm-none-eabi/13.2.1/../../../arm-none-eabi/lib/thumb/v7e-m+dp/hard/libc_nano.a(libc_a-mallocr.o)
 .debug_info    0x0002060f      0x87f /usr/lib/gcc/arm-none-eabi/13.2.1/../../../arm-none-eabi/lib/thumb/v7e-m+dp/hard/libc_nano.a(libc_a-freer.o)
 .debug_info    0x00020e8e      0x148 /usr/lib/gcc/arm-none-eabi/13.2.1/../../../arm-none-eabi/lib/thumb/v7e-m+dp/hard/libc_nano.a(libc_a-memmove.o)
 .debug_info    0x00020fd6      0x7c8 /usr/lib/gcc/arm-none-eabi/13.2.1/../../../arm-none-eabi/lib/thumb/v7e-m+dp/hard/libc_nano.a(libc_a-fwalk.o)
 .debug_info    0x0002179e       0x25 /usr/lib/gcc/arm-none-eabi/13.2.1/../../../arm-none-eabi/lib/thumb/v7e-m+dp/hard/libc_nano.a(libc_a-memchr.o)
 .debug_info    0x000217c3      0x7b1 /usr/lib/gcc/arm-none-eabi/13.2.1/../../../arm-none-eabi/lib/thumb/v7e-m+dp/hard/libc_nano.a(libc_a-wsetup.o)
 .debug_info    0x00021f74       0x33 /usr/lib/gcc/arm-none-eabi/13.2.1/../../../arm-none-eabi/lib/thumb/v7e-m+dp/hard/libc_nano.a(libc_a-memcpy.o)
 .debug_info    0x00021fa7      0x8cd /usr/lib/gcc/arm-none-eabi/13.2.1/../../../arm-none-eabi/lib/thumb/v7e-m+dp/hard/libc_nano.a(libc_a-reallocr.o)
 .debug_info    0x00022874      0xdd7 /usr/lib/gcc/arm-none-eabi/13.2.1/../../../arm-none-eabi/lib/thumb/v7e-m+dp/hard/libc_nano.a(libc_a-nano-vfprintf_i.o)
 .debug_info    0x0002364b      0x71c /usr/lib/gcc/arm-none-eabi/13.2.1/../../../arm-none-eabi/lib/thumb/v7e-m+dp/hard/libc_nano.a(libc_a-mlock.o)
 .debug_info    0x00023d67      0xbe6 /usr/lib/gcc/arm-none-eabi/13.2.1/../../../arm-none-eabi/lib/thumb/v7e-m+dp/hard/libc_nano.a(libc_a-makebuf.o)
 .debug_info    0x0002494d      0x752 /usr/lib/gcc/arm-none-eabi/13.2.1/../../../arm-none-eabi/lib/thumb/v7e-m+dp/hard/libc_nano.a(libc_a-isattyr.o)
 .debug_info    0x0002509f      0x778 /usr/lib/gcc/arm-none-eabi/13.2.1/../../../arm-none-eabi/lib/thumb/v7e-m+dp/hard/libc_nano.a(libc_a-sbrkr.o)
 .debug_info    0x00025817      0xa80 /usr/lib/gcc/arm-none-eabi/13.2.1/../../../arm-none-eabi/lib/thumb/v7e-m+dp/hard/libc_nano.a(libc_a-stdio.o)
 .debug_info    0x00026297      0x78a /usr/lib/gcc/arm-none-eabi/13.2.1/../../../arm-none-eabi/lib/thumb/v7e-m+dp/hard/libc_nano.a(libc_a-msizer.o)
 .debug_info    0x00026a21      0x752 /usr/lib/gcc/arm-none-eabi/13.2.1/../../../arm-none-eabi/lib/thumb/v7e-m+dp/hard/libc_nano.a(libc_a-closer.o)
 .debug_info    0x00027173      0x7b5 /usr/lib/gcc/arm-none-eabi/13.2.1/../../../arm-none-eabi/lib/thumb/v7e-m+dp/hard/libc_nano.a(libc_a-readr.o)
 .debug_info    0x00027928      0x89f /usr/lib/gcc/arm-none-eabi/13.2.1/../../../arm-none-eabi/lib/thumb/v7e-m+dp/hard/libc_nano.a(libc_a-reent.o)
 .debug_info    0x000281c7      0x977 /usr/lib/gcc/arm-none-eabi/13.2.1/../../../arm-none-eabi/lib/thumb/v7e-m+dp/hard/libc_nano.a(libc_a-fstatr.o)
 .debug_info    0x00028b3e      0x79e /usr/lib/gcc/arm-none-eabi/13.2.1/../../../arm-none-eabi/lib/thumb/v7e-m+dp/hard/libc_nano.a(libc_a-lseekr.o)
 .debug_info    0x000292dc      0x7bb /usr/lib/gcc/arm-none-eabi/13.2.1/../../../arm-none-eabi/lib/thumb/v7e-m+dp/hard/libc_nano.a(libc_a-writer.o)
 .debug_info    0x00029a97       0x24 /usr/lib/gcc/arm-none-eabi/13.2.1/thumb/v7e-m+dp/hard/libgcc.a(_aeabi_uldivmod.o)
 .debug_info    0x00029abb      0x6f5 /usr/lib/gcc/arm-none-eabi/13.2.1/thumb/v7e-m+dp/hard/libgcc.a(_udivmoddi4.o)
 .debug_info    0x0002a1b0       0x3c /usr/lib/gcc/arm-none-eabi/13.2.1/thumb/v7e-m+dp/hard/libgcc.a(_dvmd_tls.o)

.debug_abbrev   0x00000000     0x6f98
 .debug_abbrev  0x00000000      0x29b build/main.o
 .debug_abbrev  0x0000029b      0x160 build/gpio.o
 .debug_abbrev  0x000003fb      0x254 build/can.o
 .debug_abbrev  0x0000064f      0x25e build/eth.o
 .debug_abbrev  0x000008ad      0x207 build/usart.o
 .debug_abbrev  0x00000ab4      0x224 build/usb_otg.o
 .debug_abbrev  0x00000cd8      0x17c build/stm32f7xx_it.o
 .debug_abbrev  0x00000e54       0xd3 build/stm32f7xx_hal_msp.o
 .debug_abbrev  0x00000f27      0x275 build/stm32f7xx_hal_can.o
 .debug_abbrev  0x0000119c      0x306 build/stm32f7xx_hal_rcc.o
 .debug_abbrev  0x000014a2      0x1f3 build/stm32f7xx_hal_rcc_ex.o
 .debug_abbrev  0x00001695      0x22b build/stm32f7xx_hal_gpio.o
 .debug_abbrev  0x000018c0      0x1cf build/stm32f7xx_hal_pwr.o
 .debug_abbrev  0x00001a8f      0x1d5 build/stm32f7xx_hal_pwr_ex.o
 .debug_abbrev  0x00001c64      0x3ca build/stm32f7xx_hal_cortex.o
 .debug_abbrev  0x0000202e      0x244 build/stm32f7xx_hal.o
 .debug_abbrev  0x00002272      0x3a2 build/stm32f7xx_hal_eth.o
 .debug_abbrev  0x00002614      0x346 build/stm32f7xx_hal_uart.o
 .debug_abbrev  0x0000295a      0x31c build/stm32f7xx_hal_pcd.o
 .debug_abbrev  0x00002c76      0x1b4 build/stm32f7xx_hal_pcd_ex.o
 .debug_abbrev  0x00002e2a      0x326 build/stm32f7xx_ll_usb.o
 .debug_abbrev  0x00003150      0x12a build/system_stm32f7xx.o
 .debug_abbrev  0x0000327a       0xeb build/sysmem.o
 .debug_abbrev  0x00003365      0x1ea build/syscalls.o
 .debug_abbrev  0x0000354f       0x1d build/startup_stm32f767xx.o
 .debug_abbrev  0x0000356c       0xc9 /usr/lib/gcc/arm-none-eabi/13.2.1/../../../arm-none-eabi/lib/thumb/v7e-m+dp/hard/libc_nano.a(libc_a-init.o)
 .debug_abbrev  0x00003635       0xb7 /usr/lib/gcc/arm-none-eabi/13.2.1/../../../arm-none-eabi/lib/thumb/v7e-m+dp/hard/libc_nano.a(libc_a-memset.o)
 .debug_abbrev  0x000036ec      0x15e /usr/lib/gcc/arm-none-eabi/13.2.1/../../../arm-none-eabi/lib/thumb/v7e-m+dp/hard/libc_nano.a(libc_a-errno.o)
 .debug_abbrev  0x0000384a      0x21a /usr/lib/gcc/arm-none-eabi/13.2.1/../../../arm-none-eabi/lib/thumb/v7e-m+dp/hard/libc_nano.a(libc_a-printf.o)
 .debug_abbrev  0x00003a64      0x36e /usr/lib/gcc/arm-none-eabi/13.2.1/../../../arm-none-eabi/lib/thumb/v7e-m+dp/hard/libc_nano.a(libc_a-nano-vfprintf.o)
 .debug_abbrev  0x00003dd2      0x236 /usr/lib/gcc/arm-none-eabi/13.2.1/../../../arm-none-eabi/lib/thumb/v7e-m+dp/hard/libc_nano.a(libc_a-wbuf.o)
 .debug_abbrev  0x00004008      0x149 /usr/lib/gcc/arm-none-eabi/13.2.1/../../../arm-none-eabi/lib/thumb/v7e-m+dp/hard/libc_nano.a(libc_a-impure.o)
 .debug_abbrev  0x00004151      0x21b /usr/lib/gcc/arm-none-eabi/13.2.1/../../../arm-none-eabi/lib/thumb/v7e-m+dp/hard/libc_nano.a(libc_a-fvwrite.o)
 .debug_abbrev  0x0000436c      0x408 /usr/lib/gcc/arm-none-eabi/13.2.1/../../../arm-none-eabi/lib/thumb/v7e-m+dp/hard/libc_nano.a(libc_a-findfp.o)
 .debug_abbrev  0x00004774      0x2e4 /usr/lib/gcc/arm-none-eabi/13.2.1/../../../arm-none-eabi/lib/thumb/v7e-m+dp/hard/libc_nano.a(libc_a-fflush.o)
 .debug_abbrev  0x00004a58      0x24a /usr/lib/gcc/arm-none-eabi/13.2.1/../../../arm-none-eabi/lib/thumb/v7e-m+dp/hard/libc_nano.a(libc_a-mallocr.o)
 .debug_abbrev  0x00004ca2      0x249 /usr/lib/gcc/arm-none-eabi/13.2.1/../../../arm-none-eabi/lib/thumb/v7e-m+dp/hard/libc_nano.a(libc_a-freer.o)
 .debug_abbrev  0x00004eeb       0xc3 /usr/lib/gcc/arm-none-eabi/13.2.1/../../../arm-none-eabi/lib/thumb/v7e-m+dp/hard/libc_nano.a(libc_a-memmove.o)
 .debug_abbrev  0x00004fae      0x19b /usr/lib/gcc/arm-none-eabi/13.2.1/../../../arm-none-eabi/lib/thumb/v7e-m+dp/hard/libc_nano.a(libc_a-fwalk.o)
 .debug_abbrev  0x00005149       0x14 /usr/lib/gcc/arm-none-eabi/13.2.1/../../../arm-none-eabi/lib/thumb/v7e-m+dp/hard/libc_nano.a(libc_a-memchr.o)
 .debug_abbrev  0x0000515d      0x1e2 /usr/lib/gcc/arm-none-eabi/13.2.1/../../../arm-none-eabi/lib/thumb/v7e-m+dp/hard/libc_nano.a(libc_a-wsetup.o)
 .debug_abbrev  0x0000533f       0x28 /usr/lib/gcc/arm-none-eabi/13.2.1/../../../arm-none-eabi/lib/thumb/v7e-m+dp/hard/libc_nano.a(libc_a-memcpy.o)
 .debug_abbrev  0x00005367      0x20c /usr/lib/gcc/arm-none-eabi/13.2.1/../../../arm-none-eabi/lib/thumb/v7e-m+dp/hard/libc_nano.a(libc_a-reallocr.o)
 .debug_abbrev  0x00005573      0x284 /usr/lib/gcc/arm-none-eabi/13.2.1/../../../arm-none-eabi/lib/thumb/v7e-m+dp/hard/libc_nano.a(libc_a-nano-vfprintf_i.o)
 .debug_abbrev  0x000057f7      0x192 /usr/lib/gcc/arm-none-eabi/13.2.1/../../../arm-none-eabi/lib/thumb/v7e-m+dp/hard/libc_nano.a(libc_a-mlock.o)
 .debug_abbrev  0x00005989      0x29d /usr/lib/gcc/arm-none-eabi/13.2.1/../../../arm-none-eabi/lib/thumb/v7e-m+dp/hard/libc_nano.a(libc_a-makebuf.o)
 .debug_abbrev  0x00005c26      0x1b0 /usr/lib/gcc/arm-none-eabi/13.2.1/../../../arm-none-eabi/lib/thumb/v7e-m+dp/hard/libc_nano.a(libc_a-isattyr.o)
 .debug_abbrev  0x00005dd6      0x1da /usr/lib/gcc/arm-none-eabi/13.2.1/../../../arm-none-eabi/lib/thumb/v7e-m+dp/hard/libc_nano.a(libc_a-sbrkr.o)
 .debug_abbrev  0x00005fb0      0x224 /usr/lib/gcc/arm-none-eabi/13.2.1/../../../arm-none-eabi/lib/thumb/v7e-m+dp/hard/libc_nano.a(libc_a-stdio.o)
 .debug_abbrev  0x000061d4      0x196 /usr/lib/gcc/arm-none-eabi/13.2.1/../../../arm-none-eabi/lib/thumb/v7e-m+dp/hard/libc_nano.a(libc_a-msizer.o)
 .debug_abbrev  0x0000636a      0x1b0 /usr/lib/gcc/arm-none-eabi/13.2.1/../../../arm-none-eabi/lib/thumb/v7e-m+dp/hard/libc_nano.a(libc_a-closer.o)
 .debug_abbrev  0x0000651a      0x1b0 /usr/lib/gcc/arm-none-eabi/13.2.1/../../../arm-none-eabi/lib/thumb/v7e-m+dp/hard/libc_nano.a(libc_a-readr.o)
 .debug_abbrev  0x000066ca      0x1ee /usr/lib/gcc/arm-none-eabi/13.2.1/../../../arm-none-eabi/lib/thumb/v7e-m+dp/hard/libc_nano.a(libc_a-reent.o)
 .debug_abbrev  0x000068b8      0x1c3 /usr/lib/gcc/arm-none-eabi/13.2.1/../../../arm-none-eabi/lib/thumb/v7e-m+dp/hard/libc_nano.a(libc_a-fstatr.o)
 .debug_abbrev  0x00006a7b      0x1c4 /usr/lib/gcc/arm-none-eabi/13.2.1/../../../arm-none-eabi/lib/thumb/v7e-m+dp/hard/libc_nano.a(libc_a-lseekr.o)
 .debug_abbrev  0x00006c3f      0x1b5 /usr/lib/gcc/arm-none-eabi/13.2.1/../../../arm-none-eabi/lib/thumb/v7e-m+dp/hard/libc_nano.a(libc_a-writer.o)
 .debug_abbrev  0x00006df4       0x14 /usr/lib/gcc/arm-none-eabi/13.2.1/thumb/v7e-m+dp/hard/libgcc.a(_aeabi_uldivmod.o)
 .debug_abbrev  0x00006e08      0x16a /usr/lib/gcc/arm-none-eabi/13.2.1/thumb/v7e-m+dp/hard/libgcc.a(_udivmoddi4.o)
 .debug_abbrev  0x00006f72       0x26 /usr/lib/gcc/arm-none-eabi/13.2.1/thumb/v7e-m+dp/hard/libgcc.a(_dvmd_tls.o)

.debug_loc      0x00000000     0xfcac
 .debug_loc     0x00000000       0xf9 build/main.o
 .debug_loc     0x000000f9       0x39 build/gpio.o
 .debug_loc     0x00000132      0x220 build/can.o
 .debug_loc     0x00000352      0x122 build/eth.o
 .debug_loc     0x00000474       0xf6 build/usart.o
 .debug_loc     0x0000056a      0x13c build/usb_otg.o
 .debug_loc     0x000006a6       0x40 build/stm32f7xx_it.o
 .debug_loc     0x000006e6       0x2c build/stm32f7xx_hal_msp.o
 .debug_loc     0x00000712     0x10f6 build/stm32f7xx_hal_can.o
 .debug_loc     0x00001808      0x849 build/stm32f7xx_hal_rcc.o
 .debug_loc     0x00002051      0x924 build/stm32f7xx_hal_rcc_ex.o
 .debug_loc     0x00002975      0x60b build/stm32f7xx_hal_gpio.o
 .debug_loc     0x00002f80       0x7f build/stm32f7xx_hal_pwr.o
 .debug_loc     0x00002fff      0x3e6 build/stm32f7xx_hal_pwr_ex.o
 .debug_loc     0x000033e5      0x886 build/stm32f7xx_hal_cortex.o
 .debug_loc     0x00003c6b      0x1f9 build/stm32f7xx_hal.o
 .debug_loc     0x00003e64     0x20b5 build/stm32f7xx_hal_eth.o
 .debug_loc     0x00005f19     0x5262 build/stm32f7xx_hal_uart.o
 .debug_loc     0x0000b17b     0x1796 build/stm32f7xx_hal_pcd.o
 .debug_loc     0x0000c911      0x1d7 build/stm32f7xx_hal_pcd_ex.o
 .debug_loc     0x0000cae8     0x2af4 build/stm32f7xx_ll_usb.o
 .debug_loc     0x0000f5dc       0xbd build/system_stm32f7xx.o
 .debug_loc     0x0000f699       0x90 build/sysmem.o
 .debug_loc     0x0000f729      0x583 build/syscalls.o

.debug_aranges  0x00000000     0x13d8
 .debug_aranges
                0x00000000       0x40 build/main.o
 .debug_aranges
                0x00000040       0x20 build/gpio.o
 .debug_aranges
                0x00000060       0x48 build/can.o
 .debug_aranges
                0x000000a8       0x30 build/eth.o
 .debug_aranges
                0x000000d8       0x30 build/usart.o
 .debug_aranges
                0x00000108       0x30 build/usb_otg.o
 .debug_aranges
                0x00000138       0x68 build/stm32f7xx_it.o
 .debug_aranges
                0x000001a0       0x20 build/stm32f7xx_hal_msp.o
 .debug_aranges
                0x000001c0      0x138 build/stm32f7xx_hal_can.o
 .debug_aranges
                0x000002f8       0x88 build/stm32f7xx_hal_rcc.o
 .debug_aranges
                0x00000380       0x50 build/stm32f7xx_hal_rcc_ex.o
 .debug_aranges
                0x000003d0       0x58 build/stm32f7xx_hal_gpio.o
 .debug_aranges
                0x00000428       0xa0 build/stm32f7xx_hal_pwr.o
 .debug_aranges
                0x000004c8       0x80 build/stm32f7xx_hal_pwr_ex.o
 .debug_aranges
                0x00000548       0xe8 build/stm32f7xx_hal_cortex.o
 .debug_aranges
                0x00000630      0x110 build/stm32f7xx_hal.o
 .debug_aranges
                0x00000740      0x1e8 build/stm32f7xx_hal_eth.o
 .debug_aranges
                0x00000928      0x230 build/stm32f7xx_hal_uart.o
 .debug_aranges
                0x00000b58      0x148 build/stm32f7xx_hal_pcd.o
 .debug_aranges
                0x00000ca0       0x48 build/stm32f7xx_hal_pcd_ex.o
 .debug_aranges
                0x00000ce8      0x1a0 build/stm32f7xx_ll_usb.o
 .debug_aranges
                0x00000e88       0x28 build/system_stm32f7xx.o
 .debug_aranges
                0x00000eb0       0x20 build/sysmem.o
 .debug_aranges
                0x00000ed0       0xa8 build/syscalls.o
 .debug_aranges
                0x00000f78       0x28 build/startup_stm32f767xx.o
 .debug_aranges
                0x00000fa0       0x20 /usr/lib/gcc/arm-none-eabi/13.2.1/../../../arm-none-eabi/lib/thumb/v7e-m+dp/hard/libc_nano.a(libc_a-init.o)
 .debug_aranges
                0x00000fc0       0x20 /usr/lib/gcc/arm-none-eabi/13.2.1/../../../arm-none-eabi/lib/thumb/v7e-m+dp/hard/libc_nano.a(libc_a-memset.o)
 .debug_aranges
                0x00000fe0       0x20 /usr/lib/gcc/arm-none-eabi/13.2.1/../../../arm-none-eabi/lib/thumb/v7e-m+dp/hard/libc_nano.a(libc_a-errno.o)
 .debug_aranges
                0x00001000       0x20 /usr/lib/gcc/arm-none-eabi/13.2.1/../../../arm-none-eabi/lib/thumb/v7e-m+dp/hard/libc_nano.a(libc_a-printf.o)
 .debug_aranges
                0x00001020       0x20 /usr/lib/gcc/arm-none-eabi/13.2.1/../../../arm-none-eabi/lib/thumb/v7e-m+dp/hard/libc_nano.a(libc_a-nano-vfprintf.o)
 .debug_aranges
                0x00001040       0x20 /usr/lib/gcc/arm-none-eabi/13.2.1/../../../arm-none-eabi/lib/thumb/v7e-m+dp/hard/libc_nano.a(libc_a-wbuf.o)
 .debug_aranges
                0x00001060       0x18 /usr/lib/gcc/arm-none-eabi/13.2.1/../../../arm-none-eabi/lib/thumb/v7e-m+dp/hard/libc_nano.a(libc_a-impure.o)
 .debug_aranges
                0x00001078       0x20 /usr/lib/gcc/arm-none-eabi/13.2.1/../../../arm-none-eabi/lib/thumb/v7e-m+dp/hard/libc_nano.a(libc_a-fvwrite.o)
 .debug_aranges
                0x00001098       0x20 /usr/lib/gcc/arm-none-eabi/13.2.1/../../../arm-none-eabi/lib/thumb/v7e-m+dp/hard/libc_nano.a(libc_a-findfp.o)
 .debug_aranges
                0x000010b8       0x20 /usr/lib/gcc/arm-none-eabi/13.2.1/../../../arm-none-eabi/lib/thumb/v7e-m+dp/hard/libc_nano.a(libc_a-fflush.o)
 .debug_aranges
                0x000010d8       0x20 /usr/lib/gcc/arm-none-eabi/13.2.1/../../../arm-none-eabi/lib/thumb/v7e-m+dp/hard/libc_nano.a(libc_a-mallocr.o)
 .debug_aranges
                0x000010f8       0x20 /usr/lib/gcc/arm-none-eabi/13.2.1/../../../arm-none-eabi/lib/thumb/v7e-m+dp/hard/libc_nano.a(libc_a-freer.o)
 .debug_aranges
                0x00001118       0x20 /usr/lib/gcc/arm-none-eabi/13.2.1/../../../arm-none-eabi/lib/thumb/v7e-m+dp/hard/libc_nano.a(libc_a-memmove.o)
 .debug_aranges
                0x00001138       0x20 /usr/lib/gcc/arm-none-eabi/13.2.1/../../../arm-none-eabi/lib/thumb/v7e-m+dp/hard/libc_nano.a(libc_a-fwalk.o)
 .debug_aranges
                0x00001158       0x20 /usr/lib/gcc/arm-none-eabi/13.2.1/../../../arm-none-eabi/lib/thumb/v7e-m+dp/hard/libc_nano.a(libc_a-memchr.o)
 .debug_aranges
                0x00001178       0x20 /usr/lib/gcc/arm-none-eabi/13.2.1/../../../arm-none-eabi/lib/thumb/v7e-m+dp/hard/libc_nano.a(libc_a-wsetup.o)
 .debug_aranges
                0x00001198       0x20 /usr/lib/gcc/arm-none-eabi/13.2.1/../../../arm-none-eabi/lib/thumb/v7e-m+dp/hard/libc_nano.a(libc_a-memcpy.o)
 .debug_aranges
                0x000011b8       0x20 /usr/lib/gcc/arm-none-eabi/13.2.1/../../../arm-none-eabi/lib/thumb/v7e-m+dp/hard/libc_nano.a(libc_a-reallocr.o)
 .debug_aranges
                0x000011d8       0x20 /usr/lib/gcc/arm-none-eabi/13.2.1/../../../arm-none-eabi/lib/thumb/v7e-m+dp/hard/libc_nano.a(libc_a-nano-vfprintf_i.o)
 .debug_aranges
                0x000011f8       0x20 /usr/lib/gcc/arm-none-eabi/13.2.1/../../../arm-none-eabi/lib/thumb/v7e-m+dp/hard/libc_nano.a(libc_a-mlock.o)
 .debug_aranges
                0x00001218       0x20 /usr/lib/gcc/arm-none-eabi/13.2.1/../../../arm-none-eabi/lib/thumb/v7e-m+dp/hard/libc_nano.a(libc_a-makebuf.o)
 .debug_aranges
                0x00001238       0x20 /usr/lib/gcc/arm-none-eabi/13.2.1/../../../arm-none-eabi/lib/thumb/v7e-m+dp/hard/libc_nano.a(libc_a-isattyr.o)
 .debug_aranges
                0x00001258       0x20 /usr/lib/gcc/arm-none-eabi/13.2.1/../../../arm-none-eabi/lib/thumb/v7e-m+dp/hard/libc_nano.a(libc_a-sbrkr.o)
 .debug_aranges
                0x00001278       0x20 /usr/lib/gcc/arm-none-eabi/13.2.1/../../../arm-none-eabi/lib/thumb/v7e-m+dp/hard/libc_nano.a(libc_a-stdio.o)
 .debug_aranges
                0x00001298       0x20 /usr/lib/gcc/arm-none-eabi/13.2.1/../../../arm-none-eabi/lib/thumb/v7e-m+dp/hard/libc_nano.a(libc_a-msizer.o)
 .debug_aranges
                0x000012b8       0x20 /usr/lib/gcc/arm-none-eabi/13.2.1/../../../arm-none-eabi/lib/thumb/v7e-m+dp/hard/libc_nano.a(libc_a-closer.o)
 .debug_aranges
                0x000012d8       0x20 /usr/lib/gcc/arm-none-eabi/13.2.1/../../../arm-none-eabi/lib/thumb/v7e-m+dp/hard/libc_nano.a(libc_a-readr.o)
 .debug_aranges
                0x000012f8       0x20 /usr/lib/gcc/arm-none-eabi/13.2.1/../../../arm-none-eabi/lib/thumb/v7e-m+dp/hard/libc_nano.a(libc_a-reent.o)
 .debug_aranges
                0x00001318       0x20 /usr/lib/gcc/arm-none-eabi/13.2.1/../../../arm-none-eabi/lib/thumb/v7e-m+dp/hard/libc_nano.a(libc_a-fstatr.o)
 .debug_aranges
                0x00001338       0x20 /usr/lib/gcc/arm-none-eabi/13.2.1/../../../arm-none-eabi/lib/thumb/v7e-m+dp/hard/libc_nano.a(libc_a-lseekr.o)
 .debug_aranges
                0x00001358       0x20 /usr/lib/gcc/arm-none-eabi/13.2.1/../../../arm-none-eabi/lib/thumb/v7e-m+dp/hard/libc_nano.a(libc_a-writer.o)
 .debug_aranges
                0x00001378       0x20 /usr/lib/gcc/arm-none-eabi/13.2.1/thumb/v7e-m+dp/hard/libgcc.a(_aeabi_uldivmod.o)
 .debug_aranges
                0x00001398       0x20 /usr/lib/gcc/arm-none-eabi/13.2.1/thumb/v7e-m+dp/hard/libgcc.a(_udivmoddi4.o)
 .debug_aranges
                0x000013b8       0x20 /usr/lib/gcc/arm-none-eabi/13.2.1/thumb/v7e-m+dp/hard/libgcc.a(_dvmd_tls.o)

.debug_ranges   0x00000000      0xe48
 .debug_ranges  0x00000000       0x30 build/main.o
 .debug_ranges  0x00000030       0x10 build/gpio.o
 .debug_ranges  0x00000040       0x50 build/can.o
 .debug_ranges  0x00000090       0x20 build/eth.o
 .debug_ranges  0x000000b0       0x20 build/usart.o
 .debug_ranges  0x000000d0       0x20 build/usb_otg.o
 .debug_ranges  0x000000f0       0x58 build/stm32f7xx_it.o
 .debug_ranges  0x00000148       0x10 build/stm32f7xx_hal_msp.o
 .debug_ranges  0x00000158      0x128 build/stm32f7xx_hal_can.o
 .debug_ranges  0x00000280       0x78 build/stm32f7xx_hal_rcc.o
 .debug_ranges  0x000002f8       0x40 build/stm32f7xx_hal_rcc_ex.o
 .debug_ranges  0x00000338       0x48 build/stm32f7xx_hal_gpio.o
 .debug_ranges  0x00000380       0x90 build/stm32f7xx_hal_pwr.o
 .debug_ranges  0x00000410       0x70 build/stm32f7xx_hal_pwr_ex.o
 .debug_ranges  0x00000480       0xd8 build/stm32f7xx_hal_cortex.o
 .debug_ranges  0x00000558      0x100 build/stm32f7xx_hal.o
 .debug_ranges  0x00000658      0x1d8 build/stm32f7xx_hal_eth.o
 .debug_ranges  0x00000830      0x238 build/stm32f7xx_hal_uart.o
 .debug_ranges  0x00000a68      0x138 build/stm32f7xx_hal_pcd.o
 .debug_ranges  0x00000ba0       0x38 build/stm32f7xx_hal_pcd_ex.o
 .debug_ranges  0x00000bd8      0x190 build/stm32f7xx_ll_usb.o
 .debug_ranges  0x00000d68       0x18 build/system_stm32f7xx.o
 .debug_ranges  0x00000d80       0x10 build/sysmem.o
 .debug_ranges  0x00000d90       0x98 build/syscalls.o
 .debug_ranges  0x00000e28       0x20 build/startup_stm32f767xx.o

.debug_line     0x00000000    0x14655
 .debug_line    0x00000000      0x3c6 build/main.o
 .debug_line    0x000003c6      0x193 build/gpio.o
 .debug_line    0x00000559      0x3c7 build/can.o
 .debug_line    0x00000920      0x33c build/eth.o
 .debug_line    0x00000c5c      0x2a5 build/usart.o
 .debug_line    0x00000f01      0x2e2 build/usb_otg.o
 .debug_line    0x000011e3      0x1ed build/stm32f7xx_it.o
 .debug_line    0x000013d0       0xd1 build/stm32f7xx_hal_msp.o
 .debug_line    0x000014a1     0x10bb build/stm32f7xx_hal_can.o
 .debug_line    0x0000255c      0xd16 build/stm32f7xx_hal_rcc.o
 .debug_line    0x00003272      0xbd9 build/stm32f7xx_hal_rcc_ex.o
 .debug_line    0x00003e4b      0x6aa build/stm32f7xx_hal_gpio.o
 .debug_line    0x000044f5      0x3dc build/stm32f7xx_hal_pwr.o
 .debug_line    0x000048d1      0x52c build/stm32f7xx_hal_pwr_ex.o
 .debug_line    0x00004dfd      0x77a build/stm32f7xx_hal_cortex.o
 .debug_line    0x00005577      0x548 build/stm32f7xx_hal.o
 .debug_line    0x00005abf     0x1cee build/stm32f7xx_hal_eth.o
 .debug_line    0x000077ad     0x3fb6 build/stm32f7xx_hal_uart.o
 .debug_line    0x0000b763     0x1378 build/stm32f7xx_hal_pcd.o
 .debug_line    0x0000cadb      0x2a9 build/stm32f7xx_hal_pcd_ex.o
 .debug_line    0x0000cd84     0x1e84 build/stm32f7xx_ll_usb.o
 .debug_line    0x0000ec08      0x1c7 build/system_stm32f7xx.o
 .debug_line    0x0000edcf       0xfd build/sysmem.o
 .debug_line    0x0000eecc      0x372 build/syscalls.o
 .debug_line    0x0000f23e       0x73 build/startup_stm32f767xx.o
 .debug_line    0x0000f2b1      0x11e /usr/lib/gcc/arm-none-eabi/13.2.1/../../../arm-none-eabi/lib/thumb/v7e-m+dp/hard/libc_nano.a(libc_a-init.o)
 .debug_line    0x0000f3cf      0x1b6 /usr/lib/gcc/arm-none-eabi/13.2.1/../../../arm-none-eabi/lib/thumb/v7e-m+dp/hard/libc_nano.a(libc_a-memset.o)
 .debug_line    0x0000f585      0x10c /usr/lib/gcc/arm-none-eabi/13.2.1/../../../arm-none-eabi/lib/thumb/v7e-m+dp/hard/libc_nano.a(libc_a-errno.o)
 .debug_line    0x0000f691      0x1c5 /usr/lib/gcc/arm-none-eabi/13.2.1/../../../arm-none-eabi/lib/thumb/v7e-m+dp/hard/libc_nano.a(libc_a-printf.o)
 .debug_line    0x0000f856      0x6c5 /usr/lib/gcc/arm-none-eabi/13.2.1/../../../arm-none-eabi/lib/thumb/v7e-m+dp/hard/libc_nano.a(libc_a-nano-vfprintf.o)
 .debug_line    0x0000ff1b      0x256 /usr/lib/gcc/arm-none-eabi/13.2.1/../../../arm-none-eabi/lib/thumb/v7e-m+dp/hard/libc_nano.a(libc_a-wbuf.o)
 .debug_line    0x00010171       0xe7 /usr/lib/gcc/arm-none-eabi/13.2.1/../../../arm-none-eabi/lib/thumb/v7e-m+dp/hard/libc_nano.a(libc_a-impure.o)
 .debug_line    0x00010258      0x5ec /usr/lib/gcc/arm-none-eabi/13.2.1/../../../arm-none-eabi/lib/thumb/v7e-m+dp/hard/libc_nano.a(libc_a-fvwrite.o)
 .debug_line    0x00010844      0x4fc /usr/lib/gcc/arm-none-eabi/13.2.1/../../../arm-none-eabi/lib/thumb/v7e-m+dp/hard/libc_nano.a(libc_a-findfp.o)
 .debug_line    0x00010d40      0x446 /usr/lib/gcc/arm-none-eabi/13.2.1/../../../arm-none-eabi/lib/thumb/v7e-m+dp/hard/libc_nano.a(libc_a-fflush.o)
 .debug_line    0x00011186      0x446 /usr/lib/gcc/arm-none-eabi/13.2.1/../../../arm-none-eabi/lib/thumb/v7e-m+dp/hard/libc_nano.a(libc_a-mallocr.o)
 .debug_line    0x000115cc      0x2c3 /usr/lib/gcc/arm-none-eabi/13.2.1/../../../arm-none-eabi/lib/thumb/v7e-m+dp/hard/libc_nano.a(libc_a-freer.o)
 .debug_line    0x0001188f      0x1f1 /usr/lib/gcc/arm-none-eabi/13.2.1/../../../arm-none-eabi/lib/thumb/v7e-m+dp/hard/libc_nano.a(libc_a-memmove.o)
 .debug_line    0x00011a80      0x1d1 /usr/lib/gcc/arm-none-eabi/13.2.1/../../../arm-none-eabi/lib/thumb/v7e-m+dp/hard/libc_nano.a(libc_a-fwalk.o)
 .debug_line    0x00011c51       0x84 /usr/lib/gcc/arm-none-eabi/13.2.1/../../../arm-none-eabi/lib/thumb/v7e-m+dp/hard/libc_nano.a(libc_a-memchr.o)
 .debug_line    0x00011cd5      0x2b0 /usr/lib/gcc/arm-none-eabi/13.2.1/../../../arm-none-eabi/lib/thumb/v7e-m+dp/hard/libc_nano.a(libc_a-wsetup.o)
 .debug_line    0x00011f85       0xb9 /usr/lib/gcc/arm-none-eabi/13.2.1/../../../arm-none-eabi/lib/thumb/v7e-m+dp/hard/libc_nano.a(libc_a-memcpy.o)
 .debug_line    0x0001203e      0x1f8 /usr/lib/gcc/arm-none-eabi/13.2.1/../../../arm-none-eabi/lib/thumb/v7e-m+dp/hard/libc_nano.a(libc_a-reallocr.o)
 .debug_line    0x00012236      0x75d /usr/lib/gcc/arm-none-eabi/13.2.1/../../../arm-none-eabi/lib/thumb/v7e-m+dp/hard/libc_nano.a(libc_a-nano-vfprintf_i.o)
 .debug_line    0x00012993      0x153 /usr/lib/gcc/arm-none-eabi/13.2.1/../../../arm-none-eabi/lib/thumb/v7e-m+dp/hard/libc_nano.a(libc_a-mlock.o)
 .debug_line    0x00012ae6      0x3a7 /usr/lib/gcc/arm-none-eabi/13.2.1/../../../arm-none-eabi/lib/thumb/v7e-m+dp/hard/libc_nano.a(libc_a-makebuf.o)
 .debug_line    0x00012e8d      0x194 /usr/lib/gcc/arm-none-eabi/13.2.1/../../../arm-none-eabi/lib/thumb/v7e-m+dp/hard/libc_nano.a(libc_a-isattyr.o)
 .debug_line    0x00013021      0x193 /usr/lib/gcc/arm-none-eabi/13.2.1/../../../arm-none-eabi/lib/thumb/v7e-m+dp/hard/libc_nano.a(libc_a-sbrkr.o)
 .debug_line    0x000131b4      0x22b /usr/lib/gcc/arm-none-eabi/13.2.1/../../../arm-none-eabi/lib/thumb/v7e-m+dp/hard/libc_nano.a(libc_a-stdio.o)
 .debug_line    0x000133df      0x176 /usr/lib/gcc/arm-none-eabi/13.2.1/../../../arm-none-eabi/lib/thumb/v7e-m+dp/hard/libc_nano.a(libc_a-msizer.o)
 .debug_line    0x00013555      0x193 /usr/lib/gcc/arm-none-eabi/13.2.1/../../../arm-none-eabi/lib/thumb/v7e-m+dp/hard/libc_nano.a(libc_a-closer.o)
 .debug_line    0x000136e8      0x198 /usr/lib/gcc/arm-none-eabi/13.2.1/../../../arm-none-eabi/lib/thumb/v7e-m+dp/hard/libc_nano.a(libc_a-readr.o)
 .debug_line    0x00013880      0x27b /usr/lib/gcc/arm-none-eabi/13.2.1/../../../arm-none-eabi/lib/thumb/v7e-m+dp/hard/libc_nano.a(libc_a-reent.o)
 .debug_line    0x00013afb      0x21c /usr/lib/gcc/arm-none-eabi/13.2.1/../../../arm-none-eabi/lib/thumb/v7e-m+dp/hard/libc_nano.a(libc_a-fstatr.o)
 .debug_line    0x00013d17      0x199 /usr/lib/gcc/arm-none-eabi/13.2.1/../../../arm-none-eabi/lib/thumb/v7e-m+dp/hard/libc_nano.a(libc_a-lseekr.o)
 .debug_line    0x00013eb0      0x199 /usr/lib/gcc/arm-none-eabi/13.2.1/../../../arm-none-eabi/lib/thumb/v7e-m+dp/hard/libc_nano.a(libc_a-writer.o)
 .debug_line    0x00014049       0x4e /usr/lib/gcc/arm-none-eabi/13.2.1/thumb/v7e-m+dp/hard/libgcc.a(_aeabi_uldivmod.o)
 .debug_line    0x00014097      0x574 /usr/lib/gcc/arm-none-eabi/13.2.1/thumb/v7e-m+dp/hard/libgcc.a(_udivmoddi4.o)
 .debug_line    0x0001460b       0x4a /usr/lib/gcc/arm-none-eabi/13.2.1/thumb/v7e-m+dp/hard/libgcc.a(_dvmd_tls.o)

.debug_str      0x00000000     0x7393
 .debug_str     0x00000000     0x7393 build/main.o
                                0xa96 (size before relaxing)
 .debug_str     0x00007393      0x355 build/gpio.o
 .debug_str     0x00007393      0xe7a build/can.o
 .debug_str     0x00007393      0xa2f build/eth.o
 .debug_str     0x00007393      0xb21 build/usart.o
 .debug_str     0x00007393      0xaae build/usb_otg.o
 .debug_str     0x00007393      0x4bf build/stm32f7xx_it.o
 .debug_str     0x00007393      0x2a1 build/stm32f7xx_hal_msp.o
 .debug_str     0x00007393      0x9ee build/stm32f7xx_hal_can.o
 .debug_str     0x00007393      0x6e0 build/stm32f7xx_hal_rcc.o
 .debug_str     0x00007393      0x6f8 build/stm32f7xx_hal_rcc_ex.o
 .debug_str     0x00007393      0x4b1 build/stm32f7xx_hal_gpio.o
 .debug_str     0x00007393      0x5fc build/stm32f7xx_hal_pwr.o
 .debug_str     0x00007393      0x60b build/stm32f7xx_hal_pwr_ex.o
 .debug_str     0x00007393      0xe32 build/stm32f7xx_hal_cortex.o
 .debug_str     0x00007393      0xd04 build/stm32f7xx_hal.o
 .debug_str     0x00007393     0x16a7 build/stm32f7xx_hal_eth.o
 .debug_str     0x00007393      0xfe0 build/stm32f7xx_hal_uart.o
 .debug_str     0x00007393      0xdfa build/stm32f7xx_hal_pcd.o
 .debug_str     0x00007393      0x74a build/stm32f7xx_hal_pcd_ex.o
 .debug_str     0x00007393      0xd25 build/stm32f7xx_ll_usb.o
 .debug_str     0x00007393      0x41a build/system_stm32f7xx.o
 .debug_str     0x00007393      0x1e4 build/sysmem.o
 .debug_str     0x00007393      0x3cd build/syscalls.o
 .debug_str     0x00007393       0x54 build/startup_stm32f767xx.o
 .debug_str     0x00007393      0x1fd /usr/lib/gcc/arm-none-eabi/13.2.1/../../../arm-none-eabi/lib/thumb/v7e-m+dp/hard/libc_nano.a(libc_a-init.o)
 .debug_str     0x00007393      0x1b0 /usr/lib/gcc/arm-none-eabi/13.2.1/../../../arm-none-eabi/lib/thumb/v7e-m+dp/hard/libc_nano.a(libc_a-memset.o)
 .debug_str     0x00007393      0x4b9 /usr/lib/gcc/arm-none-eabi/13.2.1/../../../arm-none-eabi/lib/thumb/v7e-m+dp/hard/libc_nano.a(libc_a-errno.o)
 .debug_str     0x00007393      0x4fa /usr/lib/gcc/arm-none-eabi/13.2.1/../../../arm-none-eabi/lib/thumb/v7e-m+dp/hard/libc_nano.a(libc_a-printf.o)
 .debug_str     0x00007393      0x82c /usr/lib/gcc/arm-none-eabi/13.2.1/../../../arm-none-eabi/lib/thumb/v7e-m+dp/hard/libc_nano.a(libc_a-nano-vfprintf.o)
 .debug_str     0x00007393      0x4f5 /usr/lib/gcc/arm-none-eabi/13.2.1/../../../arm-none-eabi/lib/thumb/v7e-m+dp/hard/libc_nano.a(libc_a-wbuf.o)
 .debug_str     0x00007393      0x4bf /usr/lib/gcc/arm-none-eabi/13.2.1/../../../arm-none-eabi/lib/thumb/v7e-m+dp/hard/libc_nano.a(libc_a-impure.o)
 .debug_str     0x00007393      0x563 /usr/lib/gcc/arm-none-eabi/13.2.1/../../../arm-none-eabi/lib/thumb/v7e-m+dp/hard/libc_nano.a(libc_a-fvwrite.o)
 .debug_str     0x00007393      0x6c2 /usr/lib/gcc/arm-none-eabi/13.2.1/../../../arm-none-eabi/lib/thumb/v7e-m+dp/hard/libc_nano.a(libc_a-findfp.o)
 .debug_str     0x00007393      0x546 /usr/lib/gcc/arm-none-eabi/13.2.1/../../../arm-none-eabi/lib/thumb/v7e-m+dp/hard/libc_nano.a(libc_a-fflush.o)
 .debug_str     0x00007393      0x5a0 /usr/lib/gcc/arm-none-eabi/13.2.1/../../../arm-none-eabi/lib/thumb/v7e-m+dp/hard/libc_nano.a(libc_a-mallocr.o)
 .debug_str     0x00007393      0x53f /usr/lib/gcc/arm-none-eabi/13.2.1/../../../arm-none-eabi/lib/thumb/v7e-m+dp/hard/libc_nano.a(libc_a-freer.o)
 .debug_str     0x00007393      0x1cf /usr/lib/gcc/arm-none-eabi/13.2.1/../../../arm-none-eabi/lib/thumb/v7e-m+dp/hard/libc_nano.a(libc_a-memmove.o)
 .debug_str     0x00007393      0x4cf /usr/lib/gcc/arm-none-eabi/13.2.1/../../../arm-none-eabi/lib/thumb/v7e-m+dp/hard/libc_nano.a(libc_a-fwalk.o)
 .debug_str     0x00007393       0x9e /usr/lib/gcc/arm-none-eabi/13.2.1/../../../arm-none-eabi/lib/thumb/v7e-m+dp/hard/libc_nano.a(libc_a-memchr.o)
 .debug_str     0x00007393      0x4f0 /usr/lib/gcc/arm-none-eabi/13.2.1/../../../arm-none-eabi/lib/thumb/v7e-m+dp/hard/libc_nano.a(libc_a-wsetup.o)
 .debug_str     0x00007393       0xac /usr/lib/gcc/arm-none-eabi/13.2.1/../../../arm-none-eabi/lib/thumb/v7e-m+dp/hard/libc_nano.a(libc_a-memcpy.o)
 .debug_str     0x00007393      0x535 /usr/lib/gcc/arm-none-eabi/13.2.1/../../../arm-none-eabi/lib/thumb/v7e-m+dp/hard/libc_nano.a(libc_a-reallocr.o)
 .debug_str     0x00007393      0x79e /usr/lib/gcc/arm-none-eabi/13.2.1/../../../arm-none-eabi/lib/thumb/v7e-m+dp/hard/libc_nano.a(libc_a-nano-vfprintf_i.o)
 .debug_str     0x00007393      0x4dd /usr/lib/gcc/arm-none-eabi/13.2.1/../../../arm-none-eabi/lib/thumb/v7e-m+dp/hard/libc_nano.a(libc_a-mlock.o)
 .debug_str     0x00007393      0x652 /usr/lib/gcc/arm-none-eabi/13.2.1/../../../arm-none-eabi/lib/thumb/v7e-m+dp/hard/libc_nano.a(libc_a-makebuf.o)
 .debug_str     0x00007393      0x4bf /usr/lib/gcc/arm-none-eabi/13.2.1/../../../arm-none-eabi/lib/thumb/v7e-m+dp/hard/libc_nano.a(libc_a-isattyr.o)
 .debug_str     0x00007393      0x4c8 /usr/lib/gcc/arm-none-eabi/13.2.1/../../../arm-none-eabi/lib/thumb/v7e-m+dp/hard/libc_nano.a(libc_a-sbrkr.o)
 .debug_str     0x00007393      0x52c /usr/lib/gcc/arm-none-eabi/13.2.1/../../../arm-none-eabi/lib/thumb/v7e-m+dp/hard/libc_nano.a(libc_a-stdio.o)
 .debug_str     0x00007393      0x508 /usr/lib/gcc/arm-none-eabi/13.2.1/../../../arm-none-eabi/lib/thumb/v7e-m+dp/hard/libc_nano.a(libc_a-msizer.o)
 .debug_str     0x00007393      0x4b5 /usr/lib/gcc/arm-none-eabi/13.2.1/../../../arm-none-eabi/lib/thumb/v7e-m+dp/hard/libc_nano.a(libc_a-closer.o)
 .debug_str     0x00007393      0x4c3 /usr/lib/gcc/arm-none-eabi/13.2.1/../../../arm-none-eabi/lib/thumb/v7e-m+dp/hard/libc_nano.a(libc_a-readr.o)
 .debug_str     0x00007393      0x4de /usr/lib/gcc/arm-none-eabi/13.2.1/../../../arm-none-eabi/lib/thumb/v7e-m+dp/hard/libc_nano.a(libc_a-reent.o)
 .debug_str     0x00007393      0x607 /usr/lib/gcc/arm-none-eabi/13.2.1/../../../arm-none-eabi/lib/thumb/v7e-m+dp/hard/libc_nano.a(libc_a-fstatr.o)
 .debug_str     0x00007393      0x4c3 /usr/lib/gcc/arm-none-eabi/13.2.1/../../../arm-none-eabi/lib/thumb/v7e-m+dp/hard/libc_nano.a(libc_a-lseekr.o)
 .debug_str     0x00007393      0x4c5 /usr/lib/gcc/arm-none-eabi/13.2.1/../../../arm-none-eabi/lib/thumb/v7e-m+dp/hard/libc_nano.a(libc_a-writer.o)
 .debug_str     0x00007393       0xa3 /usr/lib/gcc/arm-none-eabi/13.2.1/thumb/v7e-m+dp/hard/libgcc.a(_aeabi_uldivmod.o)
 .debug_str     0x00007393      0x688 /usr/lib/gcc/arm-none-eabi/13.2.1/thumb/v7e-m+dp/hard/libgcc.a(_udivmoddi4.o)
 .debug_str     0x00007393       0xc3 /usr/lib/gcc/arm-none-eabi/13.2.1/thumb/v7e-m+dp/hard/libgcc.a(_dvmd_tls.o)

.debug_frame    0x00000000     0x2ec4
 .debug_frame   0x00000000       0x94 build/main.o
 .debug_frame   0x00000094       0x34 build/gpio.o
 .debug_frame   0x000000c8       0xbc build/can.o
 .debug_frame   0x00000184       0x64 build/eth.o
 .debug_frame   0x000001e8       0x64 build/usart.o
 .debug_frame   0x0000024c       0x68 build/usb_otg.o
 .debug_frame   0x000002b4       0xc0 build/stm32f7xx_it.o
 .debug_frame   0x00000374       0x28 build/stm32f7xx_hal_msp.o
 .debug_frame   0x0000039c      0x2dc build/stm32f7xx_hal_can.o
 .debug_frame   0x00000678      0x178 build/stm32f7xx_hal_rcc.o
 .debug_frame   0x000007f0       0xc0 build/stm32f7xx_hal_rcc_ex.o
 .debug_frame   0x000008b0       0xd8 build/stm32f7xx_hal_gpio.o
 .debug_frame   0x00000988      0x128 build/stm32f7xx_hal_pwr.o
 .debug_frame   0x00000ab0      0x134 build/stm32f7xx_hal_pwr_ex.o
 .debug_frame   0x00000be4      0x1ec build/stm32f7xx_hal_cortex.o
 .debug_frame   0x00000dd0      0x22c build/stm32f7xx_hal.o
 .debug_frame   0x00000ffc      0x564 build/stm32f7xx_hal_eth.o
 .debug_frame   0x00001560      0x608 build/stm32f7xx_hal_uart.o
 .debug_frame   0x00001b68      0x388 build/stm32f7xx_hal_pcd.o
 .debug_frame   0x00001ef0       0x7c build/stm32f7xx_hal_pcd_ex.o
 .debug_frame   0x00001f6c      0x49c build/stm32f7xx_ll_usb.o
 .debug_frame   0x00002408       0x30 build/system_stm32f7xx.o
 .debug_frame   0x00002438       0x28 build/sysmem.o
 .debug_frame   0x00002460      0x190 build/syscalls.o
 .debug_frame   0x000025f0       0x2c /usr/lib/gcc/arm-none-eabi/13.2.1/../../../arm-none-eabi/lib/thumb/v7e-m+dp/hard/libc_nano.a(libc_a-init.o)
 .debug_frame   0x0000261c       0x2c /usr/lib/gcc/arm-none-eabi/13.2.1/../../../arm-none-eabi/lib/thumb/v7e-m+dp/hard/libc_nano.a(libc_a-memset.o)