Archive member included to satisfy reference by file (symbol)

/usr/lib/gcc/arm-none-eabi/13.2.1/../../../arm-none-eabi/lib/thumb/v7e-m+dp/hard/libc_nano.a(libc_a-init.o)
                              /usr/lib/gcc/arm-none-eabi/13.2.1/../../../arm-none-eabi/lib/thumb/v7e-m+dp/hard/crt0.o (__libc_init_array)
/usr/lib/gcc/arm-none-eabi/13.2.1/../../../arm-none-eabi/lib/thumb/v7e-m+dp/hard/libc_nano.a(libc_a-memset.o)
                              /usr/lib/gcc/arm-none-eabi/13.2.1/../../../arm-none-eabi/lib/thumb/v7e-m+dp/hard/crt0.o (memset)
/usr/lib/gcc/arm-none-eabi/13.2.1/../../../arm-none-eabi/lib/thumb/v7e-m+dp/hard/libc_nano.a(libc_a-errno.o)
                              build/sysmem.o (__errno)
/usr/lib/gcc/arm-none-eabi/13.2.1/../../../arm-none-eabi/lib/thumb/v7e-m+dp/hard/libc_nano.a(libc_a-exit.o)
                              /usr/lib/gcc/arm-none-eabi/13.2.1/../../../arm-none-eabi/lib/thumb/v7e-m+dp/hard/crt0.o (exit)
/usr/lib/gcc/arm-none-eabi/13.2.1/../../../arm-none-eabi/lib/thumb/v7e-m+dp/hard/libc_nano.a(libc_a-atexit.o)
                              /usr/lib/gcc/arm-none-eabi/13.2.1/../../../arm-none-eabi/lib/thumb/v7e-m+dp/hard/crt0.o (atexit)
/usr/lib/gcc/arm-none-eabi/13.2.1/../../../arm-none-eabi/lib/thumb/v7e-m+dp/hard/libc_nano.a(libc_a-fini.o)
                              /usr/lib/gcc/arm-none-eabi/13.2.1/../../../arm-none-eabi/lib/thumb/v7e-m+dp/hard/crt0.o (__libc_fini_array)
/usr/lib/gcc/arm-none-eabi/13.2.1/../../../arm-none-eabi/lib/thumb/v7e-m+dp/hard/libc_nano.a(libc_a-impure.o)
                              /usr/lib/gcc/arm-none-eabi/13.2.1/../../../arm-none-eabi/lib/thumb/v7e-m+dp/hard/libc_nano.a(libc_a-errno.o) (_impure_ptr)
/usr/lib/gcc/arm-none-eabi/13.2.1/../../../arm-none-eabi/lib/thumb/v7e-m+dp/hard/libc_nano.a(libc_a-findfp.o)
                              /usr/lib/gcc/arm-none-eabi/13.2.1/../../../arm-none-eabi/lib/thumb/v7e-m+dp/hard/libc_nano.a(libc_a-exit.o) (__stdio_exit_handler)
/usr/lib/gcc/arm-none-eabi/13.2.1/../../../arm-none-eabi/lib/thumb/v7e-m+dp/hard/libc_nano.a(libc_a-fflush.o)
                              /usr/lib/gcc/arm-none-eabi/13.2.1/../../../arm-none-eabi/lib/thumb/v7e-m+dp/hard/libc_nano.a(libc_a-findfp.o) (_fflush_r)
/usr/lib/gcc/arm-none-eabi/13.2.1/../../../arm-none-eabi/lib/thumb/v7e-m+dp/hard/libc_nano.a(libc_a-mallocr.o)
                              /usr/lib/gcc/arm-none-eabi/13.2.1/../../../arm-none-eabi/lib/thumb/v7e-m+dp/hard/libc_nano.a(libc_a-findfp.o) (_malloc_r)
/usr/lib/gcc/arm-none-eabi/13.2.1/../../../arm-none-eabi/lib/thumb/v7e-m+dp/hard/libc_nano.a(libc_a-freer.o)
                              /usr/lib/gcc/arm-none-eabi/13.2.1/../../../arm-none-eabi/lib/thumb/v7e-m+dp/hard/libc_nano.a(libc_a-fflush.o) (_free_r)
/usr/lib/gcc/arm-none-eabi/13.2.1/../../../arm-none-eabi/lib/thumb/v7e-m+dp/hard/libc_nano.a(libc_a-fwalk.o)
                              /usr/lib/gcc/arm-none-eabi/13.2.1/../../../arm-none-eabi/lib/thumb/v7e-m+dp/hard/libc_nano.a(libc_a-findfp.o) (_fwalk_sglue)
/usr/lib/gcc/arm-none-eabi/13.2.1/../../../arm-none-eabi/lib/thumb/v7e-m+dp/hard/libc_nano.a(libc_a-__atexit.o)
                              /usr/lib/gcc/arm-none-eabi/13.2.1/../../../arm-none-eabi/lib/thumb/v7e-m+dp/hard/libc_nano.a(libc_a-atexit.o) (__register_exitproc)
/usr/lib/gcc/arm-none-eabi/13.2.1/../../../arm-none-eabi/lib/thumb/v7e-m+dp/hard/libc_nano.a(libc_a-mlock.o)
                              /usr/lib/gcc/arm-none-eabi/13.2.1/../../../arm-none-eabi/lib/thumb/v7e-m+dp/hard/libc_nano.a(libc_a-mallocr.o) (__malloc_lock)
/usr/lib/gcc/arm-none-eabi/13.2.1/../../../arm-none-eabi/lib/thumb/v7e-m+dp/hard/libc_nano.a(libc_a-sbrkr.o)
                              /usr/lib/gcc/arm-none-eabi/13.2.1/../../../arm-none-eabi/lib/thumb/v7e-m+dp/hard/libc_nano.a(libc_a-mallocr.o) (_sbrk_r)
/usr/lib/gcc/arm-none-eabi/13.2.1/../../../arm-none-eabi/lib/thumb/v7e-m+dp/hard/libc_nano.a(libc_a-stdio.o)
                              /usr/lib/gcc/arm-none-eabi/13.2.1/../../../arm-none-eabi/lib/thumb/v7e-m+dp/hard/libc_nano.a(libc_a-findfp.o) (__sread)
/usr/lib/gcc/arm-none-eabi/13.2.1/../../../arm-none-eabi/lib/thumb/v7e-m+dp/hard/libc_nano.a(libc_a-closer.o)
                              /usr/lib/gcc/arm-none-eabi/13.2.1/../../../arm-none-eabi/lib/thumb/v7e-m+dp/hard/libc_nano.a(libc_a-stdio.o) (_close_r)
/usr/lib/gcc/arm-none-eabi/13.2.1/../../../arm-none-eabi/lib/thumb/v7e-m+dp/hard/libc_nano.a(libc_a-__call_atexit.o)
                              /usr/lib/gcc/arm-none-eabi/13.2.1/../../../arm-none-eabi/lib/thumb/v7e-m+dp/hard/libc_nano.a(libc_a-__atexit.o) (__call_exitprocs)
/usr/lib/gcc/arm-none-eabi/13.2.1/../../../arm-none-eabi/lib/thumb/v7e-m+dp/hard/libc_nano.a(libc_a-readr.o)
                              /usr/lib/gcc/arm-none-eabi/13.2.1/../../../arm-none-eabi/lib/thumb/v7e-m+dp/hard/libc_nano.a(libc_a-stdio.o) (_read_r)
/usr/lib/gcc/arm-none-eabi/13.2.1/../../../arm-none-eabi/lib/thumb/v7e-m+dp/hard/libc_nano.a(libc_a-reent.o)
[...]
Memory Configuration

Name             Origin             Length             Attributes
RAM              0x20000000         0x00080000         xrw
FLASH            0x08000000         0x00200000         xr
*default*        0x00000000         0xffffffff

Linker script and memory map

LOAD /usr/lib/gcc/arm-none-eabi/13.2.1/thumb/v7e-m+dp/hard/crti.o
LOAD /usr/lib/gcc/arm-none-eabi/13.2.1/thumb/v7e-m+dp/hard/crtbegin.o
LOAD /usr/lib/gcc/arm-none-eabi/13.2.1/../../../arm-none-eabi/lib/thumb/v7e-m+dp/hard/crt0.o
LOAD build/main.o
LOAD build/gpio.o
LOAD build/can.o
LOAD build/eth.o
LOAD build/usart.o
LOAD build/usb_otg.o
LOAD build/stm32f7xx_it.o
LOAD build/stm32f7xx_hal_msp.o
LOAD build/stm32f7xx_hal_can.o
LOAD build/stm32f7xx_hal_rcc.o
LOAD build/stm32f7xx_hal_rcc_ex.o
LOAD build/stm32f7xx_hal_flash.o
LOAD build/stm32f7xx_hal_flash_ex.o
LOAD build/stm32f7xx_hal_gpio.o
LOAD build/stm32f7xx_hal_dma.o
LOAD build/stm32f7xx_hal_dma_ex.o
LOAD build/stm32f7xx_hal_pwr.o
LOAD build/stm32f7xx_hal_pwr_ex.o
LOAD build/stm32f7xx_hal_cortex.o
LOAD build/stm32f7xx_hal.o
LOAD build/stm32f7xx_hal_i2c.o
LOAD build/stm32f7xx_hal_i2c_ex.o
LOAD build/stm32f7xx_hal_exti.o
LOAD build/stm32f7xx_hal_eth.o
LOAD build/stm32f7xx_hal_uart.o
LOAD build/stm32f7xx_hal_uart_ex.o
LOAD build/stm32f7xx_hal_pcd.o
LOAD build/stm32f7xx_hal_pcd_ex.o
LOAD build/stm32f7xx_ll_usb.o
LOAD build/system_stm32f7xx.o
LOAD build/sysmem.o
LOAD build/syscalls.o
LOAD build/startup_stm32f767xx.o
LOAD /usr/lib/gcc/arm-none-eabi/13.2.1/../../../arm-none-eabi/lib/thumb/v7e-m+dp/hard/libc_nano.a
LOAD /usr/lib/gcc/arm-none-eabi/13.2.1/../../../arm-none-eabi/lib/thumb/v7e-m+dp/hard/libm.a
LOAD /usr/lib/gcc/arm-none-eabi/13.2.1/../../../arm-none-eabi/lib/thumb/v7e-m+dp/hard/libnosys.a
START GROUP
LOAD /usr/lib/gcc/arm-none-eabi/13.2.1/thumb/v7e-m+dp/hard/libgcc.a
LOAD /usr/lib/gcc/arm-none-eabi/13.2.1/../../../arm-none-eabi/lib/thumb/v7e-m+dp/hard/libc_nano.a
END GROUP
START GROUP
LOAD /usr/lib/gcc/arm-none-eabi/13.2.1/thumb/v7e-m+dp/hard/libgcc.a
LOAD /usr/lib/gcc/arm-none-eabi/13.2.1/../../../arm-none-eabi/lib/thumb/v7e-m+dp/hard/libc_nano.a
END GROUP
LOAD /usr/lib/gcc/arm-none-eabi/13.2.1/thumb/v7e-m+dp/hard/crtend.o
LOAD /usr/lib/gcc/arm-none-eabi/13.2.1/thumb/v7e-m+dp/hard/crtn.o
                0x20080000                        _estack = (ORIGIN (RAM) + LENGTH (RAM))
                0x00000200                        _Min_Heap_Size = 0x200
                0x00000400                        _Min_Stack_Size = 0x400

.isr_vector     0x08000000      0x1f8
                0x08000000                        . = ALIGN (0x4)
 *(.isr_vector)
 .isr_vector    0x08000000      0x1f8 build/startup_stm32f767xx.o
                0x08000000                g_pfnVectors
                0x080001f8                        . = ALIGN (0x4)

.text           0x080001f8     0x3004
                0x080001f8                        . = ALIGN (0x4)
 *(.text)
 .text          0x080001f8       0x88 /usr/lib/gcc/arm-none-eabi/13.2.1/thumb/v7e-m+dp/hard/crtbegin.o
 .text          0x08000280       0x50 /usr/lib/gcc/arm-none-eabi/13.2.1/../../../arm-none-eabi/lib/thumb/v7e-m+dp/hard/libc_nano.a(libc_a-init.o)
                0x08000280                __libc_init_array
 .text          0x080002d0       0xa4 /usr/lib/gcc/arm-none-eabi/13.2.1/../../../arm-none-eabi/lib/thumb/v7e-m+dp/hard/libc_nano.a(libc_a-memset.o)
                0x080002d0                memset
 .text          0x08000374       0x30 /usr/lib/gcc/arm-none-eabi/13.2.1/thumb/v7e-m+dp/hard/libgcc.a(_aeabi_uldivmod.o)
                0x08000374                __aeabi_uldivmod
 .text          0x080003a4      0x2bc /usr/lib/gcc/arm-none-eabi/13.2.1/thumb/v7e-m+dp/hard/libgcc.a(_udivmoddi4.o)
                0x080003a4                __udivmoddi4
 .text          0x08000660        0x4 /usr/lib/gcc/arm-none-eabi/13.2.1/thumb/v7e-m+dp/hard/libgcc.a(_dvmd_tls.o)
                0x08000660                __aeabi_ldiv0
                0x08000660                __aeabi_idiv0
 *(.text*)
 .text.MPU_Config
                0x08000664       0x52 build/main.o
 .text.Error_Handler
                0x080006b6        0x4 build/main.o
                0x080006b6                Error_Handler
 *fill*         0x080006ba        0x2 
 .text.SystemClock_Config
                0x080006bc       0xb4 build/main.o
                0x080006bc                SystemClock_Config
 .text.main     0x08000770       0x24 build/main.o
                0x08000770                main
 .text.MX_GPIO_Init
                0x08000794       0xfc build/gpio.o
                0x08000794                MX_GPIO_Init
 .text.MX_CAN1_Init
                0x08000890       0x40 build/can.o
                0x08000890                MX_CAN1_Init
 .text.HAL_CAN_MspInit
                0x080008d0       0x78 build/can.o
                0x080008d0                HAL_CAN_MspInit
 .text.MX_ETH_Init
                0x08000948       0x70 build/eth.o
                0x08000948                MX_ETH_Init
 .text.HAL_ETH_MspInit
                0x080009b8      0x10c build/eth.o
                0x080009b8                HAL_ETH_MspInit
 .text.MX_USART3_UART_Init
                0x08000ac4       0x38 build/usart.o
                0x08000ac4                MX_USART3_UART_Init
 .text.HAL_UART_MspInit
                0x08000afc       0x8c build/usart.o
                0x08000afc                HAL_UART_MspInit
 .text.MX_USB_OTG_FS_PCD_Init
                0x08000b88       0x38 build/usb_otg.o
                0x08000b88                MX_USB_OTG_FS_PCD_Init
 .text.HAL_PCD_MspInit
                0x08000bc0       0xb0 build/usb_otg.o
                0x08000bc0                HAL_PCD_MspInit
 .text.NMI_Handler
                0x08000c70        0x2 build/stm32f7xx_it.o
                0x08000c70                NMI_Handler
 .text.HardFault_Handler
                0x08000c72        0x2 build/stm32f7xx_it.o
                0x08000c72                HardFault_Handler
 .text.MemManage_Handler
                0x08000c74        0x2 build/stm32f7xx_it.o
                0x08000c74                MemManage_Handler
 .text.BusFault_Handler
                0x08000c76        0x2 build/stm32f7xx_it.o
                0x08000c76                BusFault_Handler
 .text.UsageFault_Handler
                0x08000c78        0x2 build/stm32f7xx_it.o
                0x08000c78                UsageFault_Handler
 .text.SVC_Handler
                0x08000c7a        0x2 build/stm32f7xx_it.o
                0x08000c7a                SVC_Handler
 .text.DebugMon_Handler
                0x08000c7c        0x2 build/stm32f7xx_it.o
                0x08000c7c                DebugMon_Handler
 .text.PendSV_Handler
                0x08000c7e        0x2 build/stm32f7xx_it.o
                0x08000c7e                PendSV_Handler
 .text.SysTick_Handler
                0x08000c80        0x8 build/stm32f7xx_it.o
                0x08000c80                SysTick_Handler
 .text.CAN1_RX0_IRQHandler
                0x08000c88       0x10 build/stm32f7xx_it.o
                0x08000c88                CAN1_RX0_IRQHandler
 .text.HAL_MspInit
                0x08000c98       0x30 build/stm32f7xx_hal_msp.o
                0x08000c98                HAL_MspInit
 .text.HAL_CAN_Init
                0x08000cc8      0x14c build/stm32f7xx_hal_can.o
                0x08000cc8                HAL_CAN_Init
 .text.HAL_CAN_TxMailbox0CompleteCallback
                0x08000e14        0x2 build/stm32f7xx_hal_can.o
                0x08000e14                HAL_CAN_TxMailbox0CompleteCallback
 .text.HAL_CAN_TxMailbox1CompleteCallback
                0x08000e16        0x2 build/stm32f7xx_hal_can.o
                0x08000e16                HAL_CAN_TxMailbox1CompleteCallback
 .text.HAL_CAN_TxMailbox2CompleteCallback
                0x08000e18        0x2 build/stm32f7xx_hal_can.o
                0x08000e18                HAL_CAN_TxMailbox2CompleteCallback
 .text.HAL_CAN_TxMailbox0AbortCallback
                0x08000e1a        0x2 build/stm32f7xx_hal_can.o
                0x08000e1a                HAL_CAN_TxMailbox0AbortCallback
 .text.HAL_CAN_TxMailbox1AbortCallback
                0x08000e1c        0x2 build/stm32f7xx_hal_can.o
                0x08000e1c                HAL_CAN_TxMailbox1AbortCallback
 .text.HAL_CAN_TxMailbox2AbortCallback
                0x08000e1e        0x2 build/stm32f7xx_hal_can.o
                0x08000e1e                HAL_CAN_TxMailbox2AbortCallback
 .text.HAL_CAN_RxFifo0MsgPendingCallback
                0x08000e20        0x2 build/stm32f7xx_hal_can.o
                0x08000e20                HAL_CAN_RxFifo0MsgPendingCallback
 .text.HAL_CAN_RxFifo0FullCallback
                0x08000e22        0x2 build/stm32f7xx_hal_can.o
                0x08000e22                HAL_CAN_RxFifo0FullCallback
 .text.HAL_CAN_RxFifo1MsgPendingCallback
                0x08000e24        0x2 build/stm32f7xx_hal_can.o
                0x08000e24                HAL_CAN_RxFifo1MsgPendingCallback
 .text.HAL_CAN_RxFifo1FullCallback
                0x08000e26        0x2 build/stm32f7xx_hal_can.o
                0x08000e26                HAL_CAN_RxFifo1FullCallback
 .text.HAL_CAN_SleepCallback
                0x08000e28        0x2 build/stm32f7xx_hal_can.o
                0x08000e28                HAL_CAN_SleepCallback
 .text.HAL_CAN_WakeUpFromRxMsgCallback
                0x08000e2a        0x2 build/stm32f7xx_hal_can.o
                0x08000e2a                HAL_CAN_WakeUpFromRxMsgCallback
 .text.HAL_CAN_ErrorCallback
                0x08000e2c        0x2 build/stm32f7xx_hal_can.o
                0x08000e2c                HAL_CAN_ErrorCallback
 .text.HAL_CAN_IRQHandler
                0x08000e2e      0x250 build/stm32f7xx_hal_can.o
                0x08000e2e                HAL_CAN_IRQHandler
 *fill*         0x0800107e        0x2 
 .text.HAL_RCC_OscConfig
                0x08001080      0x444 build/stm32f7xx_hal_rcc.o
                0x08001080                HAL_RCC_OscConfig
 .text.HAL_RCC_GetSysClockFreq
                0x080014c4       0xdc build/stm32f7xx_hal_rcc.o
                0x080014c4                HAL_RCC_GetSysClockFreq
 .text.HAL_RCC_ClockConfig
                0x080015a0      0x16c build/stm32f7xx_hal_rcc.o
                0x080015a0                HAL_RCC_ClockConfig
 .text.HAL_RCC_GetHCLKFreq
                0x0800170c        0xc build/stm32f7xx_hal_rcc.o
                0x0800170c                HAL_RCC_GetHCLKFreq
 .text.HAL_RCC_GetPCLK1Freq
                0x08001718       0x20 build/stm32f7xx_hal_rcc.o
                0x08001718                HAL_RCC_GetPCLK1Freq
 .text.HAL_RCC_GetPCLK2Freq
                0x08001738       0x20 build/stm32f7xx_hal_rcc.o
                0x08001738                HAL_RCC_GetPCLK2Freq
 .text.HAL_RCCEx_PeriphCLKConfig
                0x08001758      0x600 build/stm32f7xx_hal_rcc_ex.o
                0x08001758                HAL_RCCEx_PeriphCLKConfig
 .text.HAL_GPIO_Init
                0x08001d58      0x204 build/stm32f7xx_hal_gpio.o
                0x08001d58                HAL_GPIO_Init
 .text.HAL_GPIO_WritePin
                0x08001f5c        0xc build/stm32f7xx_hal_gpio.o
                0x08001f5c                HAL_GPIO_WritePin
 .text.HAL_PWR_EnableBkUpAccess
                0x08001f68       0x10 build/stm32f7xx_hal_pwr.o
                0x08001f68                HAL_PWR_EnableBkUpAccess
 .text.HAL_PWREx_EnableOverDrive
                0x08001f78       0x7c build/stm32f7xx_hal_pwr_ex.o
                0x08001f78                HAL_PWREx_EnableOverDrive
 .text.__NVIC_SetPriority
                0x08001ff4       0x24 build/stm32f7xx_hal_cortex.o
 .text.NVIC_EncodePriority
                0x08002018       0x3e build/stm32f7xx_hal_cortex.o
 *fill*         0x08002056        0x2 
 .text.HAL_NVIC_SetPriorityGrouping
                0x08002058       0x24 build/stm32f7xx_hal_cortex.o
                0x08002058                HAL_NVIC_SetPriorityGrouping
 .text.HAL_NVIC_SetPriority
                0x0800207c       0x20 build/stm32f7xx_hal_cortex.o
                0x0800207c                HAL_NVIC_SetPriority
 .text.HAL_NVIC_EnableIRQ
                0x0800209c       0x1c build/stm32f7xx_hal_cortex.o
                0x0800209c                HAL_NVIC_EnableIRQ
 .text.HAL_SYSTICK_Config
                0x080020b8       0x28 build/stm32f7xx_hal_cortex.o
                0x080020b8                HAL_SYSTICK_Config
 .text.HAL_MPU_Disable
                0x080020e0       0x1c build/stm32f7xx_hal_cortex.o
                0x080020e0                HAL_MPU_Disable
 .text.HAL_MPU_Enable
                0x080020fc       0x20 build/stm32f7xx_hal_cortex.o
                0x080020fc                HAL_MPU_Enable
 .text.HAL_MPU_ConfigRegion
                0x0800211c       0x58 build/stm32f7xx_hal_cortex.o
                0x0800211c                HAL_MPU_ConfigRegion
 .text.HAL_InitTick
                0x08002174       0x4c build/stm32f7xx_hal.o
                0x08002174                HAL_InitTick
 .text.HAL_Init
                0x080021c0       0x16 build/stm32f7xx_hal.o
                0x080021c0                HAL_Init
 *fill*         0x080021d6        0x2 
 .text.HAL_IncTick
                0x080021d8       0x18 build/stm32f7xx_hal.o
                0x080021d8                HAL_IncTick
 .text.HAL_GetTick
                0x080021f0        0xc build/stm32f7xx_hal.o
                0x080021f0                HAL_GetTick
 .text.HAL_Delay
                0x080021fc       0x28 build/stm32f7xx_hal.o
                0x080021fc                HAL_Delay
 .text.ETH_MACAddressConfig
                0x08002224       0x30 build/stm32f7xx_hal_eth.o
 .text.ETH_DMATxDescListInit
                0x08002254       0x6e build/stm32f7xx_hal_eth.o
 .text.ETH_DMARxDescListInit
                0x080022c2       0x7e build/stm32f7xx_hal_eth.o
 .text.ETH_SetMACConfig
                0x08002340      0x100 build/stm32f7xx_hal_eth.o
 .text.ETH_SetDMAConfig
                0x08002440       0xc0 build/stm32f7xx_hal_eth.o
 .text.ETH_MACDMAConfig
                0x08002500       0xa6 build/stm32f7xx_hal_eth.o
 *fill*         0x080025a6        0x2 
 .text.HAL_ETH_Init
                0x080025a8       0xe8 build/stm32f7xx_hal_eth.o
                0x080025a8                HAL_ETH_Init
 .text.UART_EndRxTransfer
                0x08002690       0x52 build/stm32f7xx_hal_uart.o
 *fill*         0x080026e2        0x2 
 .text.UART_SetConfig
                0x080026e4      0x328 build/stm32f7xx_hal_uart.o
                0x080026e4                UART_SetConfig
 .text.UART_AdvFeatureConfig
                0x08002a0c       0xca build/stm32f7xx_hal_uart.o
                0x08002a0c                UART_AdvFeatureConfig
 .text.UART_WaitOnFlagUntilTimeout
                0x08002ad6       0xa6 build/stm32f7xx_hal_uart.o
                0x08002ad6                UART_WaitOnFlagUntilTimeout
 .text.UART_CheckIdleState
                0x08002b7c       0xc6 build/stm32f7xx_hal_uart.o
                0x08002b7c                UART_CheckIdleState
 .text.HAL_UART_Init
                0x08002c42       0x62 build/stm32f7xx_hal_uart.o
                0x08002c42                HAL_UART_Init
 .text.HAL_PCD_Init
                0x08002ca4      0x112 build/stm32f7xx_hal_pcd.o
                0x08002ca4                HAL_PCD_Init
 *fill*         0x08002db6        0x2 
 .text.HAL_PCDEx_ActivateLPM
                0x08002db8       0x28 build/stm32f7xx_hal_pcd_ex.o
                0x08002db8                HAL_PCDEx_ActivateLPM
 .text.USB_CoreReset
                0x08002de0       0x58 build/stm32f7xx_ll_usb.o
 .text.USB_CoreInit
                0x08002e38       0x84 build/stm32f7xx_ll_usb.o
                0x08002e38                USB_CoreInit
 .text.USB_DisableGlobalInt
                0x08002ebc        0xc build/stm32f7xx_ll_usb.o
                0x08002ebc                USB_DisableGlobalInt
 .text.USB_FlushTxFifo
                0x08002ec8       0x4a build/stm32f7xx_ll_usb.o
                0x08002ec8                USB_FlushTxFifo
 .text.USB_FlushRxFifo
                0x08002f12       0x46 build/stm32f7xx_ll_usb.o
                0x08002f12                USB_FlushRxFifo
 .text.USB_SetDevSpeed
                0x08002f58        0xe build/stm32f7xx_ll_usb.o
                0x08002f58                USB_SetDevSpeed
 *fill*         0x08002f66        0x2 
 .text.USB_DevInit
                0x08002f68      0x18c build/stm32f7xx_ll_usb.o
                0x08002f68                USB_DevInit
 .text.USB_DevDisconnect
                0x080030f4       0x1c build/stm32f7xx_ll_usb.o
                0x080030f4                USB_DevDisconnect
 .text.USB_GetMode
                0x08003110        0x8 build/stm32f7xx_ll_usb.o
                0x08003110                USB_GetMode
 .text.USB_SetCurrentMode
                0x08003118       0x62 build/stm32f7xx_ll_usb.o
                0x08003118                USB_SetCurrentMode
 *fill*         0x0800317a        0x2 
 .text.SystemInit
                0x0800317c       0x14 build/system_stm32f7xx.o
                0x0800317c                SystemInit
 .text.Reset_Handler
                0x08003190       0x50 build/startup_stm32f767xx.o
                0x08003190                Reset_Handler
 .text.Default_Handler
                0x080031e0        0x2 build/startup_stm32f767xx.o
                0x080031e0                RTC_Alarm_IRQHandler
                0x080031e0                EXTI2_IRQHandler
                0x080031e0                TIM8_CC_IRQHandler
                0x080031e0                UART8_IRQHandler
                0x080031e0                SPI4_IRQHandler
                0x080031e0                TIM1_CC_IRQHandler
                0x080031e0                DMA2_Stream5_IRQHandler
                0x080031e0                JPEG_IRQHandler
                0x080031e0                DMA1_Stream5_IRQHandler
                0x080031e0                CAN3_RX1_IRQHandler
                0x080031e0                PVD_IRQHandler
                0x080031e0                TAMP_STAMP_IRQHandler
                0x080031e0                CAN2_RX1_IRQHandler
                0x080031e0                EXTI3_IRQHandler
                0x080031e0                TIM8_TRG_COM_TIM14_IRQHandler
                0x080031e0                DFSDM1_FLT1_IRQHandler
                0x080031e0                TIM1_UP_TIM10_IRQHandler
                0x080031e0                TIM8_UP_TIM13_IRQHandler
                0x080031e0                I2C3_ER_IRQHandler
                0x080031e0                DFSDM1_FLT2_IRQHandler
                0x080031e0                EXTI0_IRQHandler
                0x080031e0                I2C2_EV_IRQHandler
                0x080031e0                DMA1_Stream2_IRQHandler
                0x080031e0                FPU_IRQHandler
                0x080031e0                OTG_HS_WKUP_IRQHandler
                0x080031e0                CAN3_SCE_IRQHandler
                0x080031e0                LTDC_ER_IRQHandler
                0x080031e0                CAN2_SCE_IRQHandler
                0x080031e0                DMA2_Stream2_IRQHandler
                0x080031e0                SPI1_IRQHandler
                0x080031e0                TIM6_DAC_IRQHandler
                0x080031e0                TIM1_BRK_TIM9_IRQHandler
                0x080031e0                DCMI_IRQHandler
                0x080031e0                CAN2_RX0_IRQHandler
                0x080031e0                DMA2_Stream3_IRQHandler
                0x080031e0                SAI2_IRQHandler
                0x080031e0                DFSDM1_FLT3_IRQHandler
                0x080031e0                USART6_IRQHandler
                0x080031e0                CAN3_RX0_IRQHandler
                0x080031e0                USART3_IRQHandler
                0x080031e0                CAN1_RX1_IRQHandler
                0x080031e0                UART5_IRQHandler
                0x080031e0                DMA2_Stream0_IRQHandler
                0x080031e0                TIM4_IRQHandler
                0x080031e0                QUADSPI_IRQHandler
                0x080031e0                I2C1_EV_IRQHandler
                0x080031e0                DMA1_Stream6_IRQHandler
                0x080031e0                DMA1_Stream1_IRQHandler
                0x080031e0                UART4_IRQHandler
                0x080031e0                TIM3_IRQHandler
                0x080031e0                RCC_IRQHandler
                0x080031e0                TIM8_BRK_TIM12_IRQHandler
                0x080031e0                Default_Handler
                0x080031e0                CEC_IRQHandler
                0x080031e0                EXTI15_10_IRQHandler
                0x080031e0                ADC_IRQHandler
                0x080031e0                DMA1_Stream7_IRQHandler
                0x080031e0                SPI5_IRQHandler
                0x080031e0                TIM7_IRQHandler
                0x080031e0                SDMMC1_IRQHandler
                0x080031e0                CAN2_TX_IRQHandler
                0x080031e0                TIM5_IRQHandler
                0x080031e0                DMA2_Stream7_IRQHandler
                0x080031e0                I2C3_EV_IRQHandler
                0x080031e0                EXTI9_5_IRQHandler
                0x080031e0                RTC_WKUP_IRQHandler
                0x080031e0                LTDC_IRQHandler
                0x080031e0                ETH_WKUP_IRQHandler
                0x080031e0                SPDIF_RX_IRQHandler
                0x080031e0                SPI2_IRQHandler
                0x080031e0                OTG_HS_EP1_IN_IRQHandler
                0x080031e0                DMA1_Stream0_IRQHandler
                0x080031e0                CAN1_TX_IRQHandler
                0x080031e0                EXTI4_IRQHandler
                0x080031e0                RNG_IRQHandler
                0x080031e0                ETH_IRQHandler
                0x080031e0                OTG_HS_EP1_OUT_IRQHandler
                0x080031e0                WWDG_IRQHandler
                0x080031e0                SPI6_IRQHandler
                0x080031e0                MDIOS_IRQHandler
                0x080031e0                I2C4_EV_IRQHandler
                0x080031e0                CAN3_TX_IRQHandler
                0x080031e0                TIM2_IRQHandler
                0x080031e0                OTG_FS_WKUP_IRQHandler
                0x080031e0                TIM1_TRG_COM_TIM11_IRQHandler
                0x080031e0                OTG_HS_IRQHandler
                0x080031e0                DMA2D_IRQHandler
                0x080031e0                EXTI1_IRQHandler
                0x080031e0                SDMMC2_IRQHandler
                0x080031e0                UART7_IRQHandler
                0x080031e0                USART2_IRQHandler
                0x080031e0                DFSDM1_FLT0_IRQHandler
                0x080031e0                I2C2_ER_IRQHandler
                0x080031e0                DMA2_Stream1_IRQHandler
                0x080031e0                CAN1_SCE_IRQHandler
                0x080031e0                FLASH_IRQHandler
                0x080031e0                DMA2_Stream4_IRQHandler
                0x080031e0                USART1_IRQHandler
                0x080031e0                OTG_FS_IRQHandler
                0x080031e0                SPI3_IRQHandler
                0x080031e0                DMA1_Stream4_IRQHandler
                0x080031e0                I2C1_ER_IRQHandler
                0x080031e0                FMC_IRQHandler
                0x080031e0                LPTIM1_IRQHandler
                0x080031e0                I2C4_ER_IRQHandler
                0x080031e0                DMA2_Stream6_IRQHandler
                0x080031e0                SAI1_IRQHandler
                0x080031e0                DMA1_Stream3_IRQHandler
 *(.glue_7)
 .glue_7        0x080031e2        0x0 linker stubs
 *(.glue_7t)
 .glue_7t       0x080031e2        0x0 linker stubs
 *(.eh_frame)
 *fill*         0x080031e2        0x2 
 .eh_frame      0x080031e4        0x0 /usr/lib/gcc/arm-none-eabi/13.2.1/thumb/v7e-m+dp/hard/crtbegin.o
 *(.init)
 .init          0x080031e4        0x4 /usr/lib/gcc/arm-none-eabi/13.2.1/thumb/v7e-m+dp/hard/crti.o
                0x080031e4                _init
 .init          0x080031e8        0x8 /usr/lib/gcc/arm-none-eabi/13.2.1/thumb/v7e-m+dp/hard/crtn.o
 *(.fini)
 .fini          0x080031f0        0x4 /usr/lib/gcc/arm-none-eabi/13.2.1/thumb/v7e-m+dp/hard/crti.o
                0x080031f0                _fini
 .fini          0x080031f4        0x8 /usr/lib/gcc/arm-none-eabi/13.2.1/thumb/v7e-m+dp/hard/crtn.o
                0x080031fc                        . = ALIGN (0x4)
                0x080031fc                        _etext = .

.vfp11_veneer   0x080031fc        0x0
 .vfp11_veneer  0x080031fc        0x0 linker stubs

.v4_bx          0x080031fc        0x0
 .v4_bx         0x080031fc        0x0 linker stubs

.iplt           0x080031fc        0x0
 .iplt          0x080031fc        0x0 /usr/lib/gcc/arm-none-eabi/13.2.1/thumb/v7e-m+dp/hard/crtbegin.o

.rodata         0x080031fc       0x18
                0x080031fc                        . = ALIGN (0x4)
 *(.rodata)
 *(.rodata*)
 .rodata.APBPrescTable
                0x080031fc        0x8 build/system_stm32f7xx.o
                0x080031fc                APBPrescTable
 .rodata.AHBPrescTable
                0x08003204       0x10 build/system_stm32f7xx.o
                0x08003204                AHBPrescTable
                0x08003214                        . = ALIGN (0x4)

.ARM.extab      0x08003214        0x0
                0x08003214                        . = ALIGN (0x4)
 *(.ARM.extab* .gnu.linkonce.armextab.*)
                0x08003214                        . = ALIGN (0x4)

.ARM            0x08003214        0x8
                0x08003214                        . = ALIGN (0x4)
                0x08003214                        __exidx_start = .
 *(.ARM.exidx*)
 .ARM.exidx     0x08003214        0x8 /usr/lib/gcc/arm-none-eabi/13.2.1/thumb/v7e-m+dp/hard/libgcc.a(_udivmoddi4.o)
                0x0800321c                        __exidx_end = .
                0x0800321c                        . = ALIGN (0x4)

.preinit_array  0x0800321c        0x0
                0x0800321c                        . = ALIGN (0x4)
                0x0800321c                        PROVIDE (__preinit_array_start = .)
 *(.preinit_array*)
                0x0800321c                        PROVIDE (__preinit_array_end = .)
                0x0800321c                        . = ALIGN (0x4)

.init_array     0x0800321c        0x4
                0x0800321c                        . = ALIGN (0x4)
                0x0800321c                        PROVIDE (__init_array_start = .)
 *(SORT_BY_NAME(.init_array.*))
 *(.init_array*)
 .init_array    0x0800321c        0x4 /usr/lib/gcc/arm-none-eabi/13.2.1/thumb/v7e-m+dp/hard/crtbegin.o
                0x08003220                        PROVIDE (__init_array_end = .)
                0x08003220                        . = ALIGN (0x4)

.fini_array     0x08003220        0x4
                0x08003220                        . = ALIGN (0x4)
                0x08003220                        PROVIDE (__fini_array_start = .)
 *(SORT_BY_NAME(.fini_array.*))
 *(.fini_array*)
 .fini_array    0x08003220        0x4 /usr/lib/gcc/arm-none-eabi/13.2.1/thumb/v7e-m+dp/hard/crtbegin.o
                0x08003224                        PROVIDE (__fini_array_end = .)
                0x08003224                        . = ALIGN (0x4)
                0x08003224                        _sidata = LOADADDR (.data)

.rel.dyn        0x08003224        0x0
 .rel.iplt      0x08003224        0x0 /usr/lib/gcc/arm-none-eabi/13.2.1/thumb/v7e-m+dp/hard/crtbegin.o

.data           0x20000000        0xc load address 0x08003224
                0x20000000                        . = ALIGN (0x4)
                0x20000000                        _sdata = .
 *(.data)
 *(.data*)
 .data.uwTickFreq
                0x20000000        0x1 build/stm32f7xx_hal.o
                0x20000000                uwTickFreq
 *fill*         0x20000001        0x3 
 .data.uwTickPrio
                0x20000004        0x4 build/stm32f7xx_hal.o
                0x20000004                uwTickPrio
 .data.SystemCoreClock
                0x20000008        0x4 build/system_stm32f7xx.o
                0x20000008                SystemCoreClock
 *(.RamFunc)
 *(.RamFunc*)
                0x2000000c                        . = ALIGN (0x4)
                0x2000000c                        _edata = .

.tm_clone_table
                0x2000000c        0x0 load address 0x08003230
 .tm_clone_table
                0x2000000c        0x0 /usr/lib/gcc/arm-none-eabi/13.2.1/thumb/v7e-m+dp/hard/crtbegin.o
 .tm_clone_table
                0x2000000c        0x0 /usr/lib/gcc/arm-none-eabi/13.2.1/thumb/v7e-m+dp/hard/crtend.o

.igot.plt       0x2000000c        0x0 load address 0x08003230
 .igot.plt      0x2000000c        0x0 /usr/lib/gcc/arm-none-eabi/13.2.1/thumb/v7e-m+dp/hard/crtbegin.o

.TxDecripSection
                0x2000000c       0xa0 load address 0x08003230
 .TxDecripSection
                0x2000000c       0xa0 build/eth.o
                0x2000000c                DMATxDscrTab

.RxDecripSection
                0x200000ac       0xa0 load address 0x080032d0
 .RxDecripSection
                0x200000ac       0xa0 build/eth.o
                0x200000ac                DMARxDscrTab
                0x2000014c                        . = ALIGN (0x4)

.bss            0x2000014c      0x6a0 load address 0x08003370
                0x2000014c                        _sbss = .
                0x2000014c                        __bss_start__ = _sbss
 *(.bss)
 .bss           0x2000014c       0x1c /usr/lib/gcc/arm-none-eabi/13.2.1/thumb/v7e-m+dp/hard/crtbegin.o
 *(.bss*)
 .bss.hcan1     0x20000168       0x28 build/can.o
                0x20000168                hcan1
 .bss.MACAddr.0
                0x20000190        0x6 build/eth.o
 *fill*         0x20000196        0x2 
 .bss.heth      0x20000198       0xb0 build/eth.o
                0x20000198                heth
 .bss.TxConfig  0x20000248       0x38 build/eth.o
                0x20000248                TxConfig
 .bss.huart3    0x20000280       0x88 build/usart.o
                0x20000280                huart3
 .bss.hpcd_USB_OTG_FS
                0x20000308      0x4e0 build/usb_otg.o
                0x20000308                hpcd_USB_OTG_FS
 .bss.uwTick    0x200007e8        0x4 build/stm32f7xx_hal.o
                0x200007e8                uwTick
 *(COMMON)
                0x200007ec                        . = ALIGN (0x4)
                0x200007ec                        _ebss = .
                0x200007ec                        __bss_end__ = _ebss

._user_heap_stack
                0x200007ec      0x604 load address 0x08003370
                0x200007f0                        . = ALIGN (0x8)
 *fill*         0x200007ec        0x4 
                [!provide]                        PROVIDE (end = .)
                0x200007f0                        PROVIDE (_end = .)
                0x200009f0                        . = (. + _Min_Heap_Size)
 *fill*         0x200007f0      0x200 
                0x20000df0                        . = (. + _Min_Stack_Size)
 *fill*         0x200009f0      0x400 
                0x20000df0                        . = ALIGN (0x8)

/DISCARD/
 libc.a(*)
 libm.a(*)
 libgcc.a(*)
OUTPUT(build/Nova.elf elf32-littlearm)
LOAD linker stubs
LOAD /usr/lib/gcc/arm-none-eabi/13.2.1/../../../arm-none-eabi/lib/thumb/v7e-m+dp/hard/libc.a
LOAD /usr/lib/gcc/arm-none-eabi/13.2.1/../../../arm-none-eabi/lib/thumb/v7e-m+dp/hard/libm.a
LOAD /usr/lib/gcc/arm-none-eabi/13.2.1/thumb/v7e-m+dp/hard/libgcc.a

.ARM.attributes
                0x00000000       0x2e
 .ARM.attributes
                0x00000000       0x20 /usr/lib/gcc/arm-none-eabi/13.2.1/thumb/v7e-m+dp/hard/crti.o
 .ARM.attributes
                0x00000020       0x32 /usr/lib/gcc/arm-none-eabi/13.2.1/thumb/v7e-m+dp/hard/crtbegin.o
 .ARM.attributes
                0x00000052       0x32 build/main.o
 .ARM.attributes
                0x00000084       0x32 build/gpio.o
 .ARM.attributes
                0x000000b6       0x32 build/can.o
 .ARM.attributes
                0x000000e8       0x32 build/eth.o
 .ARM.attributes
                0x0000011a       0x32 build/usart.o
 .ARM.attributes
                0x0000014c       0x32 build/usb_otg.o
 .ARM.attributes
                0x0000017e       0x32 build/stm32f7xx_it.o
 .ARM.attributes
                0x000001b0       0x32 build/stm32f7xx_hal_msp.o
 .ARM.attributes
                0x000001e2       0x32 build/stm32f7xx_hal_can.o
 .ARM.attributes
                0x00000214       0x32 build/stm32f7xx_hal_rcc.o
 .ARM.attributes
                0x00000246       0x32 build/stm32f7xx_hal_rcc_ex.o
 .ARM.attributes
                0x00000278       0x32 build/stm32f7xx_hal_gpio.o
 .ARM.attributes
                0x000002aa       0x32 build/stm32f7xx_hal_pwr.o
 .ARM.attributes
                0x000002dc       0x32 build/stm32f7xx_hal_pwr_ex.o
 .ARM.attributes
                0x0000030e       0x32 build/stm32f7xx_hal_cortex.o
 .ARM.attributes
                0x00000340       0x32 build/stm32f7xx_hal.o
 .ARM.attributes
                0x00000372       0x32 build/stm32f7xx_hal_eth.o
 .ARM.attributes
                0x000003a4       0x32 build/stm32f7xx_hal_uart.o
 .ARM.attributes
                0x000003d6       0x32 build/stm32f7xx_hal_pcd.o
 .ARM.attributes
                0x00000408       0x32 build/stm32f7xx_hal_pcd_ex.o
 .ARM.attributes
                0x0000043a       0x32 build/stm32f7xx_ll_usb.o
 .ARM.attributes
                0x0000046c       0x32 build/system_stm32f7xx.o
 .ARM.attributes
                0x0000049e       0x21 build/startup_stm32f767xx.o
 .ARM.attributes
                0x000004bf       0x32 /usr/lib/gcc/arm-none-eabi/13.2.1/../../../arm-none-eabi/lib/thumb/v7e-m+dp/hard/libc_nano.a(libc_a-init.o)
 .ARM.attributes
                0x000004f1       0x32 /usr/lib/gcc/arm-none-eabi/13.2.1/../../../arm-none-eabi/lib/thumb/v7e-m+dp/hard/libc_nano.a(libc_a-memset.o)
 .ARM.attributes
                0x00000523       0x20 /usr/lib/gcc/arm-none-eabi/13.2.1/thumb/v7e-m+dp/hard/libgcc.a(_aeabi_uldivmod.o)
 .ARM.attributes
                0x00000543       0x32 /usr/lib/gcc/arm-none-eabi/13.2.1/thumb/v7e-m+dp/hard/libgcc.a(_udivmoddi4.o)
 .ARM.attributes
                0x00000575       0x20 /usr/lib/gcc/arm-none-eabi/13.2.1/thumb/v7e-m+dp/hard/libgcc.a(_dvmd_tls.o)
 .ARM.attributes
                0x00000595       0x32 /usr/lib/gcc/arm-none-eabi/13.2.1/thumb/v7e-m+dp/hard/crtend.o
 .ARM.attributes
                0x000005c7       0x20 /usr/lib/gcc/arm-none-eabi/13.2.1/thumb/v7e-m+dp/hard/crtn.o

.comment        0x00000000       0x26
 .comment       0x00000000       0x26 /usr/lib/gcc/arm-none-eabi/13.2.1/thumb/v7e-m+dp/hard/crtbegin.o
                                 0x27 (size before relaxing)
 .comment       0x00000026       0x27 build/main.o
 .comment       0x00000026       0x27 build/gpio.o
 .comment       0x00000026       0x27 build/can.o
 .comment       0x00000026       0x27 build/eth.o
 .comment       0x00000026       0x27 build/usart.o
 .comment       0x00000026       0x27 build/usb_otg.o
 .comment       0x00000026       0x27 build/stm32f7xx_it.o
 .comment       0x00000026       0x27 build/stm32f7xx_hal_msp.o
 .comment       0x00000026       0x27 build/stm32f7xx_hal_can.o
 .comment       0x00000026       0x27 build/stm32f7xx_hal_rcc.o
 .comment       0x00000026       0x27 build/stm32f7xx_hal_rcc_ex.o
 .comment       0x00000026       0x27 build/stm32f7xx_hal_gpio.o
 .comment       0x00000026       0x27 build/stm32f7xx_hal_pwr.o
 .comment       0x00000026       0x27 build/stm32f7xx_hal_pwr_ex.o
 .comment       0x00000026       0x27 build/stm32f7xx_hal_cortex.o
 .comment       0x00000026       0x27 build/stm32f7xx_hal.o
 .comment       0x00000026       0x27 build/stm32f7xx_hal_eth.o
 .comment       0x00000026       0x27 build/stm32f7xx_hal_uart.o
 .comment       0x00000026       0x27 build/stm32f7xx_hal_pcd.o
 .comment       0x00000026       0x27 build/stm32f7xx_hal_pcd_ex.o
 .comment       0x00000026       0x27 build/stm32f7xx_ll_usb.o
 .comment       0x00000026       0x27 build/system_stm32f7xx.o
 .comment       0x00000026       0x27 /usr/lib/gcc/arm-none-eabi/13.2.1/../../../arm-none-eabi/lib/thumb/v7e-m+dp/hard/libc_nano.a(libc_a-init.o)
 .comment       0x00000026       0x27 /usr/lib/gcc/arm-none-eabi/13.2.1/../../../arm-none-eabi/lib/thumb/v7e-m+dp/hard/libc_nano.a(libc_a-memset.o)
 .comment       0x00000026       0x27 /usr/lib/gcc/arm-none-eabi/13.2.1/thumb/v7e-m+dp/hard/libgcc.a(_udivmoddi4.o)
 .comment       0x00000026       0x27 /usr/lib/gcc/arm-none-eabi/13.2.1/thumb/v7e-m+dp/hard/crtend.o

.debug_info     0x00000000    0x19d1c
 .debug_info    0x00000000      0x859 build/main.o
 .debug_info    0x00000859      0x5d8 build/gpio.o
 .debug_info    0x00000e31      0xef2 build/can.o
 .debug_info    0x00001d23     0x12ce build/eth.o
 .debug_info    0x00002ff1      0xf3d build/usart.o
 .debug_info    0x00003f2e      0xea3 build/usb_otg.o
 .debug_info    0x00004dd1      0x5f7 build/stm32f7xx_it.o
 .debug_info    0x000053c8      0x312 build/stm32f7xx_hal_msp.o
 .debug_info    0x000056da     0x1383 build/stm32f7xx_hal_can.o
 .debug_info    0x00006a5d      0xd21 build/stm32f7xx_hal_rcc.o
 .debug_info    0x0000777e      0x96b build/stm32f7xx_hal_rcc_ex.o
 .debug_info    0x000080e9      0x867 build/stm32f7xx_hal_gpio.o
 .debug_info    0x00008950      0xa94 build/stm32f7xx_hal_pwr.o
 .debug_info    0x000093e4      0xb00 build/stm32f7xx_hal_pwr_ex.o
 .debug_info    0x00009ee4     0x145b build/stm32f7xx_hal_cortex.o
 .debug_info    0x0000b33f      0xc0b build/stm32f7xx_hal.o
 .debug_info    0x0000bf4a     0x2cc8 build/stm32f7xx_hal_eth.o
 .debug_info    0x0000ec12     0x5506 build/stm32f7xx_hal_uart.o
 .debug_info    0x00014118     0x1f6a build/stm32f7xx_hal_pcd.o
 .debug_info    0x00016082      0x895 build/stm32f7xx_hal_pcd_ex.o
 .debug_info    0x00016917     0x2256 build/stm32f7xx_ll_usb.o
 .debug_info    0x00018b6d      0x7ea build/system_stm32f7xx.o
 .debug_info    0x00019357       0x30 build/startup_stm32f767xx.o
 .debug_info    0x00019387      0x10b /usr/lib/gcc/arm-none-eabi/13.2.1/../../../arm-none-eabi/lib/thumb/v7e-m+dp/hard/libc_nano.a(libc_a-init.o)
 .debug_info    0x00019492      0x135 /usr/lib/gcc/arm-none-eabi/13.2.1/../../../arm-none-eabi/lib/thumb/v7e-m+dp/hard/libc_nano.a(libc_a-memset.o)
 .debug_info    0x000195c7       0x24 /usr/lib/gcc/arm-none-eabi/13.2.1/thumb/v7e-m+dp/hard/libgcc.a(_aeabi_uldivmod.o)
 .debug_info    0x000195eb      0x6f5 /usr/lib/gcc/arm-none-eabi/13.2.1/thumb/v7e-m+dp/hard/libgcc.a(_udivmoddi4.o)
 .debug_info    0x00019ce0       0x3c /usr/lib/gcc/arm-none-eabi/13.2.1/thumb/v7e-m+dp/hard/libgcc.a(_dvmd_tls.o)

.debug_abbrev   0x00000000     0x353a
 .debug_abbrev  0x00000000      0x253 build/main.o
 .debug_abbrev  0x00000253      0x160 build/gpio.o
 .debug_abbrev  0x000003b3      0x21b build/can.o
 .debug_abbrev  0x000005ce      0x25e build/eth.o
 .debug_abbrev  0x0000082c      0x207 build/usart.o
 .debug_abbrev  0x00000a33      0x224 build/usb_otg.o
 .debug_abbrev  0x00000c57      0x17c build/stm32f7xx_it.o
 .debug_abbrev  0x00000dd3       0xd3 build/stm32f7xx_hal_msp.o
 .debug_abbrev  0x00000ea6      0x275 build/stm32f7xx_hal_can.o
 .debug_abbrev  0x0000111b      0x306 build/stm32f7xx_hal_rcc.o
 .debug_abbrev  0x00001421      0x1f3 build/stm32f7xx_hal_rcc_ex.o
 .debug_abbrev  0x00001614      0x22b build/stm32f7xx_hal_gpio.o
 .debug_abbrev  0x0000183f      0x1cf build/stm32f7xx_hal_pwr.o
 .debug_abbrev  0x00001a0e      0x1d5 build/stm32f7xx_hal_pwr_ex.o
 .debug_abbrev  0x00001be3      0x3ca build/stm32f7xx_hal_cortex.o
 .debug_abbrev  0x00001fad      0x244 build/stm32f7xx_hal.o
 .debug_abbrev  0x000021f1      0x3a2 build/stm32f7xx_hal_eth.o
 .debug_abbrev  0x00002593      0x346 build/stm32f7xx_hal_uart.o
 .debug_abbrev  0x000028d9      0x31c build/stm32f7xx_hal_pcd.o
 .debug_abbrev  0x00002bf5      0x1b4 build/stm32f7xx_hal_pcd_ex.o
 .debug_abbrev  0x00002da9      0x326 build/stm32f7xx_ll_usb.o
 .debug_abbrev  0x000030cf      0x12a build/system_stm32f7xx.o
 .debug_abbrev  0x000031f9       0x1d build/startup_stm32f767xx.o
 .debug_abbrev  0x00003216       0xc9 /usr/lib/gcc/arm-none-eabi/13.2.1/../../../arm-none-eabi/lib/thumb/v7e-m+dp/hard/libc_nano.a(libc_a-init.o)
 .debug_abbrev  0x000032df       0xb7 /usr/lib/gcc/arm-none-eabi/13.2.1/../../../arm-none-eabi/lib/thumb/v7e-m+dp/hard/libc_nano.a(libc_a-memset.o)
 .debug_abbrev  0x00003396       0x14 /usr/lib/gcc/arm-none-eabi/13.2.1/thumb/v7e-m+dp/hard/libgcc.a(_aeabi_uldivmod.o)
 .debug_abbrev  0x000033aa      0x16a /usr/lib/gcc/arm-none-eabi/13.2.1/thumb/v7e-m+dp/hard/libgcc.a(_udivmoddi4.o)
 .debug_abbrev  0x00003514       0x26 /usr/lib/gcc/arm-none-eabi/13.2.1/thumb/v7e-m+dp/hard/libgcc.a(_dvmd_tls.o)

.debug_loc      0x00000000     0xf582
 .debug_loc     0x00000000       0x9e build/main.o
 .debug_loc     0x0000009e       0x39 build/gpio.o
 .debug_loc     0x000000d7      0x164 build/can.o
 .debug_loc     0x0000023b      0x122 build/eth.o
 .debug_loc     0x0000035d       0xf6 build/usart.o
 .debug_loc     0x00000453      0x13c build/usb_otg.o
 .debug_loc     0x0000058f       0x40 build/stm32f7xx_it.o
 .debug_loc     0x000005cf       0x2c build/stm32f7xx_hal_msp.o
 .debug_loc     0x000005fb     0x10f6 build/stm32f7xx_hal_can.o
 .debug_loc     0x000016f1      0x849 build/stm32f7xx_hal_rcc.o
 .debug_loc     0x00001f3a      0x924 build/stm32f7xx_hal_rcc_ex.o
 .debug_loc     0x0000285e      0x60b build/stm32f7xx_hal_gpio.o
 .debug_loc     0x00002e69       0x7f build/stm32f7xx_hal_pwr.o
 .debug_loc     0x00002ee8      0x3e6 build/stm32f7xx_hal_pwr_ex.o
 .debug_loc     0x000032ce      0x886 build/stm32f7xx_hal_cortex.o
 .debug_loc     0x00003b54      0x1f9 build/stm32f7xx_hal.o
 .debug_loc     0x00003d4d     0x20b5 build/stm32f7xx_hal_eth.o
 .debug_loc     0x00005e02     0x5262 build/stm32f7xx_hal_uart.o
 .debug_loc     0x0000b064     0x1796 build/stm32f7xx_hal_pcd.o
 .debug_loc     0x0000c7fa      0x1d7 build/stm32f7xx_hal_pcd_ex.o
 .debug_loc     0x0000c9d1     0x2af4 build/stm32f7xx_ll_usb.o
 .debug_loc     0x0000f4c5       0xbd build/system_stm32f7xx.o

.debug_aranges  0x00000000      0xf60
 .debug_aranges
                0x00000000       0x38 build/main.o
 .debug_aranges
                0x00000038       0x20 build/gpio.o
 .debug_aranges
                0x00000058       0x38 build/can.o
 .debug_aranges
                0x00000090       0x30 build/eth.o
 .debug_aranges
                0x000000c0       0x30 build/usart.o
 .debug_aranges
                0x000000f0       0x30 build/usb_otg.o
 .debug_aranges
                0x00000120       0x68 build/stm32f7xx_it.o
 .debug_aranges
                0x00000188       0x20 build/stm32f7xx_hal_msp.o
 .debug_aranges
                0x000001a8      0x138 build/stm32f7xx_hal_can.o
 .debug_aranges
                0x000002e0       0x88 build/stm32f7xx_hal_rcc.o
 .debug_aranges
                0x00000368       0x50 build/stm32f7xx_hal_rcc_ex.o
 .debug_aranges
                0x000003b8       0x58 build/stm32f7xx_hal_gpio.o
 .debug_aranges
                0x00000410       0xa0 build/stm32f7xx_hal_pwr.o
 .debug_aranges
                0x000004b0       0x80 build/stm32f7xx_hal_pwr_ex.o
 .debug_aranges
                0x00000530       0xe8 build/stm32f7xx_hal_cortex.o
 .debug_aranges
                0x00000618      0x110 build/stm32f7xx_hal.o
 .debug_aranges
                0x00000728      0x1e8 build/stm32f7xx_hal_eth.o
 .debug_aranges
                0x00000910      0x230 build/stm32f7xx_hal_uart.o
 .debug_aranges
                0x00000b40      0x148 build/stm32f7xx_hal_pcd.o
 .debug_aranges
                0x00000c88       0x48 build/stm32f7xx_hal_pcd_ex.o
 .debug_aranges
                0x00000cd0      0x1a0 build/stm32f7xx_ll_usb.o
 .debug_aranges
                0x00000e70       0x28 build/system_stm32f7xx.o
 .debug_aranges
                0x00000e98       0x28 build/startup_stm32f767xx.o
 .debug_aranges
                0x00000ec0       0x20 /usr/lib/gcc/arm-none-eabi/13.2.1/../../../arm-none-eabi/lib/thumb/v7e-m+dp/hard/libc_nano.a(libc_a-init.o)
 .debug_aranges
                0x00000ee0       0x20 /usr/lib/gcc/arm-none-eabi/13.2.1/../../../arm-none-eabi/lib/thumb/v7e-m+dp/hard/libc_nano.a(libc_a-memset.o)
 .debug_aranges
                0x00000f00       0x20 /usr/lib/gcc/arm-none-eabi/13.2.1/thumb/v7e-m+dp/hard/libgcc.a(_aeabi_uldivmod.o)
 .debug_aranges
                0x00000f20       0x20 /usr/lib/gcc/arm-none-eabi/13.2.1/thumb/v7e-m+dp/hard/libgcc.a(_udivmoddi4.o)
 .debug_aranges
                0x00000f40       0x20 /usr/lib/gcc/arm-none-eabi/13.2.1/thumb/v7e-m+dp/hard/libgcc.a(_dvmd_tls.o)

.debug_ranges   0x00000000      0xd70
 .debug_ranges  0x00000000       0x28 build/main.o
 .debug_ranges  0x00000028       0x10 build/gpio.o
 .debug_ranges  0x00000038       0x28 build/can.o
 .debug_ranges  0x00000060       0x20 build/eth.o
 .debug_ranges  0x00000080       0x20 build/usart.o
 .debug_ranges  0x000000a0       0x20 build/usb_otg.o
 .debug_ranges  0x000000c0       0x58 build/stm32f7xx_it.o
 .debug_ranges  0x00000118       0x10 build/stm32f7xx_hal_msp.o
 .debug_ranges  0x00000128      0x128 build/stm32f7xx_hal_can.o
 .debug_ranges  0x00000250       0x78 build/stm32f7xx_hal_rcc.o
 .debug_ranges  0x000002c8       0x40 build/stm32f7xx_hal_rcc_ex.o
 .debug_ranges  0x00000308       0x48 build/stm32f7xx_hal_gpio.o
 .debug_ranges  0x00000350       0x90 build/stm32f7xx_hal_pwr.o
 .debug_ranges  0x000003e0       0x70 build/stm32f7xx_hal_pwr_ex.o
 .debug_ranges  0x00000450       0xd8 build/stm32f7xx_hal_cortex.o
 .debug_ranges  0x00000528      0x100 build/stm32f7xx_hal.o
 .debug_ranges  0x00000628      0x1d8 build/stm32f7xx_hal_eth.o
 .debug_ranges  0x00000800      0x238 build/stm32f7xx_hal_uart.o
 .debug_ranges  0x00000a38      0x138 build/stm32f7xx_hal_pcd.o
 .debug_ranges  0x00000b70       0x38 build/stm32f7xx_hal_pcd_ex.o
 .debug_ranges  0x00000ba8      0x190 build/stm32f7xx_ll_usb.o
 .debug_ranges  0x00000d38       0x18 build/system_stm32f7xx.o
 .debug_ranges  0x00000d50       0x20 build/startup_stm32f767xx.o

.debug_line     0x00000000     0xf5fd
 .debug_line    0x00000000      0x376 build/main.o
 .debug_line    0x00000376      0x193 build/gpio.o
 .debug_line    0x00000509      0x2f2 build/can.o
 .debug_line    0x000007fb      0x33c build/eth.o
 .debug_line    0x00000b37      0x2a5 build/usart.o
 .debug_line    0x00000ddc      0x2e2 build/usb_otg.o
 .debug_line    0x000010be      0x1ed build/stm32f7xx_it.o
 .debug_line    0x000012ab       0xd1 build/stm32f7xx_hal_msp.o
 .debug_line    0x0000137c     0x10bb build/stm32f7xx_hal_can.o
 .debug_line    0x00002437      0xd16 build/stm32f7xx_hal_rcc.o
 .debug_line    0x0000314d      0xbd9 build/stm32f7xx_hal_rcc_ex.o
 .debug_line    0x00003d26      0x6aa build/stm32f7xx_hal_gpio.o
 .debug_line    0x000043d0      0x3dc build/stm32f7xx_hal_pwr.o
 .debug_line    0x000047ac      0x52c build/stm32f7xx_hal_pwr_ex.o
 .debug_line    0x00004cd8      0x77a build/stm32f7xx_hal_cortex.o
 .debug_line    0x00005452      0x548 build/stm32f7xx_hal.o
 .debug_line    0x0000599a     0x1cee build/stm32f7xx_hal_eth.o
 .debug_line    0x00007688     0x3fb6 build/stm32f7xx_hal_uart.o
 .debug_line    0x0000b63e     0x1378 build/stm32f7xx_hal_pcd.o
 .debug_line    0x0000c9b6      0x2a9 build/stm32f7xx_hal_pcd_ex.o
 .debug_line    0x0000cc5f     0x1e84 build/stm32f7xx_ll_usb.o
 .debug_line    0x0000eae3      0x1c7 build/system_stm32f7xx.o
 .debug_line    0x0000ecaa       0x73 build/startup_stm32f767xx.o
 .debug_line    0x0000ed1d      0x11e /usr/lib/gcc/arm-none-eabi/13.2.1/../../../arm-none-eabi/lib/thumb/v7e-m+dp/hard/libc_nano.a(libc_a-init.o)
 .debug_line    0x0000ee3b      0x1b6 /usr/lib/gcc/arm-none-eabi/13.2.1/../../../arm-none-eabi/lib/thumb/v7e-m+dp/hard/libc_nano.a(libc_a-memset.o)
 .debug_line    0x0000eff1       0x4e /usr/lib/gcc/arm-none-eabi/13.2.1/thumb/v7e-m+dp/hard/libgcc.a(_aeabi_uldivmod.o)
 .debug_line    0x0000f03f      0x574 /usr/lib/gcc/arm-none-eabi/13.2.1/thumb/v7e-m+dp/hard/libgcc.a(_udivmoddi4.o)
 .debug_line    0x0000f5b3       0x4a /usr/lib/gcc/arm-none-eabi/13.2.1/thumb/v7e-m+dp/hard/libgcc.a(_dvmd_tls.o)

.debug_str      0x00000000     0x61b9
 .debug_str     0x00000000     0x61b9 build/main.o
                                0x5d4 (size before relaxing)
 .debug_str     0x000061b9      0x355 build/gpio.o
 .debug_str     0x000061b9      0xd83 build/can.o
 .debug_str     0x000061b9      0xa2f build/eth.o
 .debug_str     0x000061b9      0xb21 build/usart.o
 .debug_str     0x000061b9      0xaae build/usb_otg.o
 .debug_str     0x000061b9      0x4bf build/stm32f7xx_it.o
 .debug_str     0x000061b9      0x2a1 build/stm32f7xx_hal_msp.o
 .debug_str     0x000061b9      0x9ee build/stm32f7xx_hal_can.o
 .debug_str     0x000061b9      0x6e0 build/stm32f7xx_hal_rcc.o
 .debug_str     0x000061b9      0x6f8 build/stm32f7xx_hal_rcc_ex.o
 .debug_str     0x000061b9      0x4b1 build/stm32f7xx_hal_gpio.o
 .debug_str     0x000061b9      0x5fc build/stm32f7xx_hal_pwr.o
 .debug_str     0x000061b9      0x60b build/stm32f7xx_hal_pwr_ex.o
 .debug_str     0x000061b9      0xe32 build/stm32f7xx_hal_cortex.o
 .debug_str     0x000061b9      0xd04 build/stm32f7xx_hal.o
 .debug_str     0x000061b9     0x16a7 build/stm32f7xx_hal_eth.o
 .debug_str     0x000061b9      0xfe0 build/stm32f7xx_hal_uart.o
 .debug_str     0x000061b9      0xdfa build/stm32f7xx_hal_pcd.o
 .debug_str     0x000061b9      0x74a build/stm32f7xx_hal_pcd_ex.o
 .debug_str     0x000061b9      0xd25 build/stm32f7xx_ll_usb.o
 .debug_str     0x000061b9      0x41a build/system_stm32f7xx.o
 .debug_str     0x000061b9       0x54 build/startup_stm32f767xx.o
 .debug_str     0x000061b9      0x1fd /usr/lib/gcc/arm-none-eabi/13.2.1/../../../arm-none-eabi/lib/thumb/v7e-m+dp/hard/libc_nano.a(libc_a-init.o)
 .debug_str     0x000061b9      0x1b0 /usr/lib/gcc/arm-none-eabi/13.2.1/../../../arm-none-eabi/lib/thumb/v7e-m+dp/hard/libc_nano.a(libc_a-memset.o)
 .debug_str     0x000061b9       0xa3 /usr/lib/gcc/arm-none-eabi/13.2.1/thumb/v7e-m+dp/hard/libgcc.a(_aeabi_uldivmod.o)
 .debug_str     0x000061b9      0x688 /usr/lib/gcc/arm-none-eabi/13.2.1/thumb/v7e-m+dp/hard/libgcc.a(_udivmoddi4.o)
 .debug_str     0x000061b9       0xc3 /usr/lib/gcc/arm-none-eabi/13.2.1/thumb/v7e-m+dp/hard/libgcc.a(_dvmd_tls.o)

.debug_frame    0x00000000     0x2498
 .debug_frame   0x00000000       0x78 build/main.o
 .debug_frame   0x00000078       0x34 build/gpio.o
 .debug_frame   0x000000ac       0x80 build/can.o
 .debug_frame   0x0000012c       0x64 build/eth.o
 .debug_frame   0x00000190       0x64 build/usart.o
 .debug_frame   0x000001f4       0x68 build/usb_otg.o
 .debug_frame   0x0000025c       0xc0 build/stm32f7xx_it.o
 .debug_frame   0x0000031c       0x28 build/stm32f7xx_hal_msp.o
 .debug_frame   0x00000344      0x2dc build/stm32f7xx_hal_can.o
 .debug_frame   0x00000620      0x178 build/stm32f7xx_hal_rcc.o
 .debug_frame   0x00000798       0xc0 build/stm32f7xx_hal_rcc_ex.o
 .debug_frame   0x00000858       0xd8 build/stm32f7xx_hal_gpio.o
 .debug_frame   0x00000930      0x128 build/stm32f7xx_hal_pwr.o
 .debug_frame   0x00000a58      0x134 build/stm32f7xx_hal_pwr_ex.o
 .debug_frame   0x00000b8c      0x1ec build/stm32f7xx_hal_cortex.o
 .debug_frame   0x00000d78      0x22c build/stm32f7xx_hal.o
 .debug_frame   0x00000fa4      0x564 build/stm32f7xx_hal_eth.o
 .debug_frame   0x00001508      0x608 build/stm32f7xx_hal_uart.o
 .debug_frame   0x00001b10      0x388 build/stm32f7xx_hal_pcd.o
 .debug_frame   0x00001e98       0x7c build/stm32f7xx_hal_pcd_ex.o
 .debug_frame   0x00001f14      0x49c build/stm32f7xx_ll_usb.o
 .debug_frame   0x000023b0       0x30 build/system_stm32f7xx.o
 .debug_frame   0x000023e0       0x2c /usr/lib/gcc/arm-none-eabi/13.2.1/../../../arm-none-eabi/lib/thumb/v7e-m+dp/hard/libc_nano.a(libc_a-init.o)
 .debug_frame   0x0000240c       0x2c /usr/lib/gcc/arm-none-eabi/13.2.1/../../../arm-none-eabi/lib/thumb/v7e-m+dp/hard/libc_nano.a(libc_a-memset.o)
 .debug_frame   0x00002438       0x2c /usr/lib/gcc/arm-none-eabi/13.2.1/thumb/v7e-m+dp/hard/libgcc.a(_aeabi_uldivmod.o)
 .debug_frame   0x00002464       0x34 /usr/lib/gcc/arm-none-eabi/13.2.1/thumb/v7e-m+dp/hard/libgcc.a(_udivmoddi4.o)

.debug_loclists
                0x00000000      0xc0b
 .debug_loclists
                0x00000000       0x65 /usr/lib/gcc/arm-none-eabi/13.2.1/../../../arm-none-eabi/lib/thumb/v7e-m+dp/hard/libc_nano.a(libc_a-init.o)
 .debug_loclists
                0x00000065      0x1c2 /usr/lib/gcc/arm-none-eabi/13.2.1/../../../arm-none-eabi/lib/thumb/v7e-m+dp/hard/libc_nano.a(libc_a-memset.o)
 .debug_loclists
                0x00000227      0x9e4 /usr/lib/gcc/arm-none-eabi/13.2.1/thumb/v7e-m+dp/hard/libgcc.a(_udivmoddi4.o)

.debug_line_str
                0x00000000       0xa3
 .debug_line_str
                0x00000000       0xa3 /usr/lib/gcc/arm-none-eabi/13.2.1/thumb/v7e-m+dp/hard/libgcc.a(_aeabi_uldivmod.o)
                                 0x97 (size before relaxing)
 .debug_line_str
                0x000000a3       0x9b /usr/lib/gcc/arm-none-eabi/13.2.1/thumb/v7e-m+dp/hard/libgcc.a(_dvmd_tls.o)

.debug_rnglists
                0x00000000       0x84
 .debug_rnglists
                0x00000000       0x84 /usr/lib/gcc/arm-none-eabi/13.2.1/thumb/v7e-m+dp/hard/libgcc.a(_udivmoddi4.o)

Cross Reference Table

Symbol                                            File
ADC_IRQHandler                                    build/startup_stm32f767xx.o
AHBPrescTable                                     build/system_stm32f7xx.o
                                                  build/stm32f7xx_hal_rcc.o
APBPrescTable                                     build/system_stm32f7xx.o
                                                  build/stm32f7xx_hal_rcc.o
BusFault_Handler                                  build/stm32f7xx_it.o
CAN1_RX0_IRQHandler                               build/stm32f7xx_it.o
CAN1_RX1_IRQHandler                               build/startup_stm32f767xx.o
CAN1_SCE_IRQHandler                               build/startup_stm32f767xx.o
CAN1_TX_IRQHandler                                build/startup_stm32f767xx.o
CAN2_RX0_IRQHandler                               build/startup_stm32f767xx.o
CAN2_RX1_IRQHandler                               build/startup_stm32f767xx.o
CAN2_SCE_IRQHandler                               build/startup_stm32f767xx.o
CAN2_TX_IRQHandler                                build/startup_stm32f767xx.o
CAN3_RX0_IRQHandler                               build/startup_stm32f767xx.o
CAN3_RX1_IRQHandler                               build/startup_stm32f767xx.o
CAN3_SCE_IRQHandler                               build/startup_stm32f767xx.o
CAN3_TX_IRQHandler                                build/startup_stm32f767xx.o
CAN_Init_Interrupts                               build/can.o
CEC_IRQHandler                                    build/startup_stm32f767xx.o
DCMI_IRQHandler                                   build/startup_stm32f767xx.o
DFSDM1_FLT0_IRQHandler                            build/startup_stm32f767xx.o
DFSDM1_FLT1_IRQHandler                            build/startup_stm32f767xx.o
DFSDM1_FLT2_IRQHandler                            build/startup_stm32f767xx.o
DFSDM1_FLT3_IRQHandler                            build/startup_stm32f767xx.o
DMA1_Stream0_IRQHandler                           build/startup_stm32f767xx.o
DMA1_Stream1_IRQHandler                           build/startup_stm32f767xx.o
DMA1_Stream2_IRQHandler                           build/startup_stm32f767xx.o
DMA1_Stream3_IRQHandler                           build/startup_stm32f767xx.o
DMA1_Stream4_IRQHandler                           build/startup_stm32f767xx.o
DMA1_Stream5_IRQHandler                           build/startup_stm32f767xx.o
DMA1_Stream6_IRQHandler                           build/startup_stm32f767xx.o
DMA1_Stream7_IRQHandler                           build/startup_stm32f767xx.o
DMA2D_IRQHandler                                  build/startup_stm32f767xx.o
DMA2_Stream0_IRQHandler                           build/startup_stm32f767xx.o
DMA2_Stream1_IRQHandler                           build/startup_stm32f767xx.o
DMA2_Stream2_IRQHandler                           build/startup_stm32f767xx.o
DMA2_Stream3_IRQHandler                           build/startup_stm32f767xx.o
DMA2_Stream4_IRQHandler                           build/startup_stm32f767xx.o
DMA2_Stream5_IRQHandler                           build/startup_stm32f767xx.o
DMA2_Stream6_IRQHandler                           build/startup_stm32f767xx.o
DMA2_Stream7_IRQHandler                           build/startup_stm32f767xx.o
DMARxDscrTab                                      build/eth.o
DMATxDscrTab                                      build/eth.o
DebugMon_Handler                                  build/stm32f7xx_it.o
Default_Handler                                   build/startup_stm32f767xx.o
ETH_IRQHandler                                    build/startup_stm32f767xx.o
ETH_WKUP_IRQHandler                               build/startup_stm32f767xx.o
EXTI0_IRQHandler                                  build/startup_stm32f767xx.o
EXTI15_10_IRQHandler                              build/startup_stm32f767xx.o
EXTI1_IRQHandler                                  build/startup_stm32f767xx.o
EXTI2_IRQHandler                                  build/startup_stm32f767xx.o
EXTI3_IRQHandler                                  build/startup_stm32f767xx.o
EXTI4_IRQHandler                                  build/startup_stm32f767xx.o
EXTI9_5_IRQHandler                                build/startup_stm32f767xx.o
Error_Handler                                     build/main.o
                                                  build/usb_otg.o
                                                  build/usart.o
                                                  build/eth.o
                                                  build/can.o
FLASH_Erase_Sector                                build/stm32f7xx_hal_flash_ex.o
                                                  build/stm32f7xx_hal_flash.o
FLASH_IRQHandler                                  build/startup_stm32f767xx.o
FLASH_WaitForLastOperation                        build/stm32f7xx_hal_flash.o
                                                  build/stm32f7xx_hal_flash_ex.o
FMC_IRQHandler                                    build/startup_stm32f767xx.o
FPU_IRQHandler                                    build/startup_stm32f767xx.o
HAL_CAN_AbortTxRequest                            build/stm32f7xx_hal_can.o
HAL_CAN_ActivateNotification                      build/stm32f7xx_hal_can.o
                                                  build/can.o
HAL_CAN_AddTxMessage                              build/stm32f7xx_hal_can.o
HAL_CAN_ConfigFilter                              build/stm32f7xx_hal_can.o
                                                  build/can.o
HAL_CAN_DeInit                                    build/stm32f7xx_hal_can.o
HAL_CAN_DeactivateNotification                    build/stm32f7xx_hal_can.o
HAL_CAN_ErrorCallback                             build/stm32f7xx_hal_can.o
HAL_CAN_GetError                                  build/stm32f7xx_hal_can.o
HAL_CAN_GetRxFifoFillLevel                        build/stm32f7xx_hal_can.o
HAL_CAN_GetRxMessage                              build/stm32f7xx_hal_can.o
HAL_CAN_GetState                                  build/stm32f7xx_hal_can.o
HAL_CAN_GetTxMailboxesFreeLevel                   build/stm32f7xx_hal_can.o
HAL_CAN_GetTxTimestamp                            build/stm32f7xx_hal_can.o
HAL_CAN_IRQHandler                                build/stm32f7xx_hal_can.o
                                                  build/stm32f7xx_it.o
HAL_CAN_Init                                      build/stm32f7xx_hal_can.o
                                                  build/can.o
HAL_CAN_IsSleepActive                             build/stm32f7xx_hal_can.o
HAL_CAN_IsTxMessagePending                        build/stm32f7xx_hal_can.o
HAL_CAN_MspDeInit                                 build/can.o
HAL_CAN_MspInit                                   build/can.o
HAL_CAN_RequestSleep                              build/stm32f7xx_hal_can.o
HAL_CAN_ResetError                                build/stm32f7xx_hal_can.o
HAL_CAN_RxFifo0FullCallback                       build/stm32f7xx_hal_can.o
HAL_CAN_RxFifo0MsgPendingCallback                 build/stm32f7xx_hal_can.o
HAL_CAN_RxFifo1FullCallback                       build/stm32f7xx_hal_can.o
HAL_CAN_RxFifo1MsgPendingCallback                 build/stm32f7xx_hal_can.o
HAL_CAN_SleepCallback                             build/stm32f7xx_hal_can.o
HAL_CAN_Start                                     build/stm32f7xx_hal_can.o
                                                  build/can.o
HAL_CAN_Stop                                      build/stm32f7xx_hal_can.o
HAL_CAN_TxMailbox0AbortCallback                   build/stm32f7xx_hal_can.o
HAL_CAN_TxMailbox0CompleteCallback                build/stm32f7xx_hal_can.o
HAL_CAN_TxMailbox1AbortCallback                   build/stm32f7xx_hal_can.o
HAL_CAN_TxMailbox1CompleteCallback                build/stm32f7xx_hal_can.o
HAL_CAN_TxMailbox2AbortCallback                   build/stm32f7xx_hal_can.o
HAL_CAN_TxMailbox2CompleteCallback                build/stm32f7xx_hal_can.o
HAL_CAN_WakeUp                                    build/stm32f7xx_hal_can.o
HAL_CAN_WakeUpFromRxMsgCallback                   build/stm32f7xx_hal_can.o
HAL_DBGMCU_DisableDBGSleepMode                    build/stm32f7xx_hal.o
HAL_DBGMCU_DisableDBGStandbyMode                  build/stm32f7xx_hal.o
HAL_DBGMCU_DisableDBGStopMode                     build/stm32f7xx_hal.o
HAL_DBGMCU_EnableDBGSleepMode                     build/stm32f7xx_hal.o
HAL_DBGMCU_EnableDBGStandbyMode                   build/stm32f7xx_hal.o
HAL_DBGMCU_EnableDBGStopMode                      build/stm32f7xx_hal.o
HAL_DMAEx_ChangeMemory                            build/stm32f7xx_hal_dma_ex.o
HAL_DMAEx_MultiBufferStart                        build/stm32f7xx_hal_dma_ex.o
HAL_DMAEx_MultiBufferStart_IT                     build/stm32f7xx_hal_dma_ex.o
HAL_DMA_Abort                                     build/stm32f7xx_hal_dma.o
                                                  build/stm32f7xx_hal_uart.o
HAL_DMA_Abort_IT                                  build/stm32f7xx_hal_dma.o
                                                  build/stm32f7xx_hal_uart.o
                                                  build/stm32f7xx_hal_i2c.o
HAL_DMA_DeInit                                    build/stm32f7xx_hal_dma.o
HAL_DMA_GetError                                  build/stm32f7xx_hal_dma.o
                                                  build/stm32f7xx_hal_uart.o
                                                  build/stm32f7xx_hal_i2c.o
HAL_DMA_GetState                                  build/stm32f7xx_hal_dma.o
                                                  build/stm32f7xx_hal_i2c.o
HAL_DMA_IRQHandler                                build/stm32f7xx_hal_dma.o
HAL_DMA_Init                                      build/stm32f7xx_hal_dma.o
HAL_DMA_PollForTransfer                           build/stm32f7xx_hal_dma.o
HAL_DMA_RegisterCallback                          build/stm32f7xx_hal_dma.o
HAL_DMA_Start                                     build/stm32f7xx_hal_dma.o
HAL_DMA_Start_IT                                  build/stm32f7xx_hal_dma.o
                                                  build/stm32f7xx_hal_uart.o
                                                  build/stm32f7xx_hal_i2c.o
HAL_DMA_UnRegisterCallback                        build/stm32f7xx_hal_dma.o
HAL_DeInit                                        build/stm32f7xx_hal.o
HAL_Delay                                         build/stm32f7xx_hal.o
                                                  build/stm32f7xx_ll_usb.o
                                                  build/stm32f7xx_hal_eth.o
HAL_DisableCompensationCell                       build/stm32f7xx_hal.o
HAL_DisableFMCMemorySwapping                      build/stm32f7xx_hal.o
HAL_DisableMemorySwappingBank                     build/stm32f7xx_hal.o
HAL_ETH_DeInit                                    build/stm32f7xx_hal_eth.o
HAL_ETH_EnterPowerDownMode                        build/stm32f7xx_hal_eth.o
HAL_ETH_ErrorCallback                             build/stm32f7xx_hal_eth.o
HAL_ETH_ExitPowerDownMode                         build/stm32f7xx_hal_eth.o
HAL_ETH_GetDMAConfig                              build/stm32f7xx_hal_eth.o
HAL_ETH_GetDMAError                               build/stm32f7xx_hal_eth.o
HAL_ETH_GetError                                  build/stm32f7xx_hal_eth.o
HAL_ETH_GetMACConfig                              build/stm32f7xx_hal_eth.o
HAL_ETH_GetMACError                               build/stm32f7xx_hal_eth.o
HAL_ETH_GetMACFilterConfig                        build/stm32f7xx_hal_eth.o
HAL_ETH_GetMACWakeUpSource                        build/stm32f7xx_hal_eth.o
HAL_ETH_GetRxDataErrorCode                        build/stm32f7xx_hal_eth.o
HAL_ETH_GetState                                  build/stm32f7xx_hal_eth.o
HAL_ETH_GetTxBuffersNumber                        build/stm32f7xx_hal_eth.o
HAL_ETH_IRQHandler                                build/stm32f7xx_hal_eth.o
HAL_ETH_Init                                      build/stm32f7xx_hal_eth.o
                                                  build/eth.o
HAL_ETH_MspDeInit                                 build/eth.o
HAL_ETH_MspInit                                   build/eth.o
HAL_ETH_PMTCallback                               build/stm32f7xx_hal_eth.o
HAL_ETH_ReadData                                  build/stm32f7xx_hal_eth.o
HAL_ETH_ReadPHYRegister                           build/stm32f7xx_hal_eth.o
HAL_ETH_RegisterRxAllocateCallback                build/stm32f7xx_hal_eth.o
HAL_ETH_RegisterRxLinkCallback                    build/stm32f7xx_hal_eth.o
HAL_ETH_RegisterTxFreeCallback                    build/stm32f7xx_hal_eth.o
HAL_ETH_ReleaseTxPacket                           build/stm32f7xx_hal_eth.o
HAL_ETH_RxAllocateCallback                        build/stm32f7xx_hal_eth.o
HAL_ETH_RxCpltCallback                            build/stm32f7xx_hal_eth.o
HAL_ETH_RxLinkCallback                            build/stm32f7xx_hal_eth.o
HAL_ETH_SetDMAConfig                              build/stm32f7xx_hal_eth.o
HAL_ETH_SetHashTable                              build/stm32f7xx_hal_eth.o
HAL_ETH_SetMACConfig                              build/stm32f7xx_hal_eth.o
HAL_ETH_SetMACFilterConfig                        build/stm32f7xx_hal_eth.o
HAL_ETH_SetMDIOClockRange                         build/stm32f7xx_hal_eth.o
HAL_ETH_SetRxVLANIdentifier                       build/stm32f7xx_hal_eth.o
HAL_ETH_SetSourceMACAddrMatch                     build/stm32f7xx_hal_eth.o
HAL_ETH_SetWakeUpFilter                           build/stm32f7xx_hal_eth.o
HAL_ETH_Start                                     build/stm32f7xx_hal_eth.o
HAL_ETH_Start_IT                                  build/stm32f7xx_hal_eth.o
HAL_ETH_Stop                                      build/stm32f7xx_hal_eth.o
HAL_ETH_Stop_IT                                   build/stm32f7xx_hal_eth.o
HAL_ETH_Transmit                                  build/stm32f7xx_hal_eth.o
HAL_ETH_Transmit_IT                               build/stm32f7xx_hal_eth.o
HAL_ETH_TxCpltCallback                            build/stm32f7xx_hal_eth.o
HAL_ETH_TxFreeCallback                            build/stm32f7xx_hal_eth.o
HAL_ETH_UnRegisterRxAllocateCallback              build/stm32f7xx_hal_eth.o
HAL_ETH_UnRegisterRxLinkCallback                  build/stm32f7xx_hal_eth.o
HAL_ETH_UnRegisterTxFreeCallback                  build/stm32f7xx_hal_eth.o
HAL_ETH_WakeUpCallback                            build/stm32f7xx_hal_eth.o
HAL_ETH_WritePHYRegister                          build/stm32f7xx_hal_eth.o
HAL_EXTI_ClearConfigLine                          build/stm32f7xx_hal_exti.o
HAL_EXTI_ClearPending                             build/stm32f7xx_hal_exti.o
HAL_EXTI_GenerateSWI                              build/stm32f7xx_hal_exti.o
HAL_EXTI_GetConfigLine                            build/stm32f7xx_hal_exti.o
HAL_EXTI_GetHandle                                build/stm32f7xx_hal_exti.o
HAL_EXTI_GetPending                               build/stm32f7xx_hal_exti.o
HAL_EXTI_IRQHandler                               build/stm32f7xx_hal_exti.o
HAL_EXTI_RegisterCallback                         build/stm32f7xx_hal_exti.o
HAL_EXTI_SetConfigLine                            build/stm32f7xx_hal_exti.o
HAL_EnableCompensationCell                        build/stm32f7xx_hal.o
HAL_EnableFMCMemorySwapping                       build/stm32f7xx_hal.o
HAL_EnableMemorySwappingBank                      build/stm32f7xx_hal.o
HAL_FLASHEx_Erase                                 build/stm32f7xx_hal_flash_ex.o
HAL_FLASHEx_Erase_IT                              build/stm32f7xx_hal_flash_ex.o
HAL_FLASHEx_OBGetConfig                           build/stm32f7xx_hal_flash_ex.o
HAL_FLASHEx_OBProgram                             build/stm32f7xx_hal_flash_ex.o
HAL_FLASH_EndOfOperationCallback                  build/stm32f7xx_hal_flash.o
HAL_FLASH_GetError                                build/stm32f7xx_hal_flash.o
HAL_FLASH_IRQHandler                              build/stm32f7xx_hal_flash.o
HAL_FLASH_Lock                                    build/stm32f7xx_hal_flash.o
HAL_FLASH_OB_Launch                               build/stm32f7xx_hal_flash.o
HAL_FLASH_OB_Lock                                 build/stm32f7xx_hal_flash.o
HAL_FLASH_OB_Unlock                               build/stm32f7xx_hal_flash.o
HAL_FLASH_OperationErrorCallback                  build/stm32f7xx_hal_flash.o
HAL_FLASH_Program                                 build/stm32f7xx_hal_flash.o
HAL_FLASH_Program_IT                              build/stm32f7xx_hal_flash.o
HAL_FLASH_Unlock                                  build/stm32f7xx_hal_flash.o
HAL_GPIO_DeInit                                   build/stm32f7xx_hal_gpio.o
                                                  build/usb_otg.o
                                                  build/usart.o
                                                  build/eth.o
                                                  build/can.o
HAL_GPIO_EXTI_Callback                            build/stm32f7xx_hal_gpio.o
HAL_GPIO_EXTI_IRQHandler                          build/stm32f7xx_hal_gpio.o
HAL_GPIO_Init                                     build/stm32f7xx_hal_gpio.o
                                                  build/stm32f7xx_hal_rcc.o
                                                  build/usb_otg.o
                                                  build/usart.o
                                                  build/eth.o
                                                  build/can.o
                                                  build/gpio.o
HAL_GPIO_LockPin                                  build/stm32f7xx_hal_gpio.o
HAL_GPIO_ReadPin                                  build/stm32f7xx_hal_gpio.o
HAL_GPIO_TogglePin                                build/stm32f7xx_hal_gpio.o
HAL_GPIO_WritePin                                 build/stm32f7xx_hal_gpio.o
                                                  build/gpio.o
HAL_GetDEVID                                      build/stm32f7xx_hal.o
HAL_GetHalVersion                                 build/stm32f7xx_hal.o
HAL_GetREVID                                      build/stm32f7xx_hal.o
HAL_GetTick                                       build/stm32f7xx_hal.o
                                                  build/stm32f7xx_hal_uart_ex.o
                                                  build/stm32f7xx_hal_uart.o
                                                  build/stm32f7xx_hal_eth.o
                                                  build/stm32f7xx_hal_i2c.o
                                                  build/stm32f7xx_hal_pwr_ex.o
                                                  build/stm32f7xx_hal_dma.o
                                                  build/stm32f7xx_hal_flash.o
                                                  build/stm32f7xx_hal_rcc_ex.o
                                                  build/stm32f7xx_hal_rcc.o
                                                  build/stm32f7xx_hal_can.o
HAL_GetTickFreq                                   build/stm32f7xx_hal.o
HAL_GetTickPrio                                   build/stm32f7xx_hal.o
HAL_GetUIDw0                                      build/stm32f7xx_hal.o
HAL_GetUIDw1                                      build/stm32f7xx_hal.o
HAL_GetUIDw2                                      build/stm32f7xx_hal.o
HAL_HalfDuplex_EnableReceiver                     build/stm32f7xx_hal_uart.o
HAL_HalfDuplex_EnableTransmitter                  build/stm32f7xx_hal_uart.o
HAL_HalfDuplex_Init                               build/stm32f7xx_hal_uart.o
HAL_I2CEx_ConfigAnalogFilter                      build/stm32f7xx_hal_i2c_ex.o
HAL_I2CEx_ConfigDigitalFilter                     build/stm32f7xx_hal_i2c_ex.o
HAL_I2CEx_DisableFastModePlus                     build/stm32f7xx_hal_i2c_ex.o
HAL_I2CEx_EnableFastModePlus                      build/stm32f7xx_hal_i2c_ex.o
HAL_I2C_AbortCpltCallback                         build/stm32f7xx_hal_i2c.o
HAL_I2C_AddrCallback                              build/stm32f7xx_hal_i2c.o
HAL_I2C_DeInit                                    build/stm32f7xx_hal_i2c.o
HAL_I2C_DisableListen_IT                          build/stm32f7xx_hal_i2c.o
HAL_I2C_ER_IRQHandler                             build/stm32f7xx_hal_i2c.o
HAL_I2C_EV_IRQHandler                             build/stm32f7xx_hal_i2c.o
HAL_I2C_EnableListen_IT                           build/stm32f7xx_hal_i2c.o
HAL_I2C_ErrorCallback                             build/stm32f7xx_hal_i2c.o
HAL_I2C_GetError                                  build/stm32f7xx_hal_i2c.o
HAL_I2C_GetMode                                   build/stm32f7xx_hal_i2c.o
HAL_I2C_GetState                                  build/stm32f7xx_hal_i2c.o
HAL_I2C_Init                                      build/stm32f7xx_hal_i2c.o
HAL_I2C_IsDeviceReady                             build/stm32f7xx_hal_i2c.o
HAL_I2C_ListenCpltCallback                        build/stm32f7xx_hal_i2c.o
HAL_I2C_MasterRxCpltCallback                      build/stm32f7xx_hal_i2c.o
HAL_I2C_MasterTxCpltCallback                      build/stm32f7xx_hal_i2c.o
HAL_I2C_Master_Abort_IT                           build/stm32f7xx_hal_i2c.o
HAL_I2C_Master_Receive                            build/stm32f7xx_hal_i2c.o
HAL_I2C_Master_Receive_DMA                        build/stm32f7xx_hal_i2c.o
HAL_I2C_Master_Receive_IT                         build/stm32f7xx_hal_i2c.o
HAL_I2C_Master_Seq_Receive_DMA                    build/stm32f7xx_hal_i2c.o
HAL_I2C_Master_Seq_Receive_IT                     build/stm32f7xx_hal_i2c.o
HAL_I2C_Master_Seq_Transmit_DMA                   build/stm32f7xx_hal_i2c.o
HAL_I2C_Master_Seq_Transmit_IT                    build/stm32f7xx_hal_i2c.o
HAL_I2C_Master_Transmit                           build/stm32f7xx_hal_i2c.o
HAL_I2C_Master_Transmit_DMA                       build/stm32f7xx_hal_i2c.o
HAL_I2C_Master_Transmit_IT                        build/stm32f7xx_hal_i2c.o
HAL_I2C_MemRxCpltCallback                         build/stm32f7xx_hal_i2c.o
HAL_I2C_MemTxCpltCallback                         build/stm32f7xx_hal_i2c.o
HAL_I2C_Mem_Read                                  build/stm32f7xx_hal_i2c.o
HAL_I2C_Mem_Read_DMA                              build/stm32f7xx_hal_i2c.o
HAL_I2C_Mem_Read_IT                               build/stm32f7xx_hal_i2c.o
HAL_I2C_Mem_Write                                 build/stm32f7xx_hal_i2c.o
HAL_I2C_Mem_Write_DMA                             build/stm32f7xx_hal_i2c.o
HAL_I2C_Mem_Write_IT                              build/stm32f7xx_hal_i2c.o
HAL_I2C_MspDeInit                                 build/stm32f7xx_hal_i2c.o
HAL_I2C_MspInit                                   build/stm32f7xx_hal_i2c.o
HAL_I2C_SlaveRxCpltCallback                       build/stm32f7xx_hal_i2c.o
HAL_I2C_SlaveTxCpltCallback                       build/stm32f7xx_hal_i2c.o
HAL_I2C_Slave_Receive                             build/stm32f7xx_hal_i2c.o
HAL_I2C_Slave_Receive_DMA                         build/stm32f7xx_hal_i2c.o
HAL_I2C_Slave_Receive_IT                          build/stm32f7xx_hal_i2c.o
HAL_I2C_Slave_Seq_Receive_DMA                     build/stm32f7xx_hal_i2c.o
HAL_I2C_Slave_Seq_Receive_IT                      build/stm32f7xx_hal_i2c.o
HAL_I2C_Slave_Seq_Transmit_DMA                    build/stm32f7xx_hal_i2c.o
HAL_I2C_Slave_Seq_Transmit_IT                     build/stm32f7xx_hal_i2c.o
HAL_I2C_Slave_Transmit                            build/stm32f7xx_hal_i2c.o
HAL_I2C_Slave_Transmit_DMA                        build/stm32f7xx_hal_i2c.o
HAL_I2C_Slave_Transmit_IT                         build/stm32f7xx_hal_i2c.o
HAL_IncTick                                       build/stm32f7xx_hal.o
                                                  build/stm32f7xx_it.o
HAL_Init                                          build/stm32f7xx_hal.o
                                                  build/main.o
HAL_InitTick                                      build/stm32f7xx_hal.o
                                                  build/stm32f7xx_hal_rcc.o
HAL_LIN_Init                                      build/stm32f7xx_hal_uart.o
HAL_LIN_SendBreak                                 build/stm32f7xx_hal_uart.o
HAL_MPU_ConfigRegion                              build/stm32f7xx_hal_cortex.o
                                                  build/main.o
HAL_MPU_Disable                                   build/stm32f7xx_hal_cortex.o
                                                  build/main.o
HAL_MPU_DisableRegion                             build/stm32f7xx_hal_cortex.o
HAL_MPU_Enable                                    build/stm32f7xx_hal_cortex.o
                                                  build/main.o
HAL_MPU_EnableRegion                              build/stm32f7xx_hal_cortex.o
HAL_MspDeInit                                     build/stm32f7xx_hal.o
HAL_MspInit                                       build/stm32f7xx_hal_msp.o
HAL_MultiProcessorEx_AddressLength_Set            build/stm32f7xx_hal_uart_ex.o
HAL_MultiProcessor_DisableMuteMode                build/stm32f7xx_hal_uart.o
HAL_MultiProcessor_EnableMuteMode                 build/stm32f7xx_hal_uart.o
HAL_MultiProcessor_EnterMuteMode                  build/stm32f7xx_hal_uart.o
HAL_MultiProcessor_Init                           build/stm32f7xx_hal_uart.o
HAL_NVIC_ClearPendingIRQ                          build/stm32f7xx_hal_cortex.o
HAL_NVIC_DisableIRQ                               build/stm32f7xx_hal_cortex.o
                                                  build/can.o
HAL_NVIC_EnableIRQ                                build/stm32f7xx_hal_cortex.o
                                                  build/can.o
HAL_NVIC_GetActive                                build/stm32f7xx_hal_cortex.o
HAL_NVIC_GetPendingIRQ                            build/stm32f7xx_hal_cortex.o
HAL_NVIC_GetPriority                              build/stm32f7xx_hal_cortex.o
HAL_NVIC_GetPriorityGrouping                      build/stm32f7xx_hal_cortex.o
HAL_NVIC_SetPendingIRQ                            build/stm32f7xx_hal_cortex.o
HAL_NVIC_SetPriority                              build/stm32f7xx_hal_cortex.o
                                                  build/stm32f7xx_hal.o
                                                  build/can.o
HAL_NVIC_SetPriorityGrouping                      build/stm32f7xx_hal_cortex.o
                                                  build/stm32f7xx_hal.o
HAL_NVIC_SystemReset                              build/stm32f7xx_hal_cortex.o
HAL_PCDEx_ActivateLPM                             build/stm32f7xx_hal_pcd_ex.o
                                                  build/stm32f7xx_hal_pcd.o
HAL_PCDEx_BCD_Callback                            build/stm32f7xx_hal_pcd_ex.o
HAL_PCDEx_DeActivateLPM                           build/stm32f7xx_hal_pcd_ex.o
HAL_PCDEx_LPM_Callback                            build/stm32f7xx_hal_pcd_ex.o
                                                  build/stm32f7xx_hal_pcd.o
HAL_PCDEx_SetRxFiFo                               build/stm32f7xx_hal_pcd_ex.o
HAL_PCDEx_SetTxFiFo                               build/stm32f7xx_hal_pcd_ex.o
HAL_PCD_ActivateRemoteWakeup                      build/stm32f7xx_hal_pcd.o
HAL_PCD_ConnectCallback                           build/stm32f7xx_hal_pcd.o
HAL_PCD_DataInStageCallback                       build/stm32f7xx_hal_pcd.o
HAL_PCD_DataOutStageCallback                      build/stm32f7xx_hal_pcd.o
HAL_PCD_DeActivateRemoteWakeup                    build/stm32f7xx_hal_pcd.o
HAL_PCD_DeInit                                    build/stm32f7xx_hal_pcd.o
HAL_PCD_DevConnect                                build/stm32f7xx_hal_pcd.o
HAL_PCD_DevDisconnect                             build/stm32f7xx_hal_pcd.o
HAL_PCD_DisconnectCallback                        build/stm32f7xx_hal_pcd.o
HAL_PCD_EP_Abort                                  build/stm32f7xx_hal_pcd.o
HAL_PCD_EP_Close                                  build/stm32f7xx_hal_pcd.o
HAL_PCD_EP_ClrStall                               build/stm32f7xx_hal_pcd.o
HAL_PCD_EP_Flush                                  build/stm32f7xx_hal_pcd.o
HAL_PCD_EP_GetRxCount                             build/stm32f7xx_hal_pcd.o
HAL_PCD_EP_Open                                   build/stm32f7xx_hal_pcd.o
HAL_PCD_EP_Receive                                build/stm32f7xx_hal_pcd.o
HAL_PCD_EP_SetStall                               build/stm32f7xx_hal_pcd.o
HAL_PCD_EP_Transmit                               build/stm32f7xx_hal_pcd.o
HAL_PCD_GetState                                  build/stm32f7xx_hal_pcd.o
HAL_PCD_IRQHandler                                build/stm32f7xx_hal_pcd.o
HAL_PCD_ISOINIncompleteCallback                   build/stm32f7xx_hal_pcd.o
HAL_PCD_ISOOUTIncompleteCallback                  build/stm32f7xx_hal_pcd.o
HAL_PCD_Init                                      build/stm32f7xx_hal_pcd.o
                                                  build/usb_otg.o
HAL_PCD_MspDeInit                                 build/usb_otg.o
HAL_PCD_MspInit                                   build/usb_otg.o
HAL_PCD_ResetCallback                             build/stm32f7xx_hal_pcd.o
HAL_PCD_ResumeCallback                            build/stm32f7xx_hal_pcd.o
HAL_PCD_SOFCallback                               build/stm32f7xx_hal_pcd.o
HAL_PCD_SetAddress                                build/stm32f7xx_hal_pcd.o
HAL_PCD_SetTestMode                               build/stm32f7xx_hal_pcd.o
HAL_PCD_SetupStageCallback                        build/stm32f7xx_hal_pcd.o
HAL_PCD_Start                                     build/stm32f7xx_hal_pcd.o
HAL_PCD_Stop                                      build/stm32f7xx_hal_pcd.o
HAL_PCD_SuspendCallback                           build/stm32f7xx_hal_pcd.o
HAL_PCD_WKUP_IRQHandler                           build/stm32f7xx_hal_pcd.o
HAL_PWREx_ControlVoltageScaling                   build/stm32f7xx_hal_pwr_ex.o
HAL_PWREx_DisableBkUpReg                          build/stm32f7xx_hal_pwr_ex.o
HAL_PWREx_DisableFlashPowerDown                   build/stm32f7xx_hal_pwr_ex.o
HAL_PWREx_DisableLowRegulatorLowVoltage           build/stm32f7xx_hal_pwr_ex.o
HAL_PWREx_DisableMainRegulatorLowVoltage          build/stm32f7xx_hal_pwr_ex.o
HAL_PWREx_DisableOverDrive                        build/stm32f7xx_hal_pwr_ex.o
HAL_PWREx_EnableBkUpReg                           build/stm32f7xx_hal_pwr_ex.o
HAL_PWREx_EnableFlashPowerDown                    build/stm32f7xx_hal_pwr_ex.o
HAL_PWREx_EnableLowRegulatorLowVoltage            build/stm32f7xx_hal_pwr_ex.o
HAL_PWREx_EnableMainRegulatorLowVoltage           build/stm32f7xx_hal_pwr_ex.o
HAL_PWREx_EnableOverDrive                         build/stm32f7xx_hal_pwr_ex.o
                                                  build/main.o
HAL_PWREx_EnterUnderDriveSTOPMode                 build/stm32f7xx_hal_pwr_ex.o
HAL_PWREx_GetVoltageRange                         build/stm32f7xx_hal_pwr_ex.o
HAL_PWR_ConfigPVD                                 build/stm32f7xx_hal_pwr.o
HAL_PWR_DeInit                                    build/stm32f7xx_hal_pwr.o
HAL_PWR_DisableBkUpAccess                         build/stm32f7xx_hal_pwr.o
HAL_PWR_DisablePVD                                build/stm32f7xx_hal_pwr.o
HAL_PWR_DisableSEVOnPend                          build/stm32f7xx_hal_pwr.o
HAL_PWR_DisableSleepOnExit                        build/stm32f7xx_hal_pwr.o
HAL_PWR_DisableWakeUpPin                          build/stm32f7xx_hal_pwr.o
HAL_PWR_EnableBkUpAccess                          build/stm32f7xx_hal_pwr.o
                                                  build/main.o
HAL_PWR_EnablePVD                                 build/stm32f7xx_hal_pwr.o
HAL_PWR_EnableSEVOnPend                           build/stm32f7xx_hal_pwr.o
HAL_PWR_EnableSleepOnExit                         build/stm32f7xx_hal_pwr.o
HAL_PWR_EnableWakeUpPin                           build/stm32f7xx_hal_pwr.o
HAL_PWR_EnterSLEEPMode                            build/stm32f7xx_hal_pwr.o
HAL_PWR_EnterSTANDBYMode                          build/stm32f7xx_hal_pwr.o
HAL_PWR_EnterSTOPMode                             build/stm32f7xx_hal_pwr.o
HAL_PWR_PVDCallback                               build/stm32f7xx_hal_pwr.o
HAL_PWR_PVD_IRQHandler                            build/stm32f7xx_hal_pwr.o
HAL_RCCEx_DisablePLLI2S                           build/stm32f7xx_hal_rcc_ex.o
HAL_RCCEx_DisablePLLSAI                           build/stm32f7xx_hal_rcc_ex.o
HAL_RCCEx_EnablePLLI2S                            build/stm32f7xx_hal_rcc_ex.o
HAL_RCCEx_EnablePLLSAI                            build/stm32f7xx_hal_rcc_ex.o
HAL_RCCEx_GetPeriphCLKConfig                      build/stm32f7xx_hal_rcc_ex.o
HAL_RCCEx_GetPeriphCLKFreq                        build/stm32f7xx_hal_rcc_ex.o
HAL_RCCEx_PeriphCLKConfig                         build/stm32f7xx_hal_rcc_ex.o
                                                  build/usb_otg.o
                                                  build/usart.o
HAL_RCC_CSSCallback                               build/stm32f7xx_hal_rcc.o
HAL_RCC_ClockConfig                               build/stm32f7xx_hal_rcc.o
                                                  build/main.o
HAL_RCC_DeInit                                    build/stm32f7xx_hal_rcc.o
HAL_RCC_DisableCSS                                build/stm32f7xx_hal_rcc.o
HAL_RCC_EnableCSS                                 build/stm32f7xx_hal_rcc.o
HAL_RCC_GetClockConfig                            build/stm32f7xx_hal_rcc.o
HAL_RCC_GetHCLKFreq                               build/stm32f7xx_hal_rcc.o
                                                  build/stm32f7xx_hal_pcd.o
                                                  build/stm32f7xx_hal_eth.o
HAL_RCC_GetOscConfig                              build/stm32f7xx_hal_rcc.o
HAL_RCC_GetPCLK1Freq                              build/stm32f7xx_hal_rcc.o
                                                  build/stm32f7xx_hal_uart.o
HAL_RCC_GetPCLK2Freq                              build/stm32f7xx_hal_rcc.o
                                                  build/stm32f7xx_hal_uart.o
HAL_RCC_GetSysClockFreq                           build/stm32f7xx_hal_rcc.o
                                                  build/stm32f7xx_hal_uart.o
HAL_RCC_MCOConfig                                 build/stm32f7xx_hal_rcc.o
HAL_RCC_NMI_IRQHandler                            build/stm32f7xx_hal_rcc.o
HAL_RCC_OscConfig                                 build/stm32f7xx_hal_rcc.o
                                                  build/main.o
HAL_RS485Ex_Init                                  build/stm32f7xx_hal_uart_ex.o
HAL_ResumeTick                                    build/stm32f7xx_hal.o
HAL_SYSTICK_CLKSourceConfig                       build/stm32f7xx_hal_cortex.o
HAL_SYSTICK_Callback                              build/stm32f7xx_hal_cortex.o
HAL_SYSTICK_Config                                build/stm32f7xx_hal_cortex.o
                                                  build/stm32f7xx_hal.o
HAL_SYSTICK_IRQHandler                            build/stm32f7xx_hal_cortex.o
HAL_SetTickFreq                                   build/stm32f7xx_hal.o
HAL_SuspendTick                                   build/stm32f7xx_hal.o
HAL_UARTEx_DisableClockStopMode                   build/stm32f7xx_hal_uart_ex.o
HAL_UARTEx_DisableStopMode                        build/stm32f7xx_hal_uart_ex.o
HAL_UARTEx_EnableClockStopMode                    build/stm32f7xx_hal_uart_ex.o
HAL_UARTEx_EnableStopMode                         build/stm32f7xx_hal_uart_ex.o
HAL_UARTEx_GetRxEventType                         build/stm32f7xx_hal_uart_ex.o
HAL_UARTEx_ReceiveToIdle                          build/stm32f7xx_hal_uart_ex.o
HAL_UARTEx_ReceiveToIdle_DMA                      build/stm32f7xx_hal_uart_ex.o
HAL_UARTEx_ReceiveToIdle_IT                       build/stm32f7xx_hal_uart_ex.o
HAL_UARTEx_RxEventCallback                        build/stm32f7xx_hal_uart.o
HAL_UARTEx_StopModeWakeUpSourceConfig             build/stm32f7xx_hal_uart_ex.o
HAL_UARTEx_WakeupCallback                         build/stm32f7xx_hal_uart.o
HAL_UART_Abort                                    build/stm32f7xx_hal_uart.o
HAL_UART_AbortCpltCallback                        build/stm32f7xx_hal_uart.o
HAL_UART_AbortReceive                             build/stm32f7xx_hal_uart.o
HAL_UART_AbortReceiveCpltCallback                 build/stm32f7xx_hal_uart.o
HAL_UART_AbortReceive_IT                          build/stm32f7xx_hal_uart.o
HAL_UART_AbortTransmit                            build/stm32f7xx_hal_uart.o
HAL_UART_AbortTransmitCpltCallback                build/stm32f7xx_hal_uart.o
HAL_UART_AbortTransmit_IT                         build/stm32f7xx_hal_uart.o
HAL_UART_Abort_IT                                 build/stm32f7xx_hal_uart.o
HAL_UART_DMAPause                                 build/stm32f7xx_hal_uart.o
HAL_UART_DMAResume                                build/stm32f7xx_hal_uart.o
HAL_UART_DMAStop                                  build/stm32f7xx_hal_uart.o
HAL_UART_DeInit                                   build/stm32f7xx_hal_uart.o
HAL_UART_DisableReceiverTimeout                   build/stm32f7xx_hal_uart.o
HAL_UART_EnableReceiverTimeout                    build/stm32f7xx_hal_uart.o
HAL_UART_ErrorCallback                            build/stm32f7xx_hal_uart.o
HAL_UART_GetError                                 build/stm32f7xx_hal_uart.o
HAL_UART_GetState                                 build/stm32f7xx_hal_uart.o
HAL_UART_IRQHandler                               build/stm32f7xx_hal_uart.o
HAL_UART_Init                                     build/stm32f7xx_hal_uart.o
                                                  build/usart.o
HAL_UART_MspDeInit                                build/usart.o
HAL_UART_MspInit                                  build/usart.o
                                                  build/stm32f7xx_hal_uart_ex.o
HAL_UART_Receive                                  build/stm32f7xx_hal_uart.o
HAL_UART_Receive_DMA                              build/stm32f7xx_hal_uart.o
HAL_UART_Receive_IT                               build/stm32f7xx_hal_uart.o
HAL_UART_ReceiverTimeout_Config                   build/stm32f7xx_hal_uart.o
HAL_UART_RxCpltCallback                           build/stm32f7xx_hal_uart.o
HAL_UART_RxHalfCpltCallback                       build/stm32f7xx_hal_uart.o
HAL_UART_Transmit                                 build/stm32f7xx_hal_uart.o
HAL_UART_Transmit_DMA                             build/stm32f7xx_hal_uart.o
HAL_UART_Transmit_IT                              build/stm32f7xx_hal_uart.o
HAL_UART_TxCpltCallback                           build/stm32f7xx_hal_uart.o
HAL_UART_TxHalfCpltCallback                       build/stm32f7xx_hal_uart.o
HardFault_Handler                                 build/stm32f7xx_it.o
I2C1_ER_IRQHandler                                build/startup_stm32f767xx.o
I2C1_EV_IRQHandler                                build/startup_stm32f767xx.o
I2C2_ER_IRQHandler                                build/startup_stm32f767xx.o
I2C2_EV_IRQHandler                                build/startup_stm32f767xx.o
I2C3_ER_IRQHandler                                build/startup_stm32f767xx.o
I2C3_EV_IRQHandler                                build/startup_stm32f767xx.o
I2C4_ER_IRQHandler                                build/startup_stm32f767xx.o
I2C4_EV_IRQHandler                                build/startup_stm32f767xx.o
JPEG_IRQHandler                                   build/startup_stm32f767xx.o
LPTIM1_IRQHandler                                 build/startup_stm32f767xx.o
LTDC_ER_IRQHandler                                build/startup_stm32f767xx.o
LTDC_IRQHandler                                   build/startup_stm32f767xx.o
MDIOS_IRQHandler                                  build/startup_stm32f767xx.o
MX_CAN1_Init                                      build/can.o
                                                  build/main.o
MX_ETH_Init                                       build/eth.o
                                                  build/main.o
MX_GPIO_Init                                      build/gpio.o
                                                  build/main.o
MX_USART3_UART_Init                               build/usart.o
                                                  build/main.o
MX_USB_OTG_FS_PCD_Init                            build/usb_otg.o
                                                  build/main.o
MemManage_Handler                                 build/stm32f7xx_it.o
NMI_Handler                                       build/stm32f7xx_it.o
OTG_FS_IRQHandler                                 build/startup_stm32f767xx.o
OTG_FS_WKUP_IRQHandler                            build/startup_stm32f767xx.o
OTG_HS_EP1_IN_IRQHandler                          build/startup_stm32f767xx.o
OTG_HS_EP1_OUT_IRQHandler                         build/startup_stm32f767xx.o
OTG_HS_IRQHandler                                 build/startup_stm32f767xx.o
OTG_HS_WKUP_IRQHandler                            build/startup_stm32f767xx.o